<html>
<body>
<pre>
<h1>µVision Build Log</h1>
<h2>Tool Versions:</h2>
IDE-Version: µVision V5.29.0.0
Copyright (C) 2019 ARM Ltd and ARM Germany GmbH. All rights reserved.
License Information: Marianne Gues, INSA Toulouse, LIC=----
 
Tool Versions:
Toolchain:       MDK-Lite  Version: 5.29.0.0
Toolchain Path:  C:\Keil_v5\ARM\ARMCC\Bin
C Compiler:      Armcc.exe V5.06 update 6 (build 750)
Assembler:       Armasm.exe V5.06 update 6 (build 750)
Linker/Locator:  ArmLink.exe V5.06 update 6 (build 750)
Library Manager: ArmAr.exe V5.06 update 6 (build 750)
Hex Converter:   FromElf.exe V5.06 update 6 (build 750)
CPU DLL:         SARMCM3.DLL V5.29.0.0
Dialog DLL:      DARMSTM.DLL V1.68.0.0
Target DLL:      UL2CM3.DLL V1.163.0.0
Dialog DLL:      TARMSTM.DLL V1.66.0.0
 
<h2>Project:</h2>
C:\Users\Marianne\Desktop\4a-projet-voilier\MDK-ARM\Project.uvprojx
Project File Date:  11/16/2020

<h2>Output:</h2>
*** Using Compiler 'V5.06 update 6 (build 750)', folder: 'C:\Keil_v5\ARM\ARMCC\Bin'
Rebuild target 'NUCLEO-F103RB'
compiling Communication.c...
compiling EmetteurRF.c...
..\Peripheriques\EmetteurRF.c(1): warning:  #1-D: last line of file ends without a newline
  #include "EmetteurRF.h"
..\Peripheriques\EmetteurRF.c: 1 warning, 0 errors
compiling ControleMoteur.c...
compiling Girouette.c...
compiling main.c...
..\MyDrivers\MyADC.h(26): warning:  #1-D: last line of file ends without a newline
  	int MyADC_get_value(ADC_TypeDef* ADCx);
../Src/main.c: 1 warning, 0 errors
compiling Moteur.c...
compiling ControleVoile.c...
..\MyDrivers\MyADC.h(26): warning:  #1-D: last line of file ends without a newline
  	int MyADC_get_value(ADC_TypeDef* ADCx);
..\Services\ControleVoile.c: 1 warning, 0 errors
compiling Accelerometre.c...
..\MyDrivers\MyADC.h(26): warning:  #1-D: last line of file ends without a newline
  	int MyADC_get_value(ADC_TypeDef* ADCx);
..\Peripheriques\Accelerometre.c(19): warning:  #1-D: last line of file ends without a newline
  }
..\Peripheriques\Accelerometre.c: 2 warnings, 0 errors
compiling Batterie.c...
..\MyDrivers\MyADC.h(26): warning:  #1-D: last line of file ends without a newline
  	int MyADC_get_value(ADC_TypeDef* ADCx);
..\Peripheriques\Batterie.c: 1 warning, 0 errors
compiling RecepteurRF.c...
compiling ServoMoteur.c...
compiling MyGPIO.c...
compiling MyTimer.c...
..\MyDrivers\MyTimer.c(324): warning:  #1-D: last line of file ends without a newline
  	
..\MyDrivers\MyTimer.c: 1 warning, 0 errors
compiling stm32f1xx_ll_rcc.c...
assembling startup_stm32f103xb.s...
compiling MyADC.c...
..\MyDrivers\MyADC.h(26): warning:  #1-D: last line of file ends without a newline
  	int MyADC_get_value(ADC_TypeDef* ADCx);
..\MyDrivers\MyADC.c(33): warning:  #1-D: last line of file ends without a newline
  }
..\MyDrivers\MyADC.c(24): warning:  #177-D: variable "conversion_finie"  was declared but never referenced
  	int conversion_finie=0;
..\MyDrivers\MyADC.c: 3 warnings, 0 errors
compiling stm32f1xx_ll_utils.c...
compiling system_stm32f1xx.c...
compiling stm32f1xx_ll_gpio.c...
compiling stm32f1xx_ll_tim.c...
linking...
Program Size: Code=7172 RO-data=452 RW-data=28 ZI-data=1028  
"NUCLEO-F103RB\NUCLEO-F103RB.axf" - 0 Error(s), 10 Warning(s).

<h2>Software Packages used:</h2>

Package Vendor: ARM
                http://www.keil.com/pack/ARM.CMSIS.5.6.0.pack
                ARM.CMSIS.5.6.0
                CMSIS (Cortex Microcontroller Software Interface Standard)
   * Component: CORE Version: 5.3.0

Package Vendor: Keil
                http://www.keil.com/pack/Keil.STM32F1xx_DFP.2.3.0.pack
                Keil.STM32F1xx_DFP.2.3.0
                STMicroelectronics STM32F1 Series Device Support, Drivers and Examples

<h2>Collection of Component include folders:</h2>
  .\RTE\_NUCLEO-F103RB
  C:\Users\Marianne\AppData\Local\Arm\Packs\ARM\CMSIS\5.6.0\CMSIS\Core\Include
  C:\Users\Marianne\AppData\Local\Arm\Packs\Keil\STM32F1xx_DFP\2.3.0\Device\Include

<h2>Collection of Component Files used:</h2>

   * Component: ARM::CMSIS:CORE:5.3.0
Build Time Elapsed:  00:00:06
</pre>
</body>
</html>
