Component: ARM Compiler 5.06 update 6 (build 750) Tool: armlink [4d35ed]

==============================================================================

Section Cross References

    main.o(i.SystemClock_Config) refers to stm32f1xx_ll_utils.o(i.LL_Init1msTick) for LL_Init1msTick
    main.o(i.SystemClock_Config) refers to stm32f1xx_ll_utils.o(i.LL_SetSystemCoreClock) for LL_SetSystemCoreClock
    main.o(i.main) refers to main.o(i.SystemClock_Config) for SystemClock_Config
    main.o(i.main) refers to servomoteur.o(i.timerConfServo) for timerConfServo
    main.o(i.main) refers to servomoteur.o(i.GPIOConfServo) for GPIOConfServo
    main.o(i.main) refers to servomoteur.o(i.setAngleVoile) for setAngleVoile
    controlemoteur.o(i.confDriversMoteur) refers to moteur.o(i.Moteur_Conf) for Moteur_Conf
    controlemoteur.o(i.confDriversMoteur) refers to recepteurrf.o(i.RecepteurRF_Conf) for RecepteurRF_Conf
    controlemoteur.o(i.reglerCap) refers to recepteurrf.o(i.getCap) for getCap
    controlemoteur.o(i.reglerCap) refers to moteur.o(i.setCap) for setCap
    controlemoteur.o(i.reglerVitesseMot) refers to recepteurrf.o(i.getVitesse) for getVitesse
    controlemoteur.o(i.reglerVitesseMot) refers to dfixi.o(.text) for __aeabi_d2iz
    controlemoteur.o(i.reglerVitesseMot) refers to moteur.o(i.setVitesse) for setVitesse
    controlevoile.o(i.confDriversVoile) refers to servomoteur.o(i.GPIOConfServo) for GPIOConfServo
    controlevoile.o(i.confDriversVoile) refers to servomoteur.o(i.timerConfServo) for timerConfServo
    controlevoile.o(i.confDriversVoile) refers to girouette.o(i.GPIOConfGirouette) for GPIOConfGirouette
    controlevoile.o(i.confDriversVoile) refers to girouette.o(i.timerConfGirouette) for timerConfGirouette
    controlevoile.o(i.confDriversVoile) refers to accelerometre.o(i.GPIOConfAccelero) for GPIOConfAccelero
    controlevoile.o(i.confDriversVoile) refers to girouette.o(i.initAngleGirouette) for initAngleGirouette
    controlevoile.o(i.reglerVoile) refers to accelerometre.o(i.getAngleRoulis) for getAngleRoulis
    controlevoile.o(i.reglerVoile) refers to servomoteur.o(i.setAngleVoile) for setAngleVoile
    controlevoile.o(i.reglerVoile) refers to girouette.o(i.getAngleVent) for getAngleVent
    controlevoile.o(i.reglerVoile) refers to dflti.o(.text) for __aeabi_i2d
    accelerometre.o(i.ADCConfAccelero) refers to myadc.o(i.MyADC_conf) for MyADC_conf
    accelerometre.o(i.GPIOConfAccelero) refers to mygpio.o(i.MyGPIO_pin_conf) for MyGPIO_pin_conf
    accelerometre.o(i.getAngleRoulis) refers to myadc.o(i.MyADC_get_value) for MyADC_get_value
    accelerometre.o(i.getAngleRoulis) refers to dflti.o(.text) for __aeabi_i2d
    accelerometre.o(i.getAngleRoulis) refers to ddiv.o(.text) for __aeabi_ddiv
    accelerometre.o(i.getAngleRoulis) refers to acos.o(i.acos) for acos
    accelerometre.o(i.getAngleRoulis) refers to dfixi.o(.text) for __aeabi_d2iz
    batterie.o(i.Batterie_Conf) refers to mygpio.o(i.MyGPIO_pin_conf) for MyGPIO_pin_conf
    girouette.o(i.GPIOConfGirouette) refers to mygpio.o(i.MyGPIO_pin_conf) for MyGPIO_pin_conf
    girouette.o(i.getAngleVent) refers to mytimer.o(i.Get_Count_Timer) for Get_Count_Timer
    girouette.o(i.initAngleGirouette) refers to mygpio.o(i.MyGPIO_wait_for_pin) for MyGPIO_wait_for_pin
    girouette.o(i.initAngleGirouette) refers to mytimer.o(i.Reset_Count_Timer) for Reset_Count_Timer
    girouette.o(i.timerConfGirouette) refers to mytimer.o(i.EncoderMode_Init) for EncoderMode_Init
    moteur.o(i.Moteur_Conf) refers to mygpio.o(i.MyGPIO_pin_conf) for MyGPIO_pin_conf
    moteur.o(i.Moteur_Conf) refers to mytimer.o(i.PWM_Init) for PWM_Init
    moteur.o(i.setVitesse) refers to mytimer.o(i.PWM_Set_CCR) for PWM_Set_CCR
    recepteurrf.o(i.RecepteurRF_Conf) refers to mygpio.o(i.MyGPIO_pin_conf) for MyGPIO_pin_conf
    recepteurrf.o(i.RecepteurRF_Conf) refers to mytimer.o(i.PWM_Init) for PWM_Init
    recepteurrf.o(i.RecepteurRF_Get_Duty_Cycle) refers to dfltui.o(.text) for __aeabi_ui2d
    recepteurrf.o(i.RecepteurRF_Get_Duty_Cycle) refers to dmul.o(.text) for __aeabi_dmul
    recepteurrf.o(i.RecepteurRF_Get_Duty_Cycle) refers to ddiv.o(.text) for __aeabi_ddiv
    recepteurrf.o(i.getCap) refers to recepteurrf.o(i.RecepteurRF_Get_Duty_Cycle) for RecepteurRF_Get_Duty_Cycle
    recepteurrf.o(i.getCap) refers to cdcmple.o(.text) for __aeabi_cdcmple
    recepteurrf.o(i.getVitesse) refers to recepteurrf.o(i.RecepteurRF_Get_Duty_Cycle) for RecepteurRF_Get_Duty_Cycle
    recepteurrf.o(i.getVitesse) refers to dadd.o(.text) for __aeabi_dsub
    recepteurrf.o(i.getVitesse) refers to dmul.o(.text) for __aeabi_dmul
    recepteurrf.o(i.getVitesse) refers to ddiv.o(.text) for __aeabi_ddiv
    servomoteur.o(i.GPIOConfServo) refers to mygpio.o(i.MyGPIO_pin_conf) for MyGPIO_pin_conf
    servomoteur.o(i.setAngleVoile) refers to dflti.o(.text) for __aeabi_i2d
    servomoteur.o(i.setAngleVoile) refers to pow.o(i.pow) for pow
    servomoteur.o(i.setAngleVoile) refers to ddiv.o(.text) for __aeabi_ddiv
    servomoteur.o(i.setAngleVoile) refers to dmul.o(.text) for __aeabi_dmul
    servomoteur.o(i.setAngleVoile) refers to dfixi.o(.text) for __aeabi_d2iz
    servomoteur.o(i.setAngleVoile) refers to mytimer.o(i.PWM_Set_CCR) for PWM_Set_CCR
    servomoteur.o(i.setAngleVoile) refers to servomoteur.o(.data) for resPWM
    servomoteur.o(i.timerConfServo) refers to mytimer.o(i.PWM_Init) for PWM_Init
    servomoteur.o(i.timerConfServo) refers to dfixi.o(.text) for __aeabi_d2iz
    servomoteur.o(i.timerConfServo) refers to mytimer.o(i.MyTimer_Start) for MyTimer_Start
    servomoteur.o(i.timerConfServo) refers to mytimer.o(i.PWM_Set_CCR) for PWM_Set_CCR
    servomoteur.o(i.timerConfServo) refers to servomoteur.o(.data) for resPWM
    mytimer.o(i.EncoderMode_Init) refers to mytimer.o(i.MyTimer_Conf) for MyTimer_Conf
    mytimer.o(i.LL_TIM_IC_SetPolarity) refers to mytimer.o(.constdata) for SHIFT_TAB_CCxP
    mytimer.o(i.LL_TIM_OC_SetMode) refers to mytimer.o(.constdata) for OFFSET_TAB_CCMRx
    mytimer.o(i.MyTimer_Conf) refers to mytimer.o(i.LL_APB1_GRP1_EnableClock) for LL_APB1_GRP1_EnableClock
    mytimer.o(i.MyTimer_Conf) refers to stm32f1xx_ll_tim.o(i.LL_TIM_Init) for LL_TIM_Init
    mytimer.o(i.MyTimer_Conf) refers to mytimer.o(i.LL_TIM_DisableIT_UPDATE) for LL_TIM_DisableIT_UPDATE
    mytimer.o(i.MyTimer_Conf) refers to mytimer.o(i.LL_TIM_DisableCounter) for LL_TIM_DisableCounter
    mytimer.o(i.MyTimer_IT_Conf) refers to mytimer.o(i.LL_TIM_DisableIT_UPDATE) for LL_TIM_DisableIT_UPDATE
    mytimer.o(i.MyTimer_IT_Conf) refers to mytimer.o(.data) for Ptr_ItFct_TIM1
    mytimer.o(i.MyTimer_IT_Disable) refers to mytimer.o(i.LL_TIM_DisableIT_UPDATE) for LL_TIM_DisableIT_UPDATE
    mytimer.o(i.MyTimer_Stop) refers to mytimer.o(i.LL_TIM_DisableCounter) for LL_TIM_DisableCounter
    mytimer.o(i.PWM_Init) refers to fdiv.o(.text) for __aeabi_fdiv
    mytimer.o(i.PWM_Init) refers to f2d.o(.text) for __aeabi_f2d
    mytimer.o(i.PWM_Init) refers to dmul.o(.text) for __aeabi_dmul
    mytimer.o(i.PWM_Init) refers to dadd.o(.text) for __aeabi_dsub
    mytimer.o(i.PWM_Init) refers to dfixi.o(.text) for __aeabi_d2iz
    mytimer.o(i.PWM_Init) refers to mytimer.o(i.MyTimer_Conf) for MyTimer_Conf
    mytimer.o(i.PWM_Init) refers to log2.o(i.log2) for log2
    mytimer.o(i.PWM_Init) refers to mytimer.o(i.LL_TIM_OC_SetMode) for LL_TIM_OC_SetMode
    mytimer.o(i.PWM_Init) refers to dfixui.o(.text) for __aeabi_d2uiz
    mytimer.o(i.PWM_Init) refers to mytimer.o(i.LL_TIM_IC_SetPolarity) for LL_TIM_IC_SetPolarity
    mytimer.o(i.TIM1_UP_IRQHandler) refers to mytimer.o(i.LL_TIM_ClearFlag_UPDATE) for LL_TIM_ClearFlag_UPDATE
    mytimer.o(i.TIM1_UP_IRQHandler) refers to mytimer.o(.data) for Ptr_ItFct_TIM1
    mytimer.o(i.TIM2_IRQHandler) refers to mytimer.o(i.LL_TIM_ClearFlag_UPDATE) for LL_TIM_ClearFlag_UPDATE
    mytimer.o(i.TIM2_IRQHandler) refers to mytimer.o(.data) for Ptr_ItFct_TIM2
    mytimer.o(i.TIM3_IRQHandler) refers to mytimer.o(i.LL_TIM_ClearFlag_UPDATE) for LL_TIM_ClearFlag_UPDATE
    mytimer.o(i.TIM3_IRQHandler) refers to mytimer.o(.data) for Ptr_ItFct_TIM3
    mytimer.o(i.TIM4_IRQHandler) refers to mytimer.o(i.LL_TIM_ClearFlag_UPDATE) for LL_TIM_ClearFlag_UPDATE
    mytimer.o(i.TIM4_IRQHandler) refers to mytimer.o(.data) for Ptr_ItFct_TIM4
    mygpio.o(i.MyGPIO_pin_conf) refers to mygpio.o(i.LL_GPIO_SetPinMode) for LL_GPIO_SetPinMode
    mygpio.o(i.MyGPIO_pin_conf) refers to mygpio.o(i.LL_GPIO_SetPinOutputType) for LL_GPIO_SetPinOutputType
    stm32f1xx_ll_rcc.o(i.LL_RCC_DeInit) refers to stm32f1xx_ll_rcc.o(i.LL_RCC_PLL_IsReady) for LL_RCC_PLL_IsReady
    stm32f1xx_ll_rcc.o(i.LL_RCC_GetADCClockFreq) refers to main.o(i.assert_failed) for assert_failed
    stm32f1xx_ll_rcc.o(i.LL_RCC_GetADCClockFreq) refers to stm32f1xx_ll_rcc.o(i.RCC_GetSystemClockFreq) for RCC_GetSystemClockFreq
    stm32f1xx_ll_rcc.o(i.LL_RCC_GetADCClockFreq) refers to stm32f1xx_ll_rcc.o(i.RCC_GetHCLKClockFreq) for RCC_GetHCLKClockFreq
    stm32f1xx_ll_rcc.o(i.LL_RCC_GetADCClockFreq) refers to stm32f1xx_ll_rcc.o(i.RCC_GetPCLK2ClockFreq) for RCC_GetPCLK2ClockFreq
    stm32f1xx_ll_rcc.o(i.LL_RCC_GetSystemClocksFreq) refers to stm32f1xx_ll_rcc.o(i.RCC_GetSystemClockFreq) for RCC_GetSystemClockFreq
    stm32f1xx_ll_rcc.o(i.LL_RCC_GetSystemClocksFreq) refers to stm32f1xx_ll_rcc.o(i.RCC_GetHCLKClockFreq) for RCC_GetHCLKClockFreq
    stm32f1xx_ll_rcc.o(i.LL_RCC_GetSystemClocksFreq) refers to stm32f1xx_ll_rcc.o(i.RCC_GetPCLK1ClockFreq) for RCC_GetPCLK1ClockFreq
    stm32f1xx_ll_rcc.o(i.LL_RCC_GetSystemClocksFreq) refers to stm32f1xx_ll_rcc.o(i.RCC_GetPCLK2ClockFreq) for RCC_GetPCLK2ClockFreq
    stm32f1xx_ll_rcc.o(i.LL_RCC_GetUSBClockFreq) refers to main.o(i.assert_failed) for assert_failed
    stm32f1xx_ll_rcc.o(i.LL_RCC_GetUSBClockFreq) refers to stm32f1xx_ll_rcc.o(i.LL_RCC_PLL_IsReady) for LL_RCC_PLL_IsReady
    stm32f1xx_ll_rcc.o(i.LL_RCC_GetUSBClockFreq) refers to stm32f1xx_ll_rcc.o(i.RCC_PLL_GetFreqDomain_SYS) for RCC_PLL_GetFreqDomain_SYS
    stm32f1xx_ll_rcc.o(i.RCC_GetHCLKClockFreq) refers to system_stm32f1xx.o(.constdata) for AHBPrescTable
    stm32f1xx_ll_rcc.o(i.RCC_GetPCLK1ClockFreq) refers to system_stm32f1xx.o(.constdata) for APBPrescTable
    stm32f1xx_ll_rcc.o(i.RCC_GetPCLK2ClockFreq) refers to system_stm32f1xx.o(.constdata) for APBPrescTable
    stm32f1xx_ll_rcc.o(i.RCC_GetSystemClockFreq) refers to stm32f1xx_ll_rcc.o(i.RCC_PLL_GetFreqDomain_SYS) for RCC_PLL_GetFreqDomain_SYS
    stm32f1xx_ll_utils.o(i.LL_PLL_ConfigSystemClock_HSE) refers to main.o(i.assert_failed) for assert_failed
    stm32f1xx_ll_utils.o(i.LL_PLL_ConfigSystemClock_HSE) refers to stm32f1xx_ll_utils.o(i.UTILS_PLL_IsBusy) for UTILS_PLL_IsBusy
    stm32f1xx_ll_utils.o(i.LL_PLL_ConfigSystemClock_HSE) refers to stm32f1xx_ll_utils.o(i.UTILS_GetPLLOutputFrequency) for UTILS_GetPLLOutputFrequency
    stm32f1xx_ll_utils.o(i.LL_PLL_ConfigSystemClock_HSE) refers to stm32f1xx_ll_utils.o(i.LL_RCC_HSE_IsReady) for LL_RCC_HSE_IsReady
    stm32f1xx_ll_utils.o(i.LL_PLL_ConfigSystemClock_HSE) refers to stm32f1xx_ll_utils.o(i.LL_RCC_PLL_ConfigDomain_SYS) for LL_RCC_PLL_ConfigDomain_SYS
    stm32f1xx_ll_utils.o(i.LL_PLL_ConfigSystemClock_HSE) refers to stm32f1xx_ll_utils.o(i.UTILS_EnablePLLAndSwitchSystem) for UTILS_EnablePLLAndSwitchSystem
    stm32f1xx_ll_utils.o(i.LL_PLL_ConfigSystemClock_HSI) refers to stm32f1xx_ll_utils.o(i.UTILS_PLL_IsBusy) for UTILS_PLL_IsBusy
    stm32f1xx_ll_utils.o(i.LL_PLL_ConfigSystemClock_HSI) refers to stm32f1xx_ll_utils.o(i.UTILS_GetPLLOutputFrequency) for UTILS_GetPLLOutputFrequency
    stm32f1xx_ll_utils.o(i.LL_PLL_ConfigSystemClock_HSI) refers to stm32f1xx_ll_utils.o(i.LL_RCC_HSI_IsReady) for LL_RCC_HSI_IsReady
    stm32f1xx_ll_utils.o(i.LL_PLL_ConfigSystemClock_HSI) refers to stm32f1xx_ll_utils.o(i.LL_RCC_PLL_ConfigDomain_SYS) for LL_RCC_PLL_ConfigDomain_SYS
    stm32f1xx_ll_utils.o(i.LL_PLL_ConfigSystemClock_HSI) refers to stm32f1xx_ll_utils.o(i.UTILS_EnablePLLAndSwitchSystem) for UTILS_EnablePLLAndSwitchSystem
    stm32f1xx_ll_utils.o(i.LL_SetSystemCoreClock) refers to system_stm32f1xx.o(.data) for SystemCoreClock
    stm32f1xx_ll_utils.o(i.UTILS_EnablePLLAndSwitchSystem) refers to main.o(i.assert_failed) for assert_failed
    stm32f1xx_ll_utils.o(i.UTILS_EnablePLLAndSwitchSystem) refers to stm32f1xx_ll_utils.o(i.UTILS_SetFlashLatency) for UTILS_SetFlashLatency
    stm32f1xx_ll_utils.o(i.UTILS_EnablePLLAndSwitchSystem) refers to stm32f1xx_ll_utils.o(i.LL_RCC_PLL_IsReady) for LL_RCC_PLL_IsReady
    stm32f1xx_ll_utils.o(i.UTILS_EnablePLLAndSwitchSystem) refers to stm32f1xx_ll_utils.o(i.LL_SetSystemCoreClock) for LL_SetSystemCoreClock
    stm32f1xx_ll_utils.o(i.UTILS_EnablePLLAndSwitchSystem) refers to system_stm32f1xx.o(.constdata) for AHBPrescTable
    stm32f1xx_ll_utils.o(i.UTILS_EnablePLLAndSwitchSystem) refers to system_stm32f1xx.o(.data) for SystemCoreClock
    stm32f1xx_ll_utils.o(i.UTILS_GetPLLOutputFrequency) refers to main.o(i.assert_failed) for assert_failed
    stm32f1xx_ll_utils.o(i.UTILS_PLL_IsBusy) refers to stm32f1xx_ll_utils.o(i.LL_RCC_PLL_IsReady) for LL_RCC_PLL_IsReady
    stm32f1xx_ll_tim.o(i.IC1Config) refers to main.o(i.assert_failed) for assert_failed
    stm32f1xx_ll_tim.o(i.IC2Config) refers to main.o(i.assert_failed) for assert_failed
    stm32f1xx_ll_tim.o(i.IC3Config) refers to main.o(i.assert_failed) for assert_failed
    stm32f1xx_ll_tim.o(i.IC4Config) refers to main.o(i.assert_failed) for assert_failed
    stm32f1xx_ll_tim.o(i.LL_TIM_BDTR_Init) refers to main.o(i.assert_failed) for assert_failed
    stm32f1xx_ll_tim.o(i.LL_TIM_DeInit) refers to main.o(i.assert_failed) for assert_failed
    stm32f1xx_ll_tim.o(i.LL_TIM_DeInit) refers to stm32f1xx_ll_tim.o(i.LL_APB1_GRP1_ForceReset) for LL_APB1_GRP1_ForceReset
    stm32f1xx_ll_tim.o(i.LL_TIM_DeInit) refers to stm32f1xx_ll_tim.o(i.LL_APB1_GRP1_ReleaseReset) for LL_APB1_GRP1_ReleaseReset
    stm32f1xx_ll_tim.o(i.LL_TIM_ENCODER_Init) refers to main.o(i.assert_failed) for assert_failed
    stm32f1xx_ll_tim.o(i.LL_TIM_HALLSENSOR_Init) refers to main.o(i.assert_failed) for assert_failed
    stm32f1xx_ll_tim.o(i.LL_TIM_HALLSENSOR_Init) refers to stm32f1xx_ll_tim.o(i.LL_TIM_OC_SetCompareCH2) for LL_TIM_OC_SetCompareCH2
    stm32f1xx_ll_tim.o(i.LL_TIM_IC_Init) refers to stm32f1xx_ll_tim.o(i.IC1Config) for IC1Config
    stm32f1xx_ll_tim.o(i.LL_TIM_IC_Init) refers to stm32f1xx_ll_tim.o(i.IC2Config) for IC2Config
    stm32f1xx_ll_tim.o(i.LL_TIM_IC_Init) refers to stm32f1xx_ll_tim.o(i.IC3Config) for IC3Config
    stm32f1xx_ll_tim.o(i.LL_TIM_IC_Init) refers to stm32f1xx_ll_tim.o(i.IC4Config) for IC4Config
    stm32f1xx_ll_tim.o(i.LL_TIM_Init) refers to main.o(i.assert_failed) for assert_failed
    stm32f1xx_ll_tim.o(i.LL_TIM_OC_Init) refers to stm32f1xx_ll_tim.o(i.OC1Config) for OC1Config
    stm32f1xx_ll_tim.o(i.LL_TIM_OC_Init) refers to stm32f1xx_ll_tim.o(i.OC2Config) for OC2Config
    stm32f1xx_ll_tim.o(i.LL_TIM_OC_Init) refers to stm32f1xx_ll_tim.o(i.OC3Config) for OC3Config
    stm32f1xx_ll_tim.o(i.LL_TIM_OC_Init) refers to stm32f1xx_ll_tim.o(i.OC4Config) for OC4Config
    stm32f1xx_ll_tim.o(i.OC1Config) refers to main.o(i.assert_failed) for assert_failed
    stm32f1xx_ll_tim.o(i.OC2Config) refers to main.o(i.assert_failed) for assert_failed
    stm32f1xx_ll_tim.o(i.OC2Config) refers to stm32f1xx_ll_tim.o(i.LL_TIM_OC_SetCompareCH2) for LL_TIM_OC_SetCompareCH2
    stm32f1xx_ll_tim.o(i.OC3Config) refers to main.o(i.assert_failed) for assert_failed
    stm32f1xx_ll_tim.o(i.OC4Config) refers to main.o(i.assert_failed) for assert_failed
    stm32f1xx_ll_gpio.o(i.LL_GPIO_DeInit) refers to main.o(i.assert_failed) for assert_failed
    stm32f1xx_ll_gpio.o(i.LL_GPIO_DeInit) refers to stm32f1xx_ll_gpio.o(i.LL_APB2_GRP1_ForceReset) for LL_APB2_GRP1_ForceReset
    stm32f1xx_ll_gpio.o(i.LL_GPIO_DeInit) refers to stm32f1xx_ll_gpio.o(i.LL_APB2_GRP1_ReleaseReset) for LL_APB2_GRP1_ReleaseReset
    stm32f1xx_ll_gpio.o(i.LL_GPIO_Init) refers to main.o(i.assert_failed) for assert_failed
    system_stm32f1xx.o(i.SystemCoreClockUpdate) refers to system_stm32f1xx.o(.data) for SystemCoreClock
    system_stm32f1xx.o(i.SystemCoreClockUpdate) refers to system_stm32f1xx.o(.constdata) for AHBPrescTable
    startup_stm32f103xb.o(RESET) refers to startup_stm32f103xb.o(STACK) for __initial_sp
    startup_stm32f103xb.o(RESET) refers to startup_stm32f103xb.o(.text) for Reset_Handler
    startup_stm32f103xb.o(RESET) refers to mytimer.o(i.TIM1_UP_IRQHandler) for TIM1_UP_IRQHandler
    startup_stm32f103xb.o(RESET) refers to mytimer.o(i.TIM2_IRQHandler) for TIM2_IRQHandler
    startup_stm32f103xb.o(RESET) refers to mytimer.o(i.TIM3_IRQHandler) for TIM3_IRQHandler
    startup_stm32f103xb.o(RESET) refers to mytimer.o(i.TIM4_IRQHandler) for TIM4_IRQHandler
    startup_stm32f103xb.o(.text) refers to system_stm32f1xx.o(i.SystemInit) for SystemInit
    startup_stm32f103xb.o(.text) refers to entry.o(.ARM.Collect$$$$00000000) for __main
    acos.o(i.__softfp_acos) refers (Special) to iusefp.o(.text) for __I$use$fp
    acos.o(i.__softfp_acos) refers to acos.o(i.acos) for acos
    acos.o(i.acos) refers (Special) to iusefp.o(.text) for __I$use$fp
    acos.o(i.acos) refers to dunder.o(i.__mathlib_dbl_infnan) for __mathlib_dbl_infnan
    acos.o(i.acos) refers to errno.o(i.__set_errno) for __set_errno
    acos.o(i.acos) refers to dunder.o(i.__mathlib_dbl_invalid) for __mathlib_dbl_invalid
    acos.o(i.acos) refers to dmul.o(.text) for __aeabi_dmul
    acos.o(i.acos) refers to poly.o(i.__kernel_poly) for __kernel_poly
    acos.o(i.acos) refers to dadd.o(.text) for __aeabi_dadd
    acos.o(i.acos) refers to ddiv.o(.text) for __aeabi_ddiv
    acos.o(i.acos) refers to dscalb.o(.text) for __ARM_scalbn
    acos.o(i.acos) refers to sqrt.o(i.sqrt) for sqrt
    acos.o(i.acos) refers to acos.o(.constdata) for .constdata
    acos.o(.constdata) refers (Special) to iusefp.o(.text) for __I$use$fp
    acos_x.o(i.____softfp_acos$lsc) refers (Special) to iusefp.o(.text) for __I$use$fp
    acos_x.o(i.____softfp_acos$lsc) refers to acos_x.o(i.__acos$lsc) for __acos$lsc
    acos_x.o(i.__acos$lsc) refers (Special) to iusefp.o(.text) for __I$use$fp
    acos_x.o(i.__acos$lsc) refers to dunder.o(i.__mathlib_dbl_infnan) for __mathlib_dbl_infnan
    acos_x.o(i.__acos$lsc) refers to errno.o(i.__set_errno) for __set_errno
    acos_x.o(i.__acos$lsc) refers to dmul.o(.text) for __aeabi_dmul
    acos_x.o(i.__acos$lsc) refers to poly.o(i.__kernel_poly) for __kernel_poly
    acos_x.o(i.__acos$lsc) refers to dadd.o(.text) for __aeabi_dadd
    acos_x.o(i.__acos$lsc) refers to ddiv.o(.text) for __aeabi_ddiv
    acos_x.o(i.__acos$lsc) refers to dscalb.o(.text) for __ARM_scalbn
    acos_x.o(i.__acos$lsc) refers to sqrt.o(i.sqrt) for sqrt
    acos_x.o(i.__acos$lsc) refers to acos_x.o(.constdata) for .constdata
    acos_x.o(.constdata) refers (Special) to iusefp.o(.text) for __I$use$fp
    log2.o(i.log2) refers (Special) to iusefp.o(.text) for __I$use$fp
    log2.o(i.log2) refers to cdcmple.o(.text) for __aeabi_cdcmpeq
    log2.o(i.log2) refers to dunder.o(i.__mathlib_dbl_infnan) for __mathlib_dbl_infnan
    log2.o(i.log2) refers to errno.o(i.__set_errno) for __set_errno
    log2.o(i.log2) refers to dunder.o(i.__mathlib_dbl_invalid) for __mathlib_dbl_invalid
    log2.o(i.log2) refers to frexp.o(i.frexp) for frexp
    log2.o(i.log2) refers to dscalb.o(.text) for __ARM_scalbn
    log2.o(i.log2) refers to log.o(i.log) for log
    log2.o(i.log2) refers to ddiv.o(.text) for __aeabi_ddiv
    log2.o(i.log2) refers to dflti.o(.text) for __aeabi_i2d
    log2.o(i.log2) refers to dadd.o(.text) for __aeabi_dadd
    log2_x.o(i.__log2$lsc) refers (Special) to iusefp.o(.text) for __I$use$fp
    log2_x.o(i.__log2$lsc) refers to cdcmple.o(.text) for __aeabi_cdcmpeq
    log2_x.o(i.__log2$lsc) refers to dunder.o(i.__mathlib_dbl_infnan) for __mathlib_dbl_infnan
    log2_x.o(i.__log2$lsc) refers to errno.o(i.__set_errno) for __set_errno
    log2_x.o(i.__log2$lsc) refers to frexp.o(i.frexp) for frexp
    log2_x.o(i.__log2$lsc) refers to dscalb.o(.text) for __ARM_scalbn
    log2_x.o(i.__log2$lsc) refers to log.o(i.log) for log
    log2_x.o(i.__log2$lsc) refers to ddiv.o(.text) for __aeabi_ddiv
    log2_x.o(i.__log2$lsc) refers to dflti.o(.text) for __aeabi_i2d
    log2_x.o(i.__log2$lsc) refers to dadd.o(.text) for __aeabi_dadd
    pow.o(i.__softfp_pow) refers (Special) to iusefp.o(.text) for __I$use$fp
    pow.o(i.__softfp_pow) refers to pow.o(i.pow) for pow
    pow.o(i.pow) refers (Special) to iusefp.o(.text) for __I$use$fp
    pow.o(i.pow) refers to dunder.o(i.__mathlib_dbl_infnan2) for __mathlib_dbl_infnan2
    pow.o(i.pow) refers to errno.o(i.__set_errno) for __set_errno
    pow.o(i.pow) refers to dunder.o(i.__mathlib_dbl_divzero) for __mathlib_dbl_divzero
    pow.o(i.pow) refers to ddiv.o(.text) for __aeabi_ddiv
    pow.o(i.pow) refers to sqrt.o(i.sqrt) for sqrt
    pow.o(i.pow) refers to dmul.o(.text) for __aeabi_dmul
    pow.o(i.pow) refers to dflti.o(.text) for __aeabi_i2d
    pow.o(i.pow) refers to dunder.o(i.__mathlib_dbl_invalid) for __mathlib_dbl_invalid
    pow.o(i.pow) refers to dunder.o(i.__mathlib_dbl_overflow) for __mathlib_dbl_overflow
    pow.o(i.pow) refers to dunder.o(i.__mathlib_dbl_underflow) for __mathlib_dbl_underflow
    pow.o(i.pow) refers to dadd.o(.text) for __aeabi_dsub
    pow.o(i.pow) refers to dscalb.o(.text) for __ARM_scalbn
    pow.o(i.pow) refers to qnan.o(.constdata) for __mathlib_zero
    pow.o(i.pow) refers to poly.o(i.__kernel_poly) for __kernel_poly
    pow.o(i.pow) refers to cdrcmple.o(.text) for __aeabi_cdrcmple
    pow.o(i.pow) refers to pow.o(.constdata) for .constdata
    pow.o(i.pow) refers to fpclassify.o(i.__ARM_fpclassify) for __ARM_fpclassify
    pow.o(.constdata) refers (Special) to iusefp.o(.text) for __I$use$fp
    pow_x.o(i.____softfp_pow$lsc) refers (Special) to iusefp.o(.text) for __I$use$fp
    pow_x.o(i.____softfp_pow$lsc) refers to pow_x.o(i.__pow$lsc) for __pow$lsc
    pow_x.o(i.__pow$lsc) refers (Special) to iusefp.o(.text) for __I$use$fp
    pow_x.o(i.__pow$lsc) refers to dunder.o(i.__mathlib_dbl_infnan2) for __mathlib_dbl_infnan2
    pow_x.o(i.__pow$lsc) refers to errno.o(i.__set_errno) for __set_errno
    pow_x.o(i.__pow$lsc) refers to ddiv.o(.text) for __aeabi_ddiv
    pow_x.o(i.__pow$lsc) refers to sqrt.o(i.sqrt) for sqrt
    pow_x.o(i.__pow$lsc) refers to dmul.o(.text) for __aeabi_dmul
    pow_x.o(i.__pow$lsc) refers to dflti.o(.text) for __aeabi_i2d
    pow_x.o(i.__pow$lsc) refers to dadd.o(.text) for __aeabi_dsub
    pow_x.o(i.__pow$lsc) refers to dscalb.o(.text) for __ARM_scalbn
    pow_x.o(i.__pow$lsc) refers to qnan.o(.constdata) for __mathlib_zero
    pow_x.o(i.__pow$lsc) refers to poly.o(i.__kernel_poly) for __kernel_poly
    pow_x.o(i.__pow$lsc) refers to cdrcmple.o(.text) for __aeabi_cdrcmple
    pow_x.o(i.__pow$lsc) refers to pow_x.o(.constdata) for .constdata
    pow_x.o(.constdata) refers (Special) to iusefp.o(.text) for __I$use$fp
    entry.o(.ARM.Collect$$$$00000000) refers (Special) to entry10a.o(.ARM.Collect$$$$0000000D) for __rt_final_cpp
    entry.o(.ARM.Collect$$$$00000000) refers (Special) to entry11a.o(.ARM.Collect$$$$0000000F) for __rt_final_exit
    entry.o(.ARM.Collect$$$$00000000) refers (Special) to entry7b.o(.ARM.Collect$$$$00000008) for _main_clock
    entry.o(.ARM.Collect$$$$00000000) refers (Special) to entry8b.o(.ARM.Collect$$$$0000000A) for _main_cpp_init
    entry.o(.ARM.Collect$$$$00000000) refers (Special) to entry9a.o(.ARM.Collect$$$$0000000B) for _main_init
    entry.o(.ARM.Collect$$$$00000000) refers (Special) to entry5.o(.ARM.Collect$$$$00000004) for _main_scatterload
    entry.o(.ARM.Collect$$$$00000000) refers (Special) to entry2.o(.ARM.Collect$$$$00000001) for _main_stk
    fdiv.o(.text) refers (Special) to iusefp.o(.text) for __I$use$fp
    fdiv.o(.text) refers to fepilogue.o(.text) for _float_round
    dadd.o(.text) refers (Special) to iusefp.o(.text) for __I$use$fp
    dadd.o(.text) refers to llshl.o(.text) for __aeabi_llsl
    dadd.o(.text) refers to llsshr.o(.text) for __aeabi_lasr
    dadd.o(.text) refers to depilogue.o(.text) for _double_epilogue
    dmul.o(.text) refers (Special) to iusefp.o(.text) for __I$use$fp
    dmul.o(.text) refers to depilogue.o(.text) for _double_epilogue
    ddiv.o(.text) refers (Special) to iusefp.o(.text) for __I$use$fp
    ddiv.o(.text) refers to depilogue.o(.text) for _double_round
    dflti.o(.text) refers (Special) to iusefp.o(.text) for __I$use$fp
    dflti.o(.text) refers to depilogue.o(.text) for _double_epilogue
    dfltui.o(.text) refers (Special) to iusefp.o(.text) for __I$use$fp
    dfltui.o(.text) refers to depilogue.o(.text) for _double_epilogue
    dfixi.o(.text) refers (Special) to iusefp.o(.text) for __I$use$fp
    dfixi.o(.text) refers to llushr.o(.text) for __aeabi_llsr
    dfixui.o(.text) refers (Special) to iusefp.o(.text) for __I$use$fp
    dfixui.o(.text) refers to llushr.o(.text) for __aeabi_llsr
    f2d.o(.text) refers (Special) to iusefp.o(.text) for __I$use$fp
    cdcmple.o(.text) refers (Special) to iusefp.o(.text) for __I$use$fp
    dunder.o(i.__mathlib_dbl_divzero) refers to ddiv.o(.text) for __aeabi_ddiv
    dunder.o(i.__mathlib_dbl_infnan) refers to dscalb.o(.text) for __ARM_scalbn
    dunder.o(i.__mathlib_dbl_infnan2) refers to dadd.o(.text) for __aeabi_dadd
    dunder.o(i.__mathlib_dbl_invalid) refers to ddiv.o(.text) for __aeabi_ddiv
    dunder.o(i.__mathlib_dbl_overflow) refers to dscalb.o(.text) for __ARM_scalbn
    dunder.o(i.__mathlib_dbl_posinfnan) refers to dmul.o(.text) for __aeabi_dmul
    dunder.o(i.__mathlib_dbl_underflow) refers to dscalb.o(.text) for __ARM_scalbn
    fpclassify.o(i.__ARM_fpclassify) refers (Special) to iusefp.o(.text) for __I$use$fp
    frexp.o(i.__softfp_frexp) refers (Special) to iusefp.o(.text) for __I$use$fp
    frexp.o(i.__softfp_frexp) refers to dscalb.o(.text) for __ARM_scalbn
    frexp.o(i.frexp) refers (Special) to iusefp.o(.text) for __I$use$fp
    frexp.o(i.frexp) refers to dscalb.o(.text) for __ARM_scalbn
    log.o(i.__softfp_log) refers (Special) to iusefp.o(.text) for __I$use$fp
    log.o(i.__softfp_log) refers to log.o(i.log) for log
    log.o(i.log) refers (Special) to iusefp.o(.text) for __I$use$fp
    log.o(i.log) refers to dunder.o(i.__mathlib_dbl_infnan) for __mathlib_dbl_infnan
    log.o(i.log) refers to errno.o(i.__set_errno) for __set_errno
    log.o(i.log) refers to dunder.o(i.__mathlib_dbl_invalid) for __mathlib_dbl_invalid
    log.o(i.log) refers to dunder.o(i.__mathlib_dbl_divzero) for __mathlib_dbl_divzero
    log.o(i.log) refers to dscalb.o(.text) for __ARM_scalbn
    log.o(i.log) refers to dadd.o(.text) for __aeabi_dsub
    log.o(i.log) refers to cdcmple.o(.text) for __aeabi_cdcmpeq
    log.o(i.log) refers to dflti.o(.text) for __aeabi_i2d
    log.o(i.log) refers to dmul.o(.text) for __aeabi_dmul
    log.o(i.log) refers to ddiv.o(.text) for __aeabi_ddiv
    log.o(i.log) refers to poly.o(i.__kernel_poly) for __kernel_poly
    log.o(i.log) refers to qnan.o(.constdata) for __mathlib_zero
    log.o(i.log) refers to log.o(.constdata) for .constdata
    log.o(.constdata) refers (Special) to iusefp.o(.text) for __I$use$fp
    log_x.o(i.____softfp_log$lsc) refers (Special) to iusefp.o(.text) for __I$use$fp
    log_x.o(i.____softfp_log$lsc) refers to log_x.o(i.__log$lsc) for __log$lsc
    log_x.o(i.__log$lsc) refers (Special) to iusefp.o(.text) for __I$use$fp
    log_x.o(i.__log$lsc) refers to dunder.o(i.__mathlib_dbl_infnan) for __mathlib_dbl_infnan
    log_x.o(i.__log$lsc) refers to errno.o(i.__set_errno) for __set_errno
    log_x.o(i.__log$lsc) refers to dscalb.o(.text) for __ARM_scalbn
    log_x.o(i.__log$lsc) refers to dadd.o(.text) for __aeabi_dsub
    log_x.o(i.__log$lsc) refers to cdcmple.o(.text) for __aeabi_cdcmpeq
    log_x.o(i.__log$lsc) refers to dflti.o(.text) for __aeabi_i2d
    log_x.o(i.__log$lsc) refers to dmul.o(.text) for __aeabi_dmul
    log_x.o(i.__log$lsc) refers to ddiv.o(.text) for __aeabi_ddiv
    log_x.o(i.__log$lsc) refers to poly.o(i.__kernel_poly) for __kernel_poly
    log_x.o(i.__log$lsc) refers to qnan.o(.constdata) for __mathlib_zero
    log_x.o(i.__log$lsc) refers to log_x.o(.constdata) for .constdata
    log_x.o(.constdata) refers (Special) to iusefp.o(.text) for __I$use$fp
    poly.o(i.__kernel_poly) refers (Special) to iusefp.o(.text) for __I$use$fp
    poly.o(i.__kernel_poly) refers to dmul.o(.text) for __aeabi_dmul
    poly.o(i.__kernel_poly) refers to dadd.o(.text) for __aeabi_dadd
    qnan.o(.constdata) refers (Special) to iusefp.o(.text) for __I$use$fp
    sqrt.o(i.__softfp_sqrt) refers (Special) to iusefp.o(.text) for __I$use$fp
    sqrt.o(i.__softfp_sqrt) refers to dsqrt.o(.text) for _dsqrt
    sqrt.o(i.__softfp_sqrt) refers to errno.o(i.__set_errno) for __set_errno
    sqrt.o(i.sqrt) refers (Special) to iusefp.o(.text) for __I$use$fp
    sqrt.o(i.sqrt) refers to dsqrt.o(.text) for _dsqrt
    sqrt.o(i.sqrt) refers to errno.o(i.__set_errno) for __set_errno
    sqrt_x.o(i.____softfp_sqrt$lsc) refers (Special) to iusefp.o(.text) for __I$use$fp
    sqrt_x.o(i.____softfp_sqrt$lsc) refers to cdcmple.o(.text) for __aeabi_cdcmple
    sqrt_x.o(i.____softfp_sqrt$lsc) refers to errno.o(i.__set_errno) for __set_errno
    sqrt_x.o(i.____softfp_sqrt$lsc) refers to dsqrt.o(.text) for _dsqrt
    sqrt_x.o(i.__sqrt$lsc) refers (Special) to iusefp.o(.text) for __I$use$fp
    sqrt_x.o(i.__sqrt$lsc) refers to cdcmple.o(.text) for __aeabi_cdcmple
    sqrt_x.o(i.__sqrt$lsc) refers to errno.o(i.__set_errno) for __set_errno
    sqrt_x.o(i.__sqrt$lsc) refers to dsqrt.o(.text) for _dsqrt
    entry2.o(.ARM.Collect$$$$00000001) refers to entry2.o(.ARM.Collect$$$$00002712) for __lit__00000000
    entry2.o(.ARM.Collect$$$$00002712) refers to startup_stm32f103xb.o(STACK) for __initial_sp
    entry2.o(__vectab_stack_and_reset_area) refers to startup_stm32f103xb.o(STACK) for __initial_sp
    entry2.o(__vectab_stack_and_reset_area) refers to entry.o(.ARM.Collect$$$$00000000) for __main
    entry5.o(.ARM.Collect$$$$00000004) refers to init.o(.text) for __scatterload
    entry9a.o(.ARM.Collect$$$$0000000B) refers to main.o(i.main) for main
    entry9b.o(.ARM.Collect$$$$0000000C) refers to main.o(i.main) for main
    errno.o(i.__aeabi_errno_addr) refers to errno.o(.data) for .data
    errno.o(i.__read_errno) refers to errno.o(.data) for .data
    errno.o(i.__set_errno) refers to errno.o(.data) for .data
    depilogue.o(.text) refers to llshl.o(.text) for __aeabi_llsl
    depilogue.o(.text) refers to llushr.o(.text) for __aeabi_llsr
    init.o(.text) refers to entry5.o(.ARM.Collect$$$$00000004) for __main_after_scatterload
    dsqrt.o(.text) refers to llushr.o(.text) for __aeabi_llsr
    dsqrt.o(.text) refers to depilogue.o(.text) for _double_round


==============================================================================

Removing Unused input sections from the image.

    Removing main.o(.rev16_text), (4 bytes).
    Removing main.o(.revsh_text), (4 bytes).
    Removing main.o(.rrx_text), (6 bytes).
    Removing controlemoteur.o(.rev16_text), (4 bytes).
    Removing controlemoteur.o(.revsh_text), (4 bytes).
    Removing controlemoteur.o(.rrx_text), (6 bytes).
    Removing controlemoteur.o(i.confDriversMoteur), (12 bytes).
    Removing controlemoteur.o(i.reglerCap), (16 bytes).
    Removing controlemoteur.o(i.reglerVitesseMot), (26 bytes).
    Removing controlevoile.o(.rev16_text), (4 bytes).
    Removing controlevoile.o(.revsh_text), (4 bytes).
    Removing controlevoile.o(.rrx_text), (6 bytes).
    Removing controlevoile.o(i.confDriversVoile), (28 bytes).
    Removing controlevoile.o(i.reglerVoile), (48 bytes).
    Removing accelerometre.o(.rev16_text), (4 bytes).
    Removing accelerometre.o(.revsh_text), (4 bytes).
    Removing accelerometre.o(.rrx_text), (6 bytes).
    Removing accelerometre.o(i.ADCConfAccelero), (16 bytes).
    Removing accelerometre.o(i.GPIOConfAccelero), (28 bytes).
    Removing accelerometre.o(i.getAngleRoulis), (60 bytes).
    Removing batterie.o(.rev16_text), (4 bytes).
    Removing batterie.o(.revsh_text), (4 bytes).
    Removing batterie.o(.rrx_text), (6 bytes).
    Removing batterie.o(i.Batterie_Conf), (20 bytes).
    Removing batterie.o(i.getNiveau), (2 bytes).
    Removing girouette.o(.rev16_text), (4 bytes).
    Removing girouette.o(.revsh_text), (4 bytes).
    Removing girouette.o(.rrx_text), (6 bytes).
    Removing girouette.o(i.GPIOConfGirouette), (40 bytes).
    Removing girouette.o(i.getAngleVent), (16 bytes).
    Removing girouette.o(i.initAngleGirouette), (28 bytes).
    Removing girouette.o(i.timerConfGirouette), (20 bytes).
    Removing moteur.o(.rev16_text), (4 bytes).
    Removing moteur.o(.revsh_text), (4 bytes).
    Removing moteur.o(.rrx_text), (6 bytes).
    Removing moteur.o(i.Moteur_Conf), (48 bytes).
    Removing moteur.o(i.setCap), (48 bytes).
    Removing moteur.o(i.setVitesse), (46 bytes).
    Removing moteur.o(.constdata), (35 bytes).
    Removing recepteurrf.o(.rev16_text), (4 bytes).
    Removing recepteurrf.o(.revsh_text), (4 bytes).
    Removing recepteurrf.o(.rrx_text), (6 bytes).
    Removing recepteurrf.o(i.RecepteurRF_Conf), (68 bytes).
    Removing recepteurrf.o(i.RecepteurRF_Get_Duty_Cycle), (80 bytes).
    Removing recepteurrf.o(i.getCap), (40 bytes).
    Removing recepteurrf.o(i.getVitesse), (72 bytes).
    Removing recepteurrf.o(.constdata), (35 bytes).
    Removing servomoteur.o(.rev16_text), (4 bytes).
    Removing servomoteur.o(.revsh_text), (4 bytes).
    Removing servomoteur.o(.rrx_text), (6 bytes).
    Removing mytimer.o(.rev16_text), (4 bytes).
    Removing mytimer.o(.revsh_text), (4 bytes).
    Removing mytimer.o(.rrx_text), (6 bytes).
    Removing mytimer.o(i.EncoderMode_Init), (108 bytes).
    Removing mytimer.o(i.Get_Count_Timer), (6 bytes).
    Removing mytimer.o(i.MyTimer_IT_Conf), (200 bytes).
    Removing mytimer.o(i.MyTimer_IT_Disable), (12 bytes).
    Removing mytimer.o(i.MyTimer_IT_Enable), (14 bytes).
    Removing mytimer.o(i.MyTimer_Stop), (12 bytes).
    Removing mytimer.o(i.PWM_Get_CCR), (56 bytes).
    Removing mytimer.o(i.Reset_Count_Timer), (6 bytes).
    Removing mygpio.o(.rev16_text), (4 bytes).
    Removing mygpio.o(.revsh_text), (4 bytes).
    Removing mygpio.o(.rrx_text), (6 bytes).
    Removing mygpio.o(i.MyGPIO_wait_for_pin), (176 bytes).
    Removing myadc.o(.rev16_text), (4 bytes).
    Removing myadc.o(.revsh_text), (4 bytes).
    Removing myadc.o(.rrx_text), (6 bytes).
    Removing myadc.o(i.MyADC_conf), (24 bytes).
    Removing myadc.o(i.MyADC_get_value), (38 bytes).
    Removing stm32f1xx_ll_rcc.o(.rev16_text), (4 bytes).
    Removing stm32f1xx_ll_rcc.o(.revsh_text), (4 bytes).
    Removing stm32f1xx_ll_rcc.o(.rrx_text), (6 bytes).
    Removing stm32f1xx_ll_rcc.o(i.LL_RCC_DeInit), (152 bytes).
    Removing stm32f1xx_ll_rcc.o(i.LL_RCC_GetADCClockFreq), (124 bytes).
    Removing stm32f1xx_ll_rcc.o(i.LL_RCC_GetSystemClocksFreq), (36 bytes).
    Removing stm32f1xx_ll_rcc.o(i.LL_RCC_GetUSBClockFreq), (120 bytes).
    Removing stm32f1xx_ll_rcc.o(i.LL_RCC_PLL_IsReady), (16 bytes).
    Removing stm32f1xx_ll_rcc.o(i.RCC_GetHCLKClockFreq), (32 bytes).
    Removing stm32f1xx_ll_rcc.o(i.RCC_GetPCLK1ClockFreq), (36 bytes).
    Removing stm32f1xx_ll_rcc.o(i.RCC_GetPCLK2ClockFreq), (36 bytes).
    Removing stm32f1xx_ll_rcc.o(i.RCC_GetSystemClockFreq), (60 bytes).
    Removing stm32f1xx_ll_rcc.o(i.RCC_PLL_GetFreqDomain_SYS), (88 bytes).
    Removing stm32f1xx_ll_utils.o(.rev16_text), (4 bytes).
    Removing stm32f1xx_ll_utils.o(.revsh_text), (4 bytes).
    Removing stm32f1xx_ll_utils.o(.rrx_text), (6 bytes).
    Removing stm32f1xx_ll_utils.o(i.LL_PLL_ConfigSystemClock_HSE), (260 bytes).
    Removing stm32f1xx_ll_utils.o(i.LL_PLL_ConfigSystemClock_HSI), (104 bytes).
    Removing stm32f1xx_ll_utils.o(i.LL_RCC_HSE_IsReady), (16 bytes).
    Removing stm32f1xx_ll_utils.o(i.LL_RCC_HSI_IsReady), (16 bytes).
    Removing stm32f1xx_ll_utils.o(i.LL_RCC_PLL_ConfigDomain_SYS), (28 bytes).
    Removing stm32f1xx_ll_utils.o(i.LL_RCC_PLL_IsReady), (16 bytes).
    Removing stm32f1xx_ll_utils.o(i.LL_mDelay), (40 bytes).
    Removing stm32f1xx_ll_utils.o(i.UTILS_EnablePLLAndSwitchSystem), (416 bytes).
    Removing stm32f1xx_ll_utils.o(i.UTILS_GetPLLOutputFrequency), (228 bytes).
    Removing stm32f1xx_ll_utils.o(i.UTILS_PLL_IsBusy), (16 bytes).
    Removing stm32f1xx_ll_utils.o(i.UTILS_SetFlashLatency), (80 bytes).
    Removing stm32f1xx_ll_tim.o(.rev16_text), (4 bytes).
    Removing stm32f1xx_ll_tim.o(.revsh_text), (4 bytes).
    Removing stm32f1xx_ll_tim.o(.rrx_text), (6 bytes).
    Removing stm32f1xx_ll_tim.o(i.IC1Config), (376 bytes).
    Removing stm32f1xx_ll_tim.o(i.IC2Config), (376 bytes).
    Removing stm32f1xx_ll_tim.o(i.IC3Config), (380 bytes).
    Removing stm32f1xx_ll_tim.o(i.IC4Config), (380 bytes).
    Removing stm32f1xx_ll_tim.o(i.LL_APB1_GRP1_ForceReset), (16 bytes).
    Removing stm32f1xx_ll_tim.o(i.LL_APB1_GRP1_ReleaseReset), (16 bytes).
    Removing stm32f1xx_ll_tim.o(i.LL_TIM_BDTR_Init), (312 bytes).
    Removing stm32f1xx_ll_tim.o(i.LL_TIM_BDTR_StructInit), (18 bytes).
    Removing stm32f1xx_ll_tim.o(i.LL_TIM_DeInit), (192 bytes).
    Removing stm32f1xx_ll_tim.o(i.LL_TIM_ENCODER_Init), (688 bytes).
    Removing stm32f1xx_ll_tim.o(i.LL_TIM_ENCODER_StructInit), (36 bytes).
    Removing stm32f1xx_ll_tim.o(i.LL_TIM_HALLSENSOR_Init), (396 bytes).
    Removing stm32f1xx_ll_tim.o(i.LL_TIM_HALLSENSOR_StructInit), (12 bytes).
    Removing stm32f1xx_ll_tim.o(i.LL_TIM_IC_Init), (92 bytes).
    Removing stm32f1xx_ll_tim.o(i.LL_TIM_IC_StructInit), (18 bytes).
    Removing stm32f1xx_ll_tim.o(i.LL_TIM_OC_Init), (92 bytes).
    Removing stm32f1xx_ll_tim.o(i.LL_TIM_OC_SetCompareCH2), (4 bytes).
    Removing stm32f1xx_ll_tim.o(i.LL_TIM_OC_StructInit), (20 bytes).
    Removing stm32f1xx_ll_tim.o(i.LL_TIM_StructInit), (18 bytes).
    Removing stm32f1xx_ll_tim.o(i.OC1Config), (404 bytes).
    Removing stm32f1xx_ll_tim.o(i.OC2Config), (404 bytes).
    Removing stm32f1xx_ll_tim.o(i.OC3Config), (404 bytes).
    Removing stm32f1xx_ll_tim.o(i.OC4Config), (372 bytes).
    Removing stm32f1xx_ll_tim.o(.constdata), (35 bytes).
    Removing stm32f1xx_ll_gpio.o(.rev16_text), (4 bytes).
    Removing stm32f1xx_ll_gpio.o(.revsh_text), (4 bytes).
    Removing stm32f1xx_ll_gpio.o(.rrx_text), (6 bytes).
    Removing stm32f1xx_ll_gpio.o(i.LL_APB2_GRP1_ForceReset), (16 bytes).
    Removing stm32f1xx_ll_gpio.o(i.LL_APB2_GRP1_ReleaseReset), (16 bytes).
    Removing stm32f1xx_ll_gpio.o(i.LL_GPIO_DeInit), (212 bytes).
    Removing stm32f1xx_ll_gpio.o(i.LL_GPIO_Init), (504 bytes).
    Removing stm32f1xx_ll_gpio.o(i.LL_GPIO_StructInit), (24 bytes).
    Removing system_stm32f1xx.o(.rev16_text), (4 bytes).
    Removing system_stm32f1xx.o(.revsh_text), (4 bytes).
    Removing system_stm32f1xx.o(.rrx_text), (6 bytes).
    Removing system_stm32f1xx.o(i.SystemCoreClockUpdate), (164 bytes).
    Removing system_stm32f1xx.o(.constdata), (24 bytes).
    Removing startup_stm32f103xb.o(HEAP), (512 bytes).
    Removing dfltui.o(.text), (26 bytes).

139 unused section(s) (total 10201 bytes) removed from the image.

==============================================================================

Image Symbol Table

    Local Symbols

    Symbol Name                              Value     Ov Type        Size  Object(Section)

    ../Src/main.c                            0x00000000   Number         0  main.o ABSOLUTE
    ../Src/system_stm32f1xx.c                0x00000000   Number         0  system_stm32f1xx.o ABSOLUTE
    ../clib/microlib/errno.c                 0x00000000   Number         0  errno.o ABSOLUTE
    ../clib/microlib/init/entry.s            0x00000000   Number         0  entry9b.o ABSOLUTE
    ../clib/microlib/init/entry.s            0x00000000   Number         0  entry11a.o ABSOLUTE
    ../clib/microlib/init/entry.s            0x00000000   Number         0  entry10b.o ABSOLUTE
    ../clib/microlib/init/entry.s            0x00000000   Number         0  entry5.o ABSOLUTE
    ../clib/microlib/init/entry.s            0x00000000   Number         0  entry.o ABSOLUTE
    ../clib/microlib/init/entry.s            0x00000000   Number         0  entry7a.o ABSOLUTE
    ../clib/microlib/init/entry.s            0x00000000   Number         0  entry8a.o ABSOLUTE
    ../clib/microlib/init/entry.s            0x00000000   Number         0  entry8b.o ABSOLUTE
    ../clib/microlib/init/entry.s            0x00000000   Number         0  entry7b.o ABSOLUTE
    ../clib/microlib/init/entry.s            0x00000000   Number         0  entry11b.o ABSOLUTE
    ../clib/microlib/init/entry.s            0x00000000   Number         0  entry9a.o ABSOLUTE
    ../clib/microlib/init/entry.s            0x00000000   Number         0  entry10a.o ABSOLUTE
    ../clib/microlib/init/entry.s            0x00000000   Number         0  entry2.o ABSOLUTE
    ../clib/microlib/longlong.c              0x00000000   Number         0  llsshr.o ABSOLUTE
    ../clib/microlib/longlong.c              0x00000000   Number         0  llushr.o ABSOLUTE
    ../clib/microlib/longlong.c              0x00000000   Number         0  llshl.o ABSOLUTE
    ../clib/microlib/stubs.s                 0x00000000   Number         0  iusefp.o ABSOLUTE
    ../fplib/microlib/f2d.c                  0x00000000   Number         0  f2d.o ABSOLUTE
    ../fplib/microlib/fpadd.c                0x00000000   Number         0  dadd.o ABSOLUTE
    ../fplib/microlib/fpdiv.c                0x00000000   Number         0  fdiv.o ABSOLUTE
    ../fplib/microlib/fpdiv.c                0x00000000   Number         0  ddiv.o ABSOLUTE
    ../fplib/microlib/fpepilogue.c           0x00000000   Number         0  depilogue.o ABSOLUTE
    ../fplib/microlib/fpepilogue.c           0x00000000   Number         0  fepilogue.o ABSOLUTE
    ../fplib/microlib/fpfix.c                0x00000000   Number         0  dfixi.o ABSOLUTE
    ../fplib/microlib/fpfix.c                0x00000000   Number         0  dfixui.o ABSOLUTE
    ../fplib/microlib/fpflt.c                0x00000000   Number         0  dfltui.o ABSOLUTE
    ../fplib/microlib/fpflt.c                0x00000000   Number         0  dflti.o ABSOLUTE
    ../fplib/microlib/fpmul.c                0x00000000   Number         0  dmul.o ABSOLUTE
    ../fplib/microlib/fpscalb.c              0x00000000   Number         0  dscalb.o ABSOLUTE
    ../fplib/microlib/fpsqrt.c               0x00000000   Number         0  dsqrt.o ABSOLUTE
    ../mathlib/acos.c                        0x00000000   Number         0  acos_x.o ABSOLUTE
    ../mathlib/acos.c                        0x00000000   Number         0  acos.o ABSOLUTE
    ../mathlib/dunder.c                      0x00000000   Number         0  dunder.o ABSOLUTE
    ../mathlib/fpclassify.c                  0x00000000   Number         0  fpclassify.o ABSOLUTE
    ../mathlib/frexp.c                       0x00000000   Number         0  frexp.o ABSOLUTE
    ../mathlib/log.c                         0x00000000   Number         0  log_x.o ABSOLUTE
    ../mathlib/log.c                         0x00000000   Number         0  log.o ABSOLUTE
    ../mathlib/log2.c                        0x00000000   Number         0  log2_x.o ABSOLUTE
    ../mathlib/log2.c                        0x00000000   Number         0  log2.o ABSOLUTE
    ../mathlib/poly.c                        0x00000000   Number         0  poly.o ABSOLUTE
    ../mathlib/pow.c                         0x00000000   Number         0  pow.o ABSOLUTE
    ../mathlib/pow.c                         0x00000000   Number         0  pow_x.o ABSOLUTE
    ../mathlib/qnan.c                        0x00000000   Number         0  qnan.o ABSOLUTE
    ../mathlib/sqrt.c                        0x00000000   Number         0  sqrt_x.o ABSOLUTE
    ../mathlib/sqrt.c                        0x00000000   Number         0  sqrt.o ABSOLUTE
    ..\LLDrivers\src\stm32f1xx_ll_gpio.c     0x00000000   Number         0  stm32f1xx_ll_gpio.o ABSOLUTE
    ..\LLDrivers\src\stm32f1xx_ll_rcc.c      0x00000000   Number         0  stm32f1xx_ll_rcc.o ABSOLUTE
    ..\LLDrivers\src\stm32f1xx_ll_tim.c      0x00000000   Number         0  stm32f1xx_ll_tim.o ABSOLUTE
    ..\LLDrivers\src\stm32f1xx_ll_utils.c    0x00000000   Number         0  stm32f1xx_ll_utils.o ABSOLUTE
    ..\MyDrivers\MyADC.c                     0x00000000   Number         0  myadc.o ABSOLUTE
    ..\MyDrivers\MyGPIO.c                    0x00000000   Number         0  mygpio.o ABSOLUTE
    ..\MyDrivers\MyTimer.c                   0x00000000   Number         0  mytimer.o ABSOLUTE
    ..\Peripheriques\Accelerometre.c         0x00000000   Number         0  accelerometre.o ABSOLUTE
    ..\Peripheriques\Batterie.c              0x00000000   Number         0  batterie.o ABSOLUTE
    ..\Peripheriques\EmetteurRF.c            0x00000000   Number         0  emetteurrf.o ABSOLUTE
    ..\Peripheriques\Girouette.c             0x00000000   Number         0  girouette.o ABSOLUTE
    ..\Peripheriques\Moteur.c                0x00000000   Number         0  moteur.o ABSOLUTE
    ..\Peripheriques\RecepteurRF.c           0x00000000   Number         0  recepteurrf.o ABSOLUTE
    ..\Peripheriques\ServoMoteur.c           0x00000000   Number         0  servomoteur.o ABSOLUTE
    ..\Services\Communication.c              0x00000000   Number         0  communication.o ABSOLUTE
    ..\Services\ControleMoteur.c             0x00000000   Number         0  controlemoteur.o ABSOLUTE
    ..\Services\ControleVoile.c              0x00000000   Number         0  controlevoile.o ABSOLUTE
    ..\Src\main.c                            0x00000000   Number         0  main.o ABSOLUTE
    ..\Src\system_stm32f1xx.c                0x00000000   Number         0  system_stm32f1xx.o ABSOLUTE
    ..\\LLDrivers\\src\\stm32f1xx_ll_gpio.c  0x00000000   Number         0  stm32f1xx_ll_gpio.o ABSOLUTE
    ..\\LLDrivers\\src\\stm32f1xx_ll_rcc.c   0x00000000   Number         0  stm32f1xx_ll_rcc.o ABSOLUTE
    ..\\LLDrivers\\src\\stm32f1xx_ll_tim.c   0x00000000   Number         0  stm32f1xx_ll_tim.o ABSOLUTE
    ..\\LLDrivers\\src\\stm32f1xx_ll_utils.c 0x00000000   Number         0  stm32f1xx_ll_utils.o ABSOLUTE
    ..\\MyDrivers\\MyADC.c                   0x00000000   Number         0  myadc.o ABSOLUTE
    ..\\MyDrivers\\MyGPIO.c                  0x00000000   Number         0  mygpio.o ABSOLUTE
    ..\\MyDrivers\\MyTimer.c                 0x00000000   Number         0  mytimer.o ABSOLUTE
    ..\\Peripheriques\\Accelerometre.c       0x00000000   Number         0  accelerometre.o ABSOLUTE
    ..\\Peripheriques\\Batterie.c            0x00000000   Number         0  batterie.o ABSOLUTE
    ..\\Peripheriques\\Girouette.c           0x00000000   Number         0  girouette.o ABSOLUTE
    ..\\Peripheriques\\Moteur.c              0x00000000   Number         0  moteur.o ABSOLUTE
    ..\\Peripheriques\\RecepteurRF.c         0x00000000   Number         0  recepteurrf.o ABSOLUTE
    ..\\Peripheriques\\ServoMoteur.c         0x00000000   Number         0  servomoteur.o ABSOLUTE
    ..\\Services\\ControleMoteur.c           0x00000000   Number         0  controlemoteur.o ABSOLUTE
    ..\\Services\\ControleVoile.c            0x00000000   Number         0  controlevoile.o ABSOLUTE
    cdcmple.s                                0x00000000   Number         0  cdcmple.o ABSOLUTE
    cdrcmple.s                               0x00000000   Number         0  cdrcmple.o ABSOLUTE
    dc.s                                     0x00000000   Number         0  dc.o ABSOLUTE
    handlers.s                               0x00000000   Number         0  handlers.o ABSOLUTE
    init.s                                   0x00000000   Number         0  init.o ABSOLUTE
    startup_stm32f103xb.s                    0x00000000   Number         0  startup_stm32f103xb.o ABSOLUTE
    RESET                                    0x08000000   Section      236  startup_stm32f103xb.o(RESET)
    .ARM.Collect$$$$00000000                 0x080000ec   Section        0  entry.o(.ARM.Collect$$$$00000000)
    .ARM.Collect$$$$00000001                 0x080000ec   Section        4  entry2.o(.ARM.Collect$$$$00000001)
    .ARM.Collect$$$$00000004                 0x080000f0   Section        4  entry5.o(.ARM.Collect$$$$00000004)
    .ARM.Collect$$$$00000008                 0x080000f4   Section        0  entry7b.o(.ARM.Collect$$$$00000008)
    .ARM.Collect$$$$0000000A                 0x080000f4   Section        0  entry8b.o(.ARM.Collect$$$$0000000A)
    .ARM.Collect$$$$0000000B                 0x080000f4   Section        8  entry9a.o(.ARM.Collect$$$$0000000B)
    .ARM.Collect$$$$0000000D                 0x080000fc   Section        0  entry10a.o(.ARM.Collect$$$$0000000D)
    .ARM.Collect$$$$0000000F                 0x080000fc   Section        0  entry11a.o(.ARM.Collect$$$$0000000F)
    .ARM.Collect$$$$00002712                 0x080000fc   Section        4  entry2.o(.ARM.Collect$$$$00002712)
    __lit__00000000                          0x080000fc   Data           4  entry2.o(.ARM.Collect$$$$00002712)
    .text                                    0x08000100   Section       36  startup_stm32f103xb.o(.text)
    .text                                    0x08000124   Section        0  fdiv.o(.text)
    .text                                    0x080001a0   Section        0  dadd.o(.text)
    .text                                    0x080002ee   Section        0  dmul.o(.text)
    .text                                    0x080003d2   Section        0  ddiv.o(.text)
    .text                                    0x080004b0   Section        0  dflti.o(.text)
    .text                                    0x080004d2   Section        0  dfixi.o(.text)
    .text                                    0x08000510   Section        0  dfixui.o(.text)
    .text                                    0x08000542   Section        0  f2d.o(.text)
    .text                                    0x08000568   Section       48  cdcmple.o(.text)
    .text                                    0x08000598   Section        0  llshl.o(.text)
    .text                                    0x080005b6   Section        0  llushr.o(.text)
    .text                                    0x080005d6   Section        0  llsshr.o(.text)
    .text                                    0x080005fa   Section        0  fepilogue.o(.text)
    .text                                    0x080005fa   Section        0  iusefp.o(.text)
    .text                                    0x08000668   Section        0  depilogue.o(.text)
    .text                                    0x08000722   Section        0  dscalb.o(.text)
    .text                                    0x08000750   Section       48  cdrcmple.o(.text)
    .text                                    0x08000780   Section       36  init.o(.text)
    .text                                    0x080007a4   Section        0  dsqrt.o(.text)
    i.GPIOConfServo                          0x08000848   Section        0  servomoteur.o(i.GPIOConfServo)
    i.LL_APB1_GRP1_EnableClock               0x0800085c   Section        0  mytimer.o(i.LL_APB1_GRP1_EnableClock)
    LL_APB1_GRP1_EnableClock                 0x0800085d   Thumb Code    24  mytimer.o(i.LL_APB1_GRP1_EnableClock)
    i.LL_GPIO_SetPinMode                     0x08000878   Section        0  mygpio.o(i.LL_GPIO_SetPinMode)
    LL_GPIO_SetPinMode                       0x08000879   Thumb Code    44  mygpio.o(i.LL_GPIO_SetPinMode)
    i.LL_GPIO_SetPinOutputType               0x080008a4   Section        0  mygpio.o(i.LL_GPIO_SetPinOutputType)
    LL_GPIO_SetPinOutputType                 0x080008a5   Thumb Code    44  mygpio.o(i.LL_GPIO_SetPinOutputType)
    i.LL_Init1msTick                         0x080008d0   Section        0  stm32f1xx_ll_utils.o(i.LL_Init1msTick)
    i.LL_SetSystemCoreClock                  0x080008ec   Section        0  stm32f1xx_ll_utils.o(i.LL_SetSystemCoreClock)
    i.LL_TIM_ClearFlag_UPDATE                0x080008f8   Section        0  mytimer.o(i.LL_TIM_ClearFlag_UPDATE)
    LL_TIM_ClearFlag_UPDATE                  0x080008f9   Thumb Code     8  mytimer.o(i.LL_TIM_ClearFlag_UPDATE)
    i.LL_TIM_DisableCounter                  0x08000900   Section        0  mytimer.o(i.LL_TIM_DisableCounter)
    LL_TIM_DisableCounter                    0x08000901   Thumb Code    10  mytimer.o(i.LL_TIM_DisableCounter)
    i.LL_TIM_DisableIT_UPDATE                0x0800090a   Section        0  mytimer.o(i.LL_TIM_DisableIT_UPDATE)
    LL_TIM_DisableIT_UPDATE                  0x0800090b   Thumb Code    10  mytimer.o(i.LL_TIM_DisableIT_UPDATE)
    i.LL_TIM_IC_SetPolarity                  0x08000914   Section        0  mytimer.o(i.LL_TIM_IC_SetPolarity)
    LL_TIM_IC_SetPolarity                    0x08000915   Thumb Code    84  mytimer.o(i.LL_TIM_IC_SetPolarity)
    i.LL_TIM_Init                            0x0800096c   Section        0  stm32f1xx_ll_tim.o(i.LL_TIM_Init)
    i.LL_TIM_OC_SetMode                      0x08000a80   Section        0  mytimer.o(i.LL_TIM_OC_SetMode)
    LL_TIM_OC_SetMode                        0x08000a81   Thumb Code    98  mytimer.o(i.LL_TIM_OC_SetMode)
    i.MyGPIO_pin_conf                        0x08000aec   Section        0  mygpio.o(i.MyGPIO_pin_conf)
    i.MyTimer_Conf                           0x08000c00   Section        0  mytimer.o(i.MyTimer_Conf)
    i.MyTimer_Start                          0x08000c84   Section        0  mytimer.o(i.MyTimer_Start)
    i.PWM_Init                               0x08000c94   Section        0  mytimer.o(i.PWM_Init)
    i.PWM_Set_CCR                            0x08000d98   Section        0  mytimer.o(i.PWM_Set_CCR)
    i.SystemClock_Config                     0x08000dd0   Section        0  main.o(i.SystemClock_Config)
    i.SystemInit                             0x08000ec0   Section        0  system_stm32f1xx.o(i.SystemInit)
    i.TIM1_UP_IRQHandler                     0x08000f18   Section        0  mytimer.o(i.TIM1_UP_IRQHandler)
    i.TIM2_IRQHandler                        0x08000f30   Section        0  mytimer.o(i.TIM2_IRQHandler)
    i.TIM3_IRQHandler                        0x08000f48   Section        0  mytimer.o(i.TIM3_IRQHandler)
    i.TIM4_IRQHandler                        0x08000f60   Section        0  mytimer.o(i.TIM4_IRQHandler)
    i.__ARM_fpclassify                       0x08000f78   Section        0  fpclassify.o(i.__ARM_fpclassify)
    i.__kernel_poly                          0x08000fa0   Section        0  poly.o(i.__kernel_poly)
    i.__mathlib_dbl_divzero                  0x0800104c   Section        0  dunder.o(i.__mathlib_dbl_divzero)
    i.__mathlib_dbl_infnan                   0x0800105c   Section        0  dunder.o(i.__mathlib_dbl_infnan)
    i.__mathlib_dbl_infnan2                  0x08001062   Section        0  dunder.o(i.__mathlib_dbl_infnan2)
    i.__mathlib_dbl_invalid                  0x08001066   Section        0  dunder.o(i.__mathlib_dbl_invalid)
    i.__mathlib_dbl_overflow                 0x08001072   Section        0  dunder.o(i.__mathlib_dbl_overflow)
    i.__mathlib_dbl_underflow                0x08001080   Section        0  dunder.o(i.__mathlib_dbl_underflow)
    i.__scatterload_copy                     0x08001090   Section       14  handlers.o(i.__scatterload_copy)
    i.__scatterload_null                     0x0800109e   Section        2  handlers.o(i.__scatterload_null)
    i.__scatterload_zeroinit                 0x080010a0   Section       14  handlers.o(i.__scatterload_zeroinit)
    i.__set_errno                            0x080010b0   Section        0  errno.o(i.__set_errno)
    i.assert_failed                          0x080010bc   Section        0  main.o(i.assert_failed)
    i.frexp                                  0x080010c0   Section        0  frexp.o(i.frexp)
    i.log                                    0x08001118   Section        0  log.o(i.log)
    i.log2                                   0x08001474   Section        0  log2.o(i.log2)
    i.main                                   0x0800150c   Section        0  main.o(i.main)
    i.pow                                    0x0800153c   Section        0  pow.o(i.pow)
    i.setAngleVoile                          0x08001f14   Section        0  servomoteur.o(i.setAngleVoile)
    i.sqrt                                   0x08001f78   Section        0  sqrt.o(i.sqrt)
    i.timerConfServo                         0x08001fc4   Section        0  servomoteur.o(i.timerConfServo)
    .constdata                               0x08001ffc   Section       35  mytimer.o(.constdata)
    OFFSET_TAB_CCMRx                         0x08001ffc   Data           7  mytimer.o(.constdata)
    SHIFT_TAB_OCxx                           0x08002003   Data           7  mytimer.o(.constdata)
    SHIFT_TAB_ICxx                           0x0800200a   Data           7  mytimer.o(.constdata)
    SHIFT_TAB_CCxP                           0x08002011   Data           7  mytimer.o(.constdata)
    SHIFT_TAB_OISx                           0x08002018   Data           7  mytimer.o(.constdata)
    .constdata                               0x08002020   Section      136  pow.o(.constdata)
    bp                                       0x08002020   Data          16  pow.o(.constdata)
    dp_h                                     0x08002030   Data          16  pow.o(.constdata)
    dp_l                                     0x08002040   Data          16  pow.o(.constdata)
    L                                        0x08002050   Data          48  pow.o(.constdata)
    P                                        0x08002080   Data          40  pow.o(.constdata)
    .constdata                               0x080020a8   Section       56  log.o(.constdata)
    Lg2                                      0x080020a8   Data          24  log.o(.constdata)
    Lg                                       0x080020c0   Data          32  log.o(.constdata)
    .constdata                               0x080020e0   Section        8  qnan.o(.constdata)
    .data                                    0x20000000   Section        4  servomoteur.o(.data)
    .data                                    0x20000004   Section       16  mytimer.o(.data)
    .data                                    0x20000014   Section        4  system_stm32f1xx.o(.data)
    .data                                    0x20000018   Section        4  errno.o(.data)
    _errno                                   0x20000018   Data           4  errno.o(.data)
    STACK                                    0x20000020   Section     1024  startup_stm32f103xb.o(STACK)

    Global Symbols

    Symbol Name                              Value     Ov Type        Size  Object(Section)

    BuildAttributes$$THM_ISAv4$P$D$K$B$S$PE$A:L22UL41UL21$X:L11$S22US41US21$IEEE1$IW$USESV6$~STKCKD$USESV7$~SHL$OTIME$ROPI$IEEEX$EBA8$MICROLIB$REQ8$PRES8$EABIv2 0x00000000   Number         0  anon$$obj.o ABSOLUTE
    __ARM_use_no_argv                        0x00000000   Number         0  main.o ABSOLUTE
    __cpp_initialize__aeabi_                  - Undefined Weak Reference
    __cxa_finalize                            - Undefined Weak Reference
    __decompress                              - Undefined Weak Reference
    _clock_init                               - Undefined Weak Reference
    _microlib_exit                            - Undefined Weak Reference
    __Vectors_Size                           0x000000ec   Number         0  startup_stm32f103xb.o ABSOLUTE
    __Vectors                                0x08000000   Data           4  startup_stm32f103xb.o(RESET)
    __Vectors_End                            0x080000ec   Data           0  startup_stm32f103xb.o(RESET)
    __main                                   0x080000ed   Thumb Code     0  entry.o(.ARM.Collect$$$$00000000)
    _main_stk                                0x080000ed   Thumb Code     0  entry2.o(.ARM.Collect$$$$00000001)
    _main_scatterload                        0x080000f1   Thumb Code     0  entry5.o(.ARM.Collect$$$$00000004)
    __main_after_scatterload                 0x080000f5   Thumb Code     0  entry5.o(.ARM.Collect$$$$00000004)
    _main_clock                              0x080000f5   Thumb Code     0  entry7b.o(.ARM.Collect$$$$00000008)
    _main_cpp_init                           0x080000f5   Thumb Code     0  entry8b.o(.ARM.Collect$$$$0000000A)
    _main_init                               0x080000f5   Thumb Code     0  entry9a.o(.ARM.Collect$$$$0000000B)
    __rt_final_cpp                           0x080000fd   Thumb Code     0  entry10a.o(.ARM.Collect$$$$0000000D)
    __rt_final_exit                          0x080000fd   Thumb Code     0  entry11a.o(.ARM.Collect$$$$0000000F)
    Reset_Handler                            0x08000101   Thumb Code     8  startup_stm32f103xb.o(.text)
    NMI_Handler                              0x08000109   Thumb Code     2  startup_stm32f103xb.o(.text)
    HardFault_Handler                        0x0800010b   Thumb Code     2  startup_stm32f103xb.o(.text)
    MemManage_Handler                        0x0800010d   Thumb Code     2  startup_stm32f103xb.o(.text)
    BusFault_Handler                         0x0800010f   Thumb Code     2  startup_stm32f103xb.o(.text)
    UsageFault_Handler                       0x08000111   Thumb Code     2  startup_stm32f103xb.o(.text)
    SVC_Handler                              0x08000113   Thumb Code     2  startup_stm32f103xb.o(.text)
    DebugMon_Handler                         0x08000115   Thumb Code     2  startup_stm32f103xb.o(.text)
    PendSV_Handler                           0x08000117   Thumb Code     2  startup_stm32f103xb.o(.text)
    SysTick_Handler                          0x08000119   Thumb Code     2  startup_stm32f103xb.o(.text)
    ADC1_2_IRQHandler                        0x0800011b   Thumb Code     0  startup_stm32f103xb.o(.text)
    CAN1_RX1_IRQHandler                      0x0800011b   Thumb Code     0  startup_stm32f103xb.o(.text)
    CAN1_SCE_IRQHandler                      0x0800011b   Thumb Code     0  startup_stm32f103xb.o(.text)
    DMA1_Channel1_IRQHandler                 0x0800011b   Thumb Code     0  startup_stm32f103xb.o(.text)
    DMA1_Channel2_IRQHandler                 0x0800011b   Thumb Code     0  startup_stm32f103xb.o(.text)
    DMA1_Channel3_IRQHandler                 0x0800011b   Thumb Code     0  startup_stm32f103xb.o(.text)
    DMA1_Channel4_IRQHandler                 0x0800011b   Thumb Code     0  startup_stm32f103xb.o(.text)
    DMA1_Channel5_IRQHandler                 0x0800011b   Thumb Code     0  startup_stm32f103xb.o(.text)
    DMA1_Channel6_IRQHandler                 0x0800011b   Thumb Code     0  startup_stm32f103xb.o(.text)
    DMA1_Channel7_IRQHandler                 0x0800011b   Thumb Code     0  startup_stm32f103xb.o(.text)
    EXTI0_IRQHandler                         0x0800011b   Thumb Code     0  startup_stm32f103xb.o(.text)
    EXTI15_10_IRQHandler                     0x0800011b   Thumb Code     0  startup_stm32f103xb.o(.text)
    EXTI1_IRQHandler                         0x0800011b   Thumb Code     0  startup_stm32f103xb.o(.text)
    EXTI2_IRQHandler                         0x0800011b   Thumb Code     0  startup_stm32f103xb.o(.text)
    EXTI3_IRQHandler                         0x0800011b   Thumb Code     0  startup_stm32f103xb.o(.text)
    EXTI4_IRQHandler                         0x0800011b   Thumb Code     0  startup_stm32f103xb.o(.text)
    EXTI9_5_IRQHandler                       0x0800011b   Thumb Code     0  startup_stm32f103xb.o(.text)
    FLASH_IRQHandler                         0x0800011b   Thumb Code     0  startup_stm32f103xb.o(.text)
    I2C1_ER_IRQHandler                       0x0800011b   Thumb Code     0  startup_stm32f103xb.o(.text)
    I2C1_EV_IRQHandler                       0x0800011b   Thumb Code     0  startup_stm32f103xb.o(.text)
    I2C2_ER_IRQHandler                       0x0800011b   Thumb Code     0  startup_stm32f103xb.o(.text)
    I2C2_EV_IRQHandler                       0x0800011b   Thumb Code     0  startup_stm32f103xb.o(.text)
    PVD_IRQHandler                           0x0800011b   Thumb Code     0  startup_stm32f103xb.o(.text)
    RCC_IRQHandler                           0x0800011b   Thumb Code     0  startup_stm32f103xb.o(.text)
    RTC_Alarm_IRQHandler                     0x0800011b   Thumb Code     0  startup_stm32f103xb.o(.text)
    RTC_IRQHandler                           0x0800011b   Thumb Code     0  startup_stm32f103xb.o(.text)
    SPI1_IRQHandler                          0x0800011b   Thumb Code     0  startup_stm32f103xb.o(.text)
    SPI2_IRQHandler                          0x0800011b   Thumb Code     0  startup_stm32f103xb.o(.text)
    TAMPER_IRQHandler                        0x0800011b   Thumb Code     0  startup_stm32f103xb.o(.text)
    TIM1_BRK_IRQHandler                      0x0800011b   Thumb Code     0  startup_stm32f103xb.o(.text)
    TIM1_CC_IRQHandler                       0x0800011b   Thumb Code     0  startup_stm32f103xb.o(.text)
    TIM1_TRG_COM_IRQHandler                  0x0800011b   Thumb Code     0  startup_stm32f103xb.o(.text)
    USART1_IRQHandler                        0x0800011b   Thumb Code     0  startup_stm32f103xb.o(.text)
    USART2_IRQHandler                        0x0800011b   Thumb Code     0  startup_stm32f103xb.o(.text)
    USART3_IRQHandler                        0x0800011b   Thumb Code     0  startup_stm32f103xb.o(.text)
    USBWakeUp_IRQHandler                     0x0800011b   Thumb Code     0  startup_stm32f103xb.o(.text)
    USB_HP_CAN1_TX_IRQHandler                0x0800011b   Thumb Code     0  startup_stm32f103xb.o(.text)
    USB_LP_CAN1_RX0_IRQHandler               0x0800011b   Thumb Code     0  startup_stm32f103xb.o(.text)
    WWDG_IRQHandler                          0x0800011b   Thumb Code     0  startup_stm32f103xb.o(.text)
    __aeabi_fdiv                             0x08000125   Thumb Code   124  fdiv.o(.text)
    __aeabi_dadd                             0x080001a1   Thumb Code   322  dadd.o(.text)
    __aeabi_dsub                             0x080002e3   Thumb Code     6  dadd.o(.text)
    __aeabi_drsub                            0x080002e9   Thumb Code     6  dadd.o(.text)
    __aeabi_dmul                             0x080002ef   Thumb Code   228  dmul.o(.text)
    __aeabi_ddiv                             0x080003d3   Thumb Code   222  ddiv.o(.text)
    __aeabi_i2d                              0x080004b1   Thumb Code    34  dflti.o(.text)
    __aeabi_d2iz                             0x080004d3   Thumb Code    62  dfixi.o(.text)
    __aeabi_d2uiz                            0x08000511   Thumb Code    50  dfixui.o(.text)
    __aeabi_f2d                              0x08000543   Thumb Code    38  f2d.o(.text)
    __aeabi_cdcmpeq                          0x08000569   Thumb Code     0  cdcmple.o(.text)
    __aeabi_cdcmple                          0x08000569   Thumb Code    48  cdcmple.o(.text)
    __aeabi_llsl                             0x08000599   Thumb Code    30  llshl.o(.text)
    _ll_shift_l                              0x08000599   Thumb Code     0  llshl.o(.text)
    __aeabi_llsr                             0x080005b7   Thumb Code    32  llushr.o(.text)
    _ll_ushift_r                             0x080005b7   Thumb Code     0  llushr.o(.text)
    __aeabi_lasr                             0x080005d7   Thumb Code    36  llsshr.o(.text)
    _ll_sshift_r                             0x080005d7   Thumb Code     0  llsshr.o(.text)
    __I$use$fp                               0x080005fb   Thumb Code     0  iusefp.o(.text)
    _float_round                             0x080005fb   Thumb Code    18  fepilogue.o(.text)
    _float_epilogue                          0x0800060d   Thumb Code    92  fepilogue.o(.text)
    _double_round                            0x08000669   Thumb Code    30  depilogue.o(.text)
    _double_epilogue                         0x08000687   Thumb Code   156  depilogue.o(.text)
    __ARM_scalbn                             0x08000723   Thumb Code    46  dscalb.o(.text)
    scalbn                                   0x08000723   Thumb Code     0  dscalb.o(.text)
    __aeabi_cdrcmple                         0x08000751   Thumb Code    48  cdrcmple.o(.text)
    __scatterload                            0x08000781   Thumb Code    28  init.o(.text)
    __scatterload_rt2                        0x08000781   Thumb Code     0  init.o(.text)
    _dsqrt                                   0x080007a5   Thumb Code   162  dsqrt.o(.text)
    GPIOConfServo                            0x08000849   Thumb Code    14  servomoteur.o(i.GPIOConfServo)
    LL_Init1msTick                           0x080008d1   Thumb Code    28  stm32f1xx_ll_utils.o(i.LL_Init1msTick)
    LL_SetSystemCoreClock                    0x080008ed   Thumb Code     6  stm32f1xx_ll_utils.o(i.LL_SetSystemCoreClock)
    LL_TIM_Init                              0x0800096d   Thumb Code   228  stm32f1xx_ll_tim.o(i.LL_TIM_Init)
    MyGPIO_pin_conf                          0x08000aed   Thumb Code   244  mygpio.o(i.MyGPIO_pin_conf)
    MyTimer_Conf                             0x08000c01   Thumb Code   118  mytimer.o(i.MyTimer_Conf)
    MyTimer_Start                            0x08000c85   Thumb Code    14  mytimer.o(i.MyTimer_Start)
    PWM_Init                                 0x08000c95   Thumb Code   248  mytimer.o(i.PWM_Init)
    PWM_Set_CCR                              0x08000d99   Thumb Code    54  mytimer.o(i.PWM_Set_CCR)
    SystemClock_Config                       0x08000dd1   Thumb Code   226  main.o(i.SystemClock_Config)
    SystemInit                               0x08000ec1   Thumb Code    70  system_stm32f1xx.o(i.SystemInit)
    TIM1_UP_IRQHandler                       0x08000f19   Thumb Code    16  mytimer.o(i.TIM1_UP_IRQHandler)
    TIM2_IRQHandler                          0x08000f31   Thumb Code    18  mytimer.o(i.TIM2_IRQHandler)
    TIM3_IRQHandler                          0x08000f49   Thumb Code    16  mytimer.o(i.TIM3_IRQHandler)
    TIM4_IRQHandler                          0x08000f61   Thumb Code    16  mytimer.o(i.TIM4_IRQHandler)
    __ARM_fpclassify                         0x08000f79   Thumb Code    40  fpclassify.o(i.__ARM_fpclassify)
    __kernel_poly                            0x08000fa1   Thumb Code   170  poly.o(i.__kernel_poly)
    __mathlib_dbl_divzero                    0x0800104d   Thumb Code    12  dunder.o(i.__mathlib_dbl_divzero)
    __mathlib_dbl_infnan                     0x0800105d   Thumb Code     6  dunder.o(i.__mathlib_dbl_infnan)
    __mathlib_dbl_infnan2                    0x08001063   Thumb Code     4  dunder.o(i.__mathlib_dbl_infnan2)
    __mathlib_dbl_invalid                    0x08001067   Thumb Code    12  dunder.o(i.__mathlib_dbl_invalid)
    __mathlib_dbl_overflow                   0x08001073   Thumb Code    14  dunder.o(i.__mathlib_dbl_overflow)
    __mathlib_dbl_underflow                  0x08001081   Thumb Code    10  dunder.o(i.__mathlib_dbl_underflow)
    __scatterload_copy                       0x08001091   Thumb Code    14  handlers.o(i.__scatterload_copy)
    __scatterload_null                       0x0800109f   Thumb Code     2  handlers.o(i.__scatterload_null)
    __scatterload_zeroinit                   0x080010a1   Thumb Code    14  handlers.o(i.__scatterload_zeroinit)
    __set_errno                              0x080010b1   Thumb Code     6  errno.o(i.__set_errno)
    assert_failed                            0x080010bd   Thumb Code     4  main.o(i.assert_failed)
    frexp                                    0x080010c1   Thumb Code    80  frexp.o(i.frexp)
    log                                      0x08001119   Thumb Code   808  log.o(i.log)
    log2                                     0x08001475   Thumb Code   140  log2.o(i.log2)
    main                                     0x0800150d   Thumb Code    40  main.o(i.main)
    pow                                      0x0800153d   Thumb Code  2512  pow.o(i.pow)
    setAngleVoile                            0x08001f15   Thumb Code    86  servomoteur.o(i.setAngleVoile)
    sqrt                                     0x08001f79   Thumb Code    76  sqrt.o(i.sqrt)
    timerConfServo                           0x08001fc5   Thumb Code    48  servomoteur.o(i.timerConfServo)
    __mathlib_zero                           0x080020e0   Data           8  qnan.o(.constdata)
    Region$$Table$$Base                      0x080020e8   Number         0  anon$$obj.o(Region$$Table)
    Region$$Table$$Limit                     0x08002108   Number         0  anon$$obj.o(Region$$Table)
    resPWM                                   0x20000000   Data           4  servomoteur.o(.data)
    Ptr_ItFct_TIM1                           0x20000004   Data           4  mytimer.o(.data)
    Ptr_ItFct_TIM2                           0x20000008   Data           4  mytimer.o(.data)
    Ptr_ItFct_TIM3                           0x2000000c   Data           4  mytimer.o(.data)
    Ptr_ItFct_TIM4                           0x20000010   Data           4  mytimer.o(.data)
    SystemCoreClock                          0x20000014   Data           4  system_stm32f1xx.o(.data)
    __initial_sp                             0x20000420   Data           0  startup_stm32f103xb.o(STACK)



==============================================================================

Memory Map of the image

  Image Entry point : 0x080000ed

  Load Region LR_IROM1 (Base: 0x08000000, Size: 0x00002124, Max: 0x00020000, ABSOLUTE)

    Execution Region ER_IROM1 (Exec base: 0x08000000, Load base: 0x08000000, Size: 0x00002108, Max: 0x00020000, ABSOLUTE)

    Exec Addr    Load Addr    Size         Type   Attr      Idx    E Section Name        Object

    0x08000000   0x08000000   0x000000ec   Data   RO         1102    RESET               startup_stm32f103xb.o
    0x080000ec   0x080000ec   0x00000000   Code   RO         1131  * .ARM.Collect$$$$00000000  mc_w.l(entry.o)
    0x080000ec   0x080000ec   0x00000004   Code   RO         1195    .ARM.Collect$$$$00000001  mc_w.l(entry2.o)
    0x080000f0   0x080000f0   0x00000004   Code   RO         1198    .ARM.Collect$$$$00000004  mc_w.l(entry5.o)
    0x080000f4   0x080000f4   0x00000000   Code   RO         1200    .ARM.Collect$$$$00000008  mc_w.l(entry7b.o)
    0x080000f4   0x080000f4   0x00000000   Code   RO         1202    .ARM.Collect$$$$0000000A  mc_w.l(entry8b.o)
    0x080000f4   0x080000f4   0x00000008   Code   RO         1203    .ARM.Collect$$$$0000000B  mc_w.l(entry9a.o)
    0x080000fc   0x080000fc   0x00000000   Code   RO         1205    .ARM.Collect$$$$0000000D  mc_w.l(entry10a.o)
    0x080000fc   0x080000fc   0x00000000   Code   RO         1207    .ARM.Collect$$$$0000000F  mc_w.l(entry11a.o)
    0x080000fc   0x080000fc   0x00000004   Code   RO         1196    .ARM.Collect$$$$00002712  mc_w.l(entry2.o)
    0x08000100   0x08000100   0x00000024   Code   RO         1103    .text               startup_stm32f103xb.o
    0x08000124   0x08000124   0x0000007c   Code   RO         1134    .text               mf_w.l(fdiv.o)
    0x080001a0   0x080001a0   0x0000014e   Code   RO         1136    .text               mf_w.l(dadd.o)
    0x080002ee   0x080002ee   0x000000e4   Code   RO         1138    .text               mf_w.l(dmul.o)
    0x080003d2   0x080003d2   0x000000de   Code   RO         1140    .text               mf_w.l(ddiv.o)
    0x080004b0   0x080004b0   0x00000022   Code   RO         1142    .text               mf_w.l(dflti.o)
    0x080004d2   0x080004d2   0x0000003e   Code   RO         1146    .text               mf_w.l(dfixi.o)
    0x08000510   0x08000510   0x00000032   Code   RO         1148    .text               mf_w.l(dfixui.o)
    0x08000542   0x08000542   0x00000026   Code   RO         1150    .text               mf_w.l(f2d.o)
    0x08000568   0x08000568   0x00000030   Code   RO         1152    .text               mf_w.l(cdcmple.o)
    0x08000598   0x08000598   0x0000001e   Code   RO         1209    .text               mc_w.l(llshl.o)
    0x080005b6   0x080005b6   0x00000020   Code   RO         1211    .text               mc_w.l(llushr.o)
    0x080005d6   0x080005d6   0x00000024   Code   RO         1213    .text               mc_w.l(llsshr.o)
    0x080005fa   0x080005fa   0x00000000   Code   RO         1222    .text               mc_w.l(iusefp.o)
    0x080005fa   0x080005fa   0x0000006e   Code   RO         1223    .text               mf_w.l(fepilogue.o)
    0x08000668   0x08000668   0x000000ba   Code   RO         1225    .text               mf_w.l(depilogue.o)
    0x08000722   0x08000722   0x0000002e   Code   RO         1227    .text               mf_w.l(dscalb.o)
    0x08000750   0x08000750   0x00000030   Code   RO         1229    .text               mf_w.l(cdrcmple.o)
    0x08000780   0x08000780   0x00000024   Code   RO         1231    .text               mc_w.l(init.o)
    0x080007a4   0x080007a4   0x000000a2   Code   RO         1233    .text               mf_w.l(dsqrt.o)
    0x08000846   0x08000846   0x00000002   PAD
    0x08000848   0x08000848   0x00000014   Code   RO          405    i.GPIOConfServo     servomoteur.o
    0x0800085c   0x0800085c   0x0000001c   Code   RO          446    i.LL_APB1_GRP1_EnableClock  mytimer.o
    0x08000878   0x08000878   0x0000002c   Code   RO          602    i.LL_GPIO_SetPinMode  mygpio.o
    0x080008a4   0x080008a4   0x0000002c   Code   RO          603    i.LL_GPIO_SetPinOutputType  mygpio.o
    0x080008d0   0x080008d0   0x0000001c   Code   RO          758    i.LL_Init1msTick    stm32f1xx_ll_utils.o
    0x080008ec   0x080008ec   0x0000000c   Code   RO          765    i.LL_SetSystemCoreClock  stm32f1xx_ll_utils.o
    0x080008f8   0x080008f8   0x00000008   Code   RO          447    i.LL_TIM_ClearFlag_UPDATE  mytimer.o
    0x08000900   0x08000900   0x0000000a   Code   RO          448    i.LL_TIM_DisableCounter  mytimer.o
    0x0800090a   0x0800090a   0x0000000a   Code   RO          449    i.LL_TIM_DisableIT_UPDATE  mytimer.o
    0x08000914   0x08000914   0x00000058   Code   RO          450    i.LL_TIM_IC_SetPolarity  mytimer.o
    0x0800096c   0x0800096c   0x00000114   Code   RO          870    i.LL_TIM_Init       stm32f1xx_ll_tim.o
    0x08000a80   0x08000a80   0x0000006c   Code   RO          451    i.LL_TIM_OC_SetMode  mytimer.o
    0x08000aec   0x08000aec   0x00000114   Code   RO          604    i.MyGPIO_pin_conf   mygpio.o
    0x08000c00   0x08000c00   0x00000084   Code   RO          452    i.MyTimer_Conf      mytimer.o
    0x08000c84   0x08000c84   0x0000000e   Code   RO          456    i.MyTimer_Start     mytimer.o
    0x08000c92   0x08000c92   0x00000002   PAD
    0x08000c94   0x08000c94   0x00000104   Code   RO          459    i.PWM_Init          mytimer.o
    0x08000d98   0x08000d98   0x00000036   Code   RO          460    i.PWM_Set_CCR       mytimer.o
    0x08000dce   0x08000dce   0x00000002   PAD
    0x08000dd0   0x08000dd0   0x000000f0   Code   RO            4    i.SystemClock_Config  main.o
    0x08000ec0   0x08000ec0   0x00000058   Code   RO         1067    i.SystemInit        system_stm32f1xx.o
    0x08000f18   0x08000f18   0x00000018   Code   RO          462    i.TIM1_UP_IRQHandler  mytimer.o
    0x08000f30   0x08000f30   0x00000018   Code   RO          463    i.TIM2_IRQHandler   mytimer.o
    0x08000f48   0x08000f48   0x00000018   Code   RO          464    i.TIM3_IRQHandler   mytimer.o
    0x08000f60   0x08000f60   0x00000018   Code   RO          465    i.TIM4_IRQHandler   mytimer.o
    0x08000f78   0x08000f78   0x00000028   Code   RO         1168    i.__ARM_fpclassify  m_ws.l(fpclassify.o)
    0x08000fa0   0x08000fa0   0x000000aa   Code   RO         1184    i.__kernel_poly     m_ws.l(poly.o)
    0x0800104a   0x0800104a   0x00000002   PAD
    0x0800104c   0x0800104c   0x00000010   Code   RO         1154    i.__mathlib_dbl_divzero  m_ws.l(dunder.o)
    0x0800105c   0x0800105c   0x00000006   Code   RO         1155    i.__mathlib_dbl_infnan  m_ws.l(dunder.o)
    0x08001062   0x08001062   0x00000004   Code   RO         1156    i.__mathlib_dbl_infnan2  m_ws.l(dunder.o)
    0x08001066   0x08001066   0x0000000c   Code   RO         1157    i.__mathlib_dbl_invalid  m_ws.l(dunder.o)
    0x08001072   0x08001072   0x0000000e   Code   RO         1158    i.__mathlib_dbl_overflow  m_ws.l(dunder.o)
    0x08001080   0x08001080   0x00000010   Code   RO         1160    i.__mathlib_dbl_underflow  m_ws.l(dunder.o)
    0x08001090   0x08001090   0x0000000e   Code   RO         1237    i.__scatterload_copy  mc_w.l(handlers.o)
    0x0800109e   0x0800109e   0x00000002   Code   RO         1238    i.__scatterload_null  mc_w.l(handlers.o)
    0x080010a0   0x080010a0   0x0000000e   Code   RO         1239    i.__scatterload_zeroinit  mc_w.l(handlers.o)
    0x080010ae   0x080010ae   0x00000002   PAD
    0x080010b0   0x080010b0   0x0000000c   Code   RO         1217    i.__set_errno       mc_w.l(errno.o)
    0x080010bc   0x080010bc   0x00000004   Code   RO            5    i.assert_failed     main.o
    0x080010c0   0x080010c0   0x00000058   Code   RO         1171    i.frexp             m_ws.l(frexp.o)
    0x08001118   0x08001118   0x0000035c   Code   RO         1175    i.log               m_ws.l(log.o)
    0x08001474   0x08001474   0x00000098   Code   RO         1117    i.log2              m_ws.l(log2.o)
    0x0800150c   0x0800150c   0x00000030   Code   RO            6    i.main              main.o
    0x0800153c   0x0800153c   0x000009d8   Code   RO         1122    i.pow               m_ws.l(pow.o)
    0x08001f14   0x08001f14   0x00000064   Code   RO          406    i.setAngleVoile     servomoteur.o
    0x08001f78   0x08001f78   0x0000004c   Code   RO         1188    i.sqrt              m_ws.l(sqrt.o)
    0x08001fc4   0x08001fc4   0x00000038   Code   RO          407    i.timerConfServo    servomoteur.o
    0x08001ffc   0x08001ffc   0x00000023   Data   RO          466    .constdata          mytimer.o
    0x0800201f   0x0800201f   0x00000001   PAD
    0x08002020   0x08002020   0x00000088   Data   RO         1123    .constdata          m_ws.l(pow.o)
    0x080020a8   0x080020a8   0x00000038   Data   RO         1176    .constdata          m_ws.l(log.o)
    0x080020e0   0x080020e0   0x00000008   Data   RO         1186    .constdata          m_ws.l(qnan.o)
    0x080020e8   0x080020e8   0x00000020   Data   RO         1235    Region$$Table       anon$$obj.o


    Execution Region RW_IRAM1 (Exec base: 0x20000000, Load base: 0x08002108, Size: 0x00000420, Max: 0x00005000, ABSOLUTE)

    Exec Addr    Load Addr    Size         Type   Attr      Idx    E Section Name        Object

    0x20000000   0x08002108   0x00000004   Data   RW          408    .data               servomoteur.o
    0x20000004   0x0800210c   0x00000010   Data   RW          467    .data               mytimer.o
    0x20000014   0x0800211c   0x00000004   Data   RW         1069    .data               system_stm32f1xx.o
    0x20000018   0x08002120   0x00000004   Data   RW         1218    .data               mc_w.l(errno.o)
    0x2000001c   0x08002124   0x00000004   PAD
    0x20000020        -       0x00000400   Zero   RW         1100    STACK               startup_stm32f103xb.o


==============================================================================

Image component sizes


      Code (inc. data)   RO Data    RW Data    ZI Data      Debug   Object Name

       292         22          0          0          0     356224   main.o
       364         48          0          0          0       9986   mygpio.o
       808         74         35         16          0      35793   mytimer.o
       176         28          0          4          0       1762   servomoteur.o
        36          8        236          0       1024        780   startup_stm32f103xb.o
       276         48          0          0          0      28998   stm32f1xx_ll_tim.o
        40          6          0          0          0       2105   stm32f1xx_ll_utils.o
        88         18          0          4          0       1171   system_stm32f1xx.o

    ----------------------------------------------------------------------
      2084        252        304         24       1024     436819   Object Totals
         0          0         32          0          0          0   (incl. Generated)
         4          0          1          0          0          0   (incl. Padding)

    ----------------------------------------------------------------------

      Code (inc. data)   RO Data    RW Data    ZI Data      Debug   Library Member Name

        68         10          0          0          0        408   dunder.o
        40          0          0          0          0         68   fpclassify.o
        88          8          0          0          0         76   frexp.o
       860         52         56          0          0        256   log.o
       152         12          0          0          0         88   log2.o
       170          0          0          0          0         96   poly.o
      2520        190        136          0          0        324   pow.o
         0          0          8          0          0          0   qnan.o
        76          0          0          0          0         84   sqrt.o
         0          0          0          0          0          0   entry.o
         0          0          0          0          0          0   entry10a.o
         0          0          0          0          0          0   entry11a.o
         8          4          0          0          0          0   entry2.o
         4          0          0          0          0          0   entry5.o
         0          0          0          0          0          0   entry7b.o
         0          0          0          0          0          0   entry8b.o
         8          4          0          0          0          0   entry9a.o
        12          6          0          4          0         68   errno.o
        30          0          0          0          0          0   handlers.o
        36          8          0          0          0         68   init.o
         0          0          0          0          0          0   iusefp.o
        30          0          0          0          0         68   llshl.o
        36          0          0          0          0         68   llsshr.o
        32          0          0          0          0         68   llushr.o
        48          0          0          0          0         68   cdcmple.o
        48          0          0          0          0         68   cdrcmple.o
       334          0          0          0          0        148   dadd.o
       222          0          0          0          0        100   ddiv.o
       186          0          0          0          0        176   depilogue.o
        62          0          0          0          0         80   dfixi.o
        50          0          0          0          0         76   dfixui.o
        34          0          0          0          0         76   dflti.o
       228          0          0          0          0         96   dmul.o
        46          0          0          0          0         80   dscalb.o
       162          0          0          0          0        100   dsqrt.o
        38          0          0          0          0         68   f2d.o
       124          0          0          0          0         88   fdiv.o
       110          0          0          0          0        168   fepilogue.o

    ----------------------------------------------------------------------
      5868        294        200          4          4       3132   Library Totals
         6          0          0          0          4          0   (incl. Padding)

    ----------------------------------------------------------------------

      Code (inc. data)   RO Data    RW Data    ZI Data      Debug   Library Name

      3974        272        200          0          0       1400   m_ws.l
       196         22          0          4          0        340   mc_w.l
      1692          0          0          0          0       1392   mf_w.l

    ----------------------------------------------------------------------
      5868        294        200          4          4       3132   Library Totals

    ----------------------------------------------------------------------

==============================================================================


      Code (inc. data)   RO Data    RW Data    ZI Data      Debug   

      7952        546        504         28       1028     437295   Grand Totals
      7952        546        504         28       1028     437295   ELF Image Totals
      7952        546        504         28          0          0   ROM Totals

==============================================================================

    Total RO  Size (Code + RO Data)                 8456 (   8.26kB)
    Total RW  Size (RW Data + ZI Data)              1056 (   1.03kB)
    Total ROM Size (Code + RO Data + RW Data)       8484 (   8.29kB)

==============================================================================

