Component: ARM Compiler 5.06 update 6 (build 750) Tool: armlink [4d35ed]

==============================================================================

Section Cross References

    main.o(i.SystemClock_Config) refers to stm32f1xx_ll_utils.o(i.LL_Init1msTick) for LL_Init1msTick
    main.o(i.SystemClock_Config) refers to stm32f1xx_ll_utils.o(i.LL_SetSystemCoreClock) for LL_SetSystemCoreClock
    main.o(i.main) refers to main.o(i.SystemClock_Config) for SystemClock_Config
    main.o(i.main) refers to controlemoteur.o(i.confDriversMoteur) for confDriversMoteur
    main.o(i.main) refers to controlevoile.o(i.confDriversVoile) for confDriversVoile
    main.o(i.main) refers to controlevoile.o(i.reglerVoile) for reglerVoile
    main.o(i.main) refers to controlemoteur.o(i.reglerVitesseMot) for reglerVitesseMot
    main.o(i.main) refers to controlemoteur.o(i.reglerCap) for reglerCap
    controlemoteur.o(i.confDriversMoteur) refers to moteur.o(i.Moteur_Conf) for Moteur_Conf
    controlemoteur.o(i.confDriversMoteur) refers to recepteurrf.o(i.RecepteurRF_Conf) for RecepteurRF_Conf
    controlemoteur.o(i.reglerCap) refers to recepteurrf.o(i.getCap) for getCap
    controlemoteur.o(i.reglerCap) refers to moteur.o(i.setCap) for setCap
    controlemoteur.o(i.reglerVitesseMot) refers to recepteurrf.o(i.getVitesse) for getVitesse
    controlemoteur.o(i.reglerVitesseMot) refers to dfixi.o(.text) for __aeabi_d2iz
    controlemoteur.o(i.reglerVitesseMot) refers to moteur.o(i.setVitesse) for setVitesse
    controlevoile.o(i.confDriversVoile) refers to servomoteur.o(i.GPIOConfServo) for GPIOConfServo
    controlevoile.o(i.confDriversVoile) refers to servomoteur.o(i.timerConfServo) for timerConfServo
    controlevoile.o(i.confDriversVoile) refers to girouette.o(i.GPIOConfGirouette) for GPIOConfGirouette
    controlevoile.o(i.confDriversVoile) refers to girouette.o(i.timerConfGirouette) for timerConfGirouette
    controlevoile.o(i.confDriversVoile) refers to accelerometre.o(i.GPIOConfAccelero) for GPIOConfAccelero
    controlevoile.o(i.confDriversVoile) refers to accelerometre.o(i.ADCConfAccelero) for ADCConfAccelero
    controlevoile.o(i.confDriversVoile) refers to girouette.o(i.initAngleGirouette) for initAngleGirouette
    controlevoile.o(i.reglerVoile) refers to accelerometre.o(i.getAngleRoulis) for getAngleRoulis
    controlevoile.o(i.reglerVoile) refers to servomoteur.o(i.setAngleVoile) for setAngleVoile
    controlevoile.o(i.reglerVoile) refers to girouette.o(i.getAngleVent) for getAngleVent
    controlevoile.o(i.reglerVoile) refers to dflti.o(.text) for __aeabi_i2d
    accelerometre.o(i.ADCConfAccelero) refers to myadc.o(i.MyADC_conf) for MyADC_conf
    accelerometre.o(i.GPIOConfAccelero) refers to mygpio.o(i.MyGPIO_pin_conf) for MyGPIO_pin_conf
    accelerometre.o(i.getAngleRoulis) refers to myadc.o(i.MyADC_get_value) for MyADC_get_value
    accelerometre.o(i.getAngleRoulis) refers to dflti.o(.text) for __aeabi_i2d
    accelerometre.o(i.getAngleRoulis) refers to ddiv.o(.text) for __aeabi_ddiv
    accelerometre.o(i.getAngleRoulis) refers to acos.o(i.acos) for acos
    accelerometre.o(i.getAngleRoulis) refers to dfixi.o(.text) for __aeabi_d2iz
    batterie.o(i.Batterie_Conf) refers to mygpio.o(i.MyGPIO_pin_conf) for MyGPIO_pin_conf
    batterie.o(i.Batterie_Conf) refers to myadc.o(i.MyADC_conf) for MyADC_conf
    batterie.o(i.getNiveau) refers to myadc.o(i.MyADC_get_value) for MyADC_get_value
    batterie.o(i.getNiveau) refers to dflti.o(.text) for __aeabi_i2d
    batterie.o(i.getNiveau) refers to dmul.o(.text) for __aeabi_dmul
    batterie.o(i.getNiveau) refers to ddiv.o(.text) for __aeabi_ddiv
    girouette.o(i.GPIOConfGirouette) refers to mygpio.o(i.MyGPIO_pin_conf) for MyGPIO_pin_conf
    girouette.o(i.getAngleVent) refers to mytimer.o(i.Get_Count_Timer) for Get_Count_Timer
    girouette.o(i.initAngleGirouette) refers to mygpio.o(i.MyGPIO_wait_for_pin) for MyGPIO_wait_for_pin
    girouette.o(i.initAngleGirouette) refers to mytimer.o(i.Reset_Count_Timer) for Reset_Count_Timer
    girouette.o(i.timerConfGirouette) refers to mytimer.o(i.EncoderMode_Init) for EncoderMode_Init
    moteur.o(i.Moteur_Conf) refers to mygpio.o(i.MyGPIO_pin_conf) for MyGPIO_pin_conf
    moteur.o(i.Moteur_Conf) refers to mytimer.o(i.PWM_Init) for PWM_Init
    moteur.o(i.setVitesse) refers to mytimer.o(i.PWM_Set_CCR) for PWM_Set_CCR
    recepteurrf.o(i.RecepteurRF_Conf) refers to mygpio.o(i.MyGPIO_pin_conf) for MyGPIO_pin_conf
    recepteurrf.o(i.RecepteurRF_Conf) refers to mytimer.o(i.PWM_Init) for PWM_Init
    recepteurrf.o(i.RecepteurRF_Get_Duty_Cycle) refers to dfltui.o(.text) for __aeabi_ui2d
    recepteurrf.o(i.RecepteurRF_Get_Duty_Cycle) refers to dmul.o(.text) for __aeabi_dmul
    recepteurrf.o(i.RecepteurRF_Get_Duty_Cycle) refers to ddiv.o(.text) for __aeabi_ddiv
    recepteurrf.o(i.getCap) refers to recepteurrf.o(i.RecepteurRF_Get_Duty_Cycle) for RecepteurRF_Get_Duty_Cycle
    recepteurrf.o(i.getCap) refers to cdcmple.o(.text) for __aeabi_cdcmple
    recepteurrf.o(i.getVitesse) refers to recepteurrf.o(i.RecepteurRF_Get_Duty_Cycle) for RecepteurRF_Get_Duty_Cycle
    recepteurrf.o(i.getVitesse) refers to dadd.o(.text) for __aeabi_dsub
    recepteurrf.o(i.getVitesse) refers to dmul.o(.text) for __aeabi_dmul
    recepteurrf.o(i.getVitesse) refers to ddiv.o(.text) for __aeabi_ddiv
    servomoteur.o(i.GPIOConfServo) refers to mygpio.o(i.MyGPIO_pin_conf) for MyGPIO_pin_conf
    servomoteur.o(i.setAngleVoile) refers to dfltui.o(.text) for __aeabi_ui2d
    servomoteur.o(i.setAngleVoile) refers to ddiv.o(.text) for __aeabi_ddiv
    servomoteur.o(i.setAngleVoile) refers to dmul.o(.text) for __aeabi_dmul
    servomoteur.o(i.setAngleVoile) refers to dfixi.o(.text) for __aeabi_d2iz
    servomoteur.o(i.setAngleVoile) refers to mytimer.o(i.PWM_Set_CCR) for PWM_Set_CCR
    servomoteur.o(i.timerConfServo) refers to mytimer.o(i.PWM_Init) for PWM_Init
    servomoteur.o(i.timerConfServo) refers to dfixi.o(.text) for __aeabi_d2iz
    servomoteur.o(i.timerConfServo) refers to mytimer.o(i.MyTimer_Start) for MyTimer_Start
    servomoteur.o(i.timerConfServo) refers to mytimer.o(i.PWM_Set_CCR) for PWM_Set_CCR
    servomoteur.o(i.timerConfServo) refers to servomoteur.o(.data) for resPWM
    mytimer.o(i.EncoderMode_Init) refers to mytimer.o(i.MyTimer_Conf) for MyTimer_Conf
    mytimer.o(i.LL_TIM_IC_SetPolarity) refers to mytimer.o(.constdata) for SHIFT_TAB_CCxP
    mytimer.o(i.LL_TIM_OC_SetMode) refers to mytimer.o(.constdata) for OFFSET_TAB_CCMRx
    mytimer.o(i.MyTimer_Conf) refers to mytimer.o(i.LL_APB1_GRP1_EnableClock) for LL_APB1_GRP1_EnableClock
    mytimer.o(i.MyTimer_Conf) refers to stm32f1xx_ll_tim.o(i.LL_TIM_Init) for LL_TIM_Init
    mytimer.o(i.MyTimer_Conf) refers to mytimer.o(i.LL_TIM_DisableIT_UPDATE) for LL_TIM_DisableIT_UPDATE
    mytimer.o(i.MyTimer_Conf) refers to mytimer.o(i.LL_TIM_DisableCounter) for LL_TIM_DisableCounter
    mytimer.o(i.MyTimer_IT_Conf) refers to mytimer.o(i.LL_TIM_DisableIT_UPDATE) for LL_TIM_DisableIT_UPDATE
    mytimer.o(i.MyTimer_IT_Conf) refers to mytimer.o(.data) for Ptr_ItFct_TIM1
    mytimer.o(i.MyTimer_IT_Disable) refers to mytimer.o(i.LL_TIM_DisableIT_UPDATE) for LL_TIM_DisableIT_UPDATE
    mytimer.o(i.MyTimer_Stop) refers to mytimer.o(i.LL_TIM_DisableCounter) for LL_TIM_DisableCounter
    mytimer.o(i.PWM_Init) refers to fdiv.o(.text) for __aeabi_fdiv
    mytimer.o(i.PWM_Init) refers to f2d.o(.text) for __aeabi_f2d
    mytimer.o(i.PWM_Init) refers to dmul.o(.text) for __aeabi_dmul
    mytimer.o(i.PWM_Init) refers to dadd.o(.text) for __aeabi_dsub
    mytimer.o(i.PWM_Init) refers to dfixi.o(.text) for __aeabi_d2iz
    mytimer.o(i.PWM_Init) refers to mytimer.o(i.MyTimer_Conf) for MyTimer_Conf
    mytimer.o(i.PWM_Init) refers to log2.o(i.log2) for log2
    mytimer.o(i.PWM_Init) refers to mytimer.o(i.LL_TIM_OC_SetMode) for LL_TIM_OC_SetMode
    mytimer.o(i.PWM_Init) refers to dfixui.o(.text) for __aeabi_d2uiz
    mytimer.o(i.PWM_Init) refers to mytimer.o(i.LL_TIM_IC_SetPolarity) for LL_TIM_IC_SetPolarity
    mytimer.o(i.TIM1_UP_IRQHandler) refers to mytimer.o(i.LL_TIM_ClearFlag_UPDATE) for LL_TIM_ClearFlag_UPDATE
    mytimer.o(i.TIM1_UP_IRQHandler) refers to mytimer.o(.data) for Ptr_ItFct_TIM1
    mytimer.o(i.TIM2_IRQHandler) refers to mytimer.o(i.LL_TIM_ClearFlag_UPDATE) for LL_TIM_ClearFlag_UPDATE
    mytimer.o(i.TIM2_IRQHandler) refers to mytimer.o(.data) for Ptr_ItFct_TIM2
    mytimer.o(i.TIM3_IRQHandler) refers to mytimer.o(i.LL_TIM_ClearFlag_UPDATE) for LL_TIM_ClearFlag_UPDATE
    mytimer.o(i.TIM3_IRQHandler) refers to mytimer.o(.data) for Ptr_ItFct_TIM3
    mytimer.o(i.TIM4_IRQHandler) refers to mytimer.o(i.LL_TIM_ClearFlag_UPDATE) for LL_TIM_ClearFlag_UPDATE
    mytimer.o(i.TIM4_IRQHandler) refers to mytimer.o(.data) for Ptr_ItFct_TIM4
    mygpio.o(i.MyGPIO_pin_conf) refers to mygpio.o(i.LL_GPIO_SetPinMode) for LL_GPIO_SetPinMode
    mygpio.o(i.MyGPIO_pin_conf) refers to mygpio.o(i.LL_GPIO_SetPinOutputType) for LL_GPIO_SetPinOutputType
    stm32f1xx_ll_rcc.o(i.LL_RCC_DeInit) refers to stm32f1xx_ll_rcc.o(i.LL_RCC_PLL_IsReady) for LL_RCC_PLL_IsReady
    stm32f1xx_ll_rcc.o(i.LL_RCC_GetADCClockFreq) refers to main.o(i.assert_failed) for assert_failed
    stm32f1xx_ll_rcc.o(i.LL_RCC_GetADCClockFreq) refers to stm32f1xx_ll_rcc.o(i.RCC_GetSystemClockFreq) for RCC_GetSystemClockFreq
    stm32f1xx_ll_rcc.o(i.LL_RCC_GetADCClockFreq) refers to stm32f1xx_ll_rcc.o(i.RCC_GetHCLKClockFreq) for RCC_GetHCLKClockFreq
    stm32f1xx_ll_rcc.o(i.LL_RCC_GetADCClockFreq) refers to stm32f1xx_ll_rcc.o(i.RCC_GetPCLK2ClockFreq) for RCC_GetPCLK2ClockFreq
    stm32f1xx_ll_rcc.o(i.LL_RCC_GetSystemClocksFreq) refers to stm32f1xx_ll_rcc.o(i.RCC_GetSystemClockFreq) for RCC_GetSystemClockFreq
    stm32f1xx_ll_rcc.o(i.LL_RCC_GetSystemClocksFreq) refers to stm32f1xx_ll_rcc.o(i.RCC_GetHCLKClockFreq) for RCC_GetHCLKClockFreq
    stm32f1xx_ll_rcc.o(i.LL_RCC_GetSystemClocksFreq) refers to stm32f1xx_ll_rcc.o(i.RCC_GetPCLK1ClockFreq) for RCC_GetPCLK1ClockFreq
    stm32f1xx_ll_rcc.o(i.LL_RCC_GetSystemClocksFreq) refers to stm32f1xx_ll_rcc.o(i.RCC_GetPCLK2ClockFreq) for RCC_GetPCLK2ClockFreq
    stm32f1xx_ll_rcc.o(i.LL_RCC_GetUSBClockFreq) refers to main.o(i.assert_failed) for assert_failed
    stm32f1xx_ll_rcc.o(i.LL_RCC_GetUSBClockFreq) refers to stm32f1xx_ll_rcc.o(i.LL_RCC_PLL_IsReady) for LL_RCC_PLL_IsReady
    stm32f1xx_ll_rcc.o(i.LL_RCC_GetUSBClockFreq) refers to stm32f1xx_ll_rcc.o(i.RCC_PLL_GetFreqDomain_SYS) for RCC_PLL_GetFreqDomain_SYS
    stm32f1xx_ll_rcc.o(i.RCC_GetHCLKClockFreq) refers to system_stm32f1xx.o(.constdata) for AHBPrescTable
    stm32f1xx_ll_rcc.o(i.RCC_GetPCLK1ClockFreq) refers to system_stm32f1xx.o(.constdata) for APBPrescTable
    stm32f1xx_ll_rcc.o(i.RCC_GetPCLK2ClockFreq) refers to system_stm32f1xx.o(.constdata) for APBPrescTable
    stm32f1xx_ll_rcc.o(i.RCC_GetSystemClockFreq) refers to stm32f1xx_ll_rcc.o(i.RCC_PLL_GetFreqDomain_SYS) for RCC_PLL_GetFreqDomain_SYS
    stm32f1xx_ll_utils.o(i.LL_PLL_ConfigSystemClock_HSE) refers to main.o(i.assert_failed) for assert_failed
    stm32f1xx_ll_utils.o(i.LL_PLL_ConfigSystemClock_HSE) refers to stm32f1xx_ll_utils.o(i.UTILS_PLL_IsBusy) for UTILS_PLL_IsBusy
    stm32f1xx_ll_utils.o(i.LL_PLL_ConfigSystemClock_HSE) refers to stm32f1xx_ll_utils.o(i.UTILS_GetPLLOutputFrequency) for UTILS_GetPLLOutputFrequency
    stm32f1xx_ll_utils.o(i.LL_PLL_ConfigSystemClock_HSE) refers to stm32f1xx_ll_utils.o(i.LL_RCC_HSE_IsReady) for LL_RCC_HSE_IsReady
    stm32f1xx_ll_utils.o(i.LL_PLL_ConfigSystemClock_HSE) refers to stm32f1xx_ll_utils.o(i.LL_RCC_PLL_ConfigDomain_SYS) for LL_RCC_PLL_ConfigDomain_SYS
    stm32f1xx_ll_utils.o(i.LL_PLL_ConfigSystemClock_HSE) refers to stm32f1xx_ll_utils.o(i.UTILS_EnablePLLAndSwitchSystem) for UTILS_EnablePLLAndSwitchSystem
    stm32f1xx_ll_utils.o(i.LL_PLL_ConfigSystemClock_HSI) refers to stm32f1xx_ll_utils.o(i.UTILS_PLL_IsBusy) for UTILS_PLL_IsBusy
    stm32f1xx_ll_utils.o(i.LL_PLL_ConfigSystemClock_HSI) refers to stm32f1xx_ll_utils.o(i.UTILS_GetPLLOutputFrequency) for UTILS_GetPLLOutputFrequency
    stm32f1xx_ll_utils.o(i.LL_PLL_ConfigSystemClock_HSI) refers to stm32f1xx_ll_utils.o(i.LL_RCC_HSI_IsReady) for LL_RCC_HSI_IsReady
    stm32f1xx_ll_utils.o(i.LL_PLL_ConfigSystemClock_HSI) refers to stm32f1xx_ll_utils.o(i.LL_RCC_PLL_ConfigDomain_SYS) for LL_RCC_PLL_ConfigDomain_SYS
    stm32f1xx_ll_utils.o(i.LL_PLL_ConfigSystemClock_HSI) refers to stm32f1xx_ll_utils.o(i.UTILS_EnablePLLAndSwitchSystem) for UTILS_EnablePLLAndSwitchSystem
    stm32f1xx_ll_utils.o(i.LL_SetSystemCoreClock) refers to system_stm32f1xx.o(.data) for SystemCoreClock
    stm32f1xx_ll_utils.o(i.UTILS_EnablePLLAndSwitchSystem) refers to main.o(i.assert_failed) for assert_failed
    stm32f1xx_ll_utils.o(i.UTILS_EnablePLLAndSwitchSystem) refers to stm32f1xx_ll_utils.o(i.UTILS_SetFlashLatency) for UTILS_SetFlashLatency
    stm32f1xx_ll_utils.o(i.UTILS_EnablePLLAndSwitchSystem) refers to stm32f1xx_ll_utils.o(i.LL_RCC_PLL_IsReady) for LL_RCC_PLL_IsReady
    stm32f1xx_ll_utils.o(i.UTILS_EnablePLLAndSwitchSystem) refers to stm32f1xx_ll_utils.o(i.LL_SetSystemCoreClock) for LL_SetSystemCoreClock
    stm32f1xx_ll_utils.o(i.UTILS_EnablePLLAndSwitchSystem) refers to system_stm32f1xx.o(.constdata) for AHBPrescTable
    stm32f1xx_ll_utils.o(i.UTILS_EnablePLLAndSwitchSystem) refers to system_stm32f1xx.o(.data) for SystemCoreClock
    stm32f1xx_ll_utils.o(i.UTILS_GetPLLOutputFrequency) refers to main.o(i.assert_failed) for assert_failed
    stm32f1xx_ll_utils.o(i.UTILS_PLL_IsBusy) refers to stm32f1xx_ll_utils.o(i.LL_RCC_PLL_IsReady) for LL_RCC_PLL_IsReady
    stm32f1xx_ll_tim.o(i.IC1Config) refers to main.o(i.assert_failed) for assert_failed
    stm32f1xx_ll_tim.o(i.IC2Config) refers to main.o(i.assert_failed) for assert_failed
    stm32f1xx_ll_tim.o(i.IC3Config) refers to main.o(i.assert_failed) for assert_failed
    stm32f1xx_ll_tim.o(i.IC4Config) refers to main.o(i.assert_failed) for assert_failed
    stm32f1xx_ll_tim.o(i.LL_TIM_BDTR_Init) refers to main.o(i.assert_failed) for assert_failed
    stm32f1xx_ll_tim.o(i.LL_TIM_DeInit) refers to main.o(i.assert_failed) for assert_failed
    stm32f1xx_ll_tim.o(i.LL_TIM_DeInit) refers to stm32f1xx_ll_tim.o(i.LL_APB1_GRP1_ForceReset) for LL_APB1_GRP1_ForceReset
    stm32f1xx_ll_tim.o(i.LL_TIM_DeInit) refers to stm32f1xx_ll_tim.o(i.LL_APB1_GRP1_ReleaseReset) for LL_APB1_GRP1_ReleaseReset
    stm32f1xx_ll_tim.o(i.LL_TIM_ENCODER_Init) refers to main.o(i.assert_failed) for assert_failed
    stm32f1xx_ll_tim.o(i.LL_TIM_HALLSENSOR_Init) refers to main.o(i.assert_failed) for assert_failed
    stm32f1xx_ll_tim.o(i.LL_TIM_HALLSENSOR_Init) refers to stm32f1xx_ll_tim.o(i.LL_TIM_OC_SetCompareCH2) for LL_TIM_OC_SetCompareCH2
    stm32f1xx_ll_tim.o(i.LL_TIM_IC_Init) refers to stm32f1xx_ll_tim.o(i.IC1Config) for IC1Config
    stm32f1xx_ll_tim.o(i.LL_TIM_IC_Init) refers to stm32f1xx_ll_tim.o(i.IC2Config) for IC2Config
    stm32f1xx_ll_tim.o(i.LL_TIM_IC_Init) refers to stm32f1xx_ll_tim.o(i.IC3Config) for IC3Config
    stm32f1xx_ll_tim.o(i.LL_TIM_IC_Init) refers to stm32f1xx_ll_tim.o(i.IC4Config) for IC4Config
    stm32f1xx_ll_tim.o(i.LL_TIM_Init) refers to main.o(i.assert_failed) for assert_failed
    stm32f1xx_ll_tim.o(i.LL_TIM_OC_Init) refers to stm32f1xx_ll_tim.o(i.OC1Config) for OC1Config
    stm32f1xx_ll_tim.o(i.LL_TIM_OC_Init) refers to stm32f1xx_ll_tim.o(i.OC2Config) for OC2Config
    stm32f1xx_ll_tim.o(i.LL_TIM_OC_Init) refers to stm32f1xx_ll_tim.o(i.OC3Config) for OC3Config
    stm32f1xx_ll_tim.o(i.LL_TIM_OC_Init) refers to stm32f1xx_ll_tim.o(i.OC4Config) for OC4Config
    stm32f1xx_ll_tim.o(i.OC1Config) refers to main.o(i.assert_failed) for assert_failed
    stm32f1xx_ll_tim.o(i.OC2Config) refers to main.o(i.assert_failed) for assert_failed
    stm32f1xx_ll_tim.o(i.OC2Config) refers to stm32f1xx_ll_tim.o(i.LL_TIM_OC_SetCompareCH2) for LL_TIM_OC_SetCompareCH2
    stm32f1xx_ll_tim.o(i.OC3Config) refers to main.o(i.assert_failed) for assert_failed
    stm32f1xx_ll_tim.o(i.OC4Config) refers to main.o(i.assert_failed) for assert_failed
    stm32f1xx_ll_gpio.o(i.LL_GPIO_DeInit) refers to main.o(i.assert_failed) for assert_failed
    stm32f1xx_ll_gpio.o(i.LL_GPIO_DeInit) refers to stm32f1xx_ll_gpio.o(i.LL_APB2_GRP1_ForceReset) for LL_APB2_GRP1_ForceReset
    stm32f1xx_ll_gpio.o(i.LL_GPIO_DeInit) refers to stm32f1xx_ll_gpio.o(i.LL_APB2_GRP1_ReleaseReset) for LL_APB2_GRP1_ReleaseReset
    stm32f1xx_ll_gpio.o(i.LL_GPIO_Init) refers to main.o(i.assert_failed) for assert_failed
    system_stm32f1xx.o(i.SystemCoreClockUpdate) refers to system_stm32f1xx.o(.data) for SystemCoreClock
    system_stm32f1xx.o(i.SystemCoreClockUpdate) refers to system_stm32f1xx.o(.constdata) for AHBPrescTable
    startup_stm32f103xb.o(RESET) refers to startup_stm32f103xb.o(STACK) for __initial_sp
    startup_stm32f103xb.o(RESET) refers to startup_stm32f103xb.o(.text) for Reset_Handler
    startup_stm32f103xb.o(RESET) refers to mytimer.o(i.TIM1_UP_IRQHandler) for TIM1_UP_IRQHandler
    startup_stm32f103xb.o(RESET) refers to mytimer.o(i.TIM2_IRQHandler) for TIM2_IRQHandler
    startup_stm32f103xb.o(RESET) refers to mytimer.o(i.TIM3_IRQHandler) for TIM3_IRQHandler
    startup_stm32f103xb.o(RESET) refers to mytimer.o(i.TIM4_IRQHandler) for TIM4_IRQHandler
    startup_stm32f103xb.o(.text) refers to system_stm32f1xx.o(i.SystemInit) for SystemInit
    startup_stm32f103xb.o(.text) refers to entry.o(.ARM.Collect$$$$00000000) for __main
    acos.o(i.__softfp_acos) refers (Special) to iusefp.o(.text) for __I$use$fp
    acos.o(i.__softfp_acos) refers to acos.o(i.acos) for acos
    acos.o(i.acos) refers (Special) to iusefp.o(.text) for __I$use$fp
    acos.o(i.acos) refers to dunder.o(i.__mathlib_dbl_infnan) for __mathlib_dbl_infnan
    acos.o(i.acos) refers to errno.o(i.__set_errno) for __set_errno
    acos.o(i.acos) refers to dunder.o(i.__mathlib_dbl_invalid) for __mathlib_dbl_invalid
    acos.o(i.acos) refers to dmul.o(.text) for __aeabi_dmul
    acos.o(i.acos) refers to poly.o(i.__kernel_poly) for __kernel_poly
    acos.o(i.acos) refers to dadd.o(.text) for __aeabi_dadd
    acos.o(i.acos) refers to ddiv.o(.text) for __aeabi_ddiv
    acos.o(i.acos) refers to dscalb.o(.text) for __ARM_scalbn
    acos.o(i.acos) refers to sqrt.o(i.sqrt) for sqrt
    acos.o(i.acos) refers to acos.o(.constdata) for .constdata
    acos.o(.constdata) refers (Special) to iusefp.o(.text) for __I$use$fp
    acos_x.o(i.____softfp_acos$lsc) refers (Special) to iusefp.o(.text) for __I$use$fp
    acos_x.o(i.____softfp_acos$lsc) refers to acos_x.o(i.__acos$lsc) for __acos$lsc
    acos_x.o(i.__acos$lsc) refers (Special) to iusefp.o(.text) for __I$use$fp
    acos_x.o(i.__acos$lsc) refers to dunder.o(i.__mathlib_dbl_infnan) for __mathlib_dbl_infnan
    acos_x.o(i.__acos$lsc) refers to errno.o(i.__set_errno) for __set_errno
    acos_x.o(i.__acos$lsc) refers to dmul.o(.text) for __aeabi_dmul
    acos_x.o(i.__acos$lsc) refers to poly.o(i.__kernel_poly) for __kernel_poly
    acos_x.o(i.__acos$lsc) refers to dadd.o(.text) for __aeabi_dadd
    acos_x.o(i.__acos$lsc) refers to ddiv.o(.text) for __aeabi_ddiv
    acos_x.o(i.__acos$lsc) refers to dscalb.o(.text) for __ARM_scalbn
    acos_x.o(i.__acos$lsc) refers to sqrt.o(i.sqrt) for sqrt
    acos_x.o(i.__acos$lsc) refers to acos_x.o(.constdata) for .constdata
    acos_x.o(.constdata) refers (Special) to iusefp.o(.text) for __I$use$fp
    log2.o(i.log2) refers (Special) to iusefp.o(.text) for __I$use$fp
    log2.o(i.log2) refers to cdcmple.o(.text) for __aeabi_cdcmpeq
    log2.o(i.log2) refers to dunder.o(i.__mathlib_dbl_infnan) for __mathlib_dbl_infnan
    log2.o(i.log2) refers to errno.o(i.__set_errno) for __set_errno
    log2.o(i.log2) refers to dunder.o(i.__mathlib_dbl_invalid) for __mathlib_dbl_invalid
    log2.o(i.log2) refers to frexp.o(i.frexp) for frexp
    log2.o(i.log2) refers to dscalb.o(.text) for __ARM_scalbn
    log2.o(i.log2) refers to log.o(i.log) for log
    log2.o(i.log2) refers to ddiv.o(.text) for __aeabi_ddiv
    log2.o(i.log2) refers to dflti.o(.text) for __aeabi_i2d
    log2.o(i.log2) refers to dadd.o(.text) for __aeabi_dadd
    log2_x.o(i.__log2$lsc) refers (Special) to iusefp.o(.text) for __I$use$fp
    log2_x.o(i.__log2$lsc) refers to cdcmple.o(.text) for __aeabi_cdcmpeq
    log2_x.o(i.__log2$lsc) refers to dunder.o(i.__mathlib_dbl_infnan) for __mathlib_dbl_infnan
    log2_x.o(i.__log2$lsc) refers to errno.o(i.__set_errno) for __set_errno
    log2_x.o(i.__log2$lsc) refers to frexp.o(i.frexp) for frexp
    log2_x.o(i.__log2$lsc) refers to dscalb.o(.text) for __ARM_scalbn
    log2_x.o(i.__log2$lsc) refers to log.o(i.log) for log
    log2_x.o(i.__log2$lsc) refers to ddiv.o(.text) for __aeabi_ddiv
    log2_x.o(i.__log2$lsc) refers to dflti.o(.text) for __aeabi_i2d
    log2_x.o(i.__log2$lsc) refers to dadd.o(.text) for __aeabi_dadd
    entry.o(.ARM.Collect$$$$00000000) refers (Special) to entry10a.o(.ARM.Collect$$$$0000000D) for __rt_final_cpp
    entry.o(.ARM.Collect$$$$00000000) refers (Special) to entry11a.o(.ARM.Collect$$$$0000000F) for __rt_final_exit
    entry.o(.ARM.Collect$$$$00000000) refers (Special) to entry7b.o(.ARM.Collect$$$$00000008) for _main_clock
    entry.o(.ARM.Collect$$$$00000000) refers (Special) to entry8b.o(.ARM.Collect$$$$0000000A) for _main_cpp_init
    entry.o(.ARM.Collect$$$$00000000) refers (Special) to entry9a.o(.ARM.Collect$$$$0000000B) for _main_init
    entry.o(.ARM.Collect$$$$00000000) refers (Special) to entry5.o(.ARM.Collect$$$$00000004) for _main_scatterload
    entry.o(.ARM.Collect$$$$00000000) refers (Special) to entry2.o(.ARM.Collect$$$$00000001) for _main_stk
    fdiv.o(.text) refers (Special) to iusefp.o(.text) for __I$use$fp
    fdiv.o(.text) refers to fepilogue.o(.text) for _float_round
    dadd.o(.text) refers (Special) to iusefp.o(.text) for __I$use$fp
    dadd.o(.text) refers to llshl.o(.text) for __aeabi_llsl
    dadd.o(.text) refers to llsshr.o(.text) for __aeabi_lasr
    dadd.o(.text) refers to depilogue.o(.text) for _double_epilogue
    dmul.o(.text) refers (Special) to iusefp.o(.text) for __I$use$fp
    dmul.o(.text) refers to depilogue.o(.text) for _double_epilogue
    ddiv.o(.text) refers (Special) to iusefp.o(.text) for __I$use$fp
    ddiv.o(.text) refers to depilogue.o(.text) for _double_round
    dflti.o(.text) refers (Special) to iusefp.o(.text) for __I$use$fp
    dflti.o(.text) refers to depilogue.o(.text) for _double_epilogue
    dfltui.o(.text) refers (Special) to iusefp.o(.text) for __I$use$fp
    dfltui.o(.text) refers to depilogue.o(.text) for _double_epilogue
    dfixi.o(.text) refers (Special) to iusefp.o(.text) for __I$use$fp
    dfixi.o(.text) refers to llushr.o(.text) for __aeabi_llsr
    dfixui.o(.text) refers (Special) to iusefp.o(.text) for __I$use$fp
    dfixui.o(.text) refers to llushr.o(.text) for __aeabi_llsr
    f2d.o(.text) refers (Special) to iusefp.o(.text) for __I$use$fp
    cdcmple.o(.text) refers (Special) to iusefp.o(.text) for __I$use$fp
    dunder.o(i.__mathlib_dbl_divzero) refers to ddiv.o(.text) for __aeabi_ddiv
    dunder.o(i.__mathlib_dbl_infnan) refers to dscalb.o(.text) for __ARM_scalbn
    dunder.o(i.__mathlib_dbl_infnan2) refers to dadd.o(.text) for __aeabi_dadd
    dunder.o(i.__mathlib_dbl_invalid) refers to ddiv.o(.text) for __aeabi_ddiv
    dunder.o(i.__mathlib_dbl_overflow) refers to dscalb.o(.text) for __ARM_scalbn
    dunder.o(i.__mathlib_dbl_posinfnan) refers to dmul.o(.text) for __aeabi_dmul
    dunder.o(i.__mathlib_dbl_underflow) refers to dscalb.o(.text) for __ARM_scalbn
    frexp.o(i.__softfp_frexp) refers (Special) to iusefp.o(.text) for __I$use$fp
    frexp.o(i.__softfp_frexp) refers to dscalb.o(.text) for __ARM_scalbn
    frexp.o(i.frexp) refers (Special) to iusefp.o(.text) for __I$use$fp
    frexp.o(i.frexp) refers to dscalb.o(.text) for __ARM_scalbn
    log.o(i.__softfp_log) refers (Special) to iusefp.o(.text) for __I$use$fp
    log.o(i.__softfp_log) refers to log.o(i.log) for log
    log.o(i.log) refers (Special) to iusefp.o(.text) for __I$use$fp
    log.o(i.log) refers to dunder.o(i.__mathlib_dbl_infnan) for __mathlib_dbl_infnan
    log.o(i.log) refers to errno.o(i.__set_errno) for __set_errno
    log.o(i.log) refers to dunder.o(i.__mathlib_dbl_invalid) for __mathlib_dbl_invalid
    log.o(i.log) refers to dunder.o(i.__mathlib_dbl_divzero) for __mathlib_dbl_divzero
    log.o(i.log) refers to dscalb.o(.text) for __ARM_scalbn
    log.o(i.log) refers to dadd.o(.text) for __aeabi_dsub
    log.o(i.log) refers to cdcmple.o(.text) for __aeabi_cdcmpeq
    log.o(i.log) refers to dflti.o(.text) for __aeabi_i2d
    log.o(i.log) refers to dmul.o(.text) for __aeabi_dmul
    log.o(i.log) refers to ddiv.o(.text) for __aeabi_ddiv
    log.o(i.log) refers to poly.o(i.__kernel_poly) for __kernel_poly
    log.o(i.log) refers to qnan.o(.constdata) for __mathlib_zero
    log.o(i.log) refers to log.o(.constdata) for .constdata
    log.o(.constdata) refers (Special) to iusefp.o(.text) for __I$use$fp
    log_x.o(i.____softfp_log$lsc) refers (Special) to iusefp.o(.text) for __I$use$fp
    log_x.o(i.____softfp_log$lsc) refers to log_x.o(i.__log$lsc) for __log$lsc
    log_x.o(i.__log$lsc) refers (Special) to iusefp.o(.text) for __I$use$fp
    log_x.o(i.__log$lsc) refers to dunder.o(i.__mathlib_dbl_infnan) for __mathlib_dbl_infnan
    log_x.o(i.__log$lsc) refers to errno.o(i.__set_errno) for __set_errno
    log_x.o(i.__log$lsc) refers to dscalb.o(.text) for __ARM_scalbn
    log_x.o(i.__log$lsc) refers to dadd.o(.text) for __aeabi_dsub
    log_x.o(i.__log$lsc) refers to cdcmple.o(.text) for __aeabi_cdcmpeq
    log_x.o(i.__log$lsc) refers to dflti.o(.text) for __aeabi_i2d
    log_x.o(i.__log$lsc) refers to dmul.o(.text) for __aeabi_dmul
    log_x.o(i.__log$lsc) refers to ddiv.o(.text) for __aeabi_ddiv
    log_x.o(i.__log$lsc) refers to poly.o(i.__kernel_poly) for __kernel_poly
    log_x.o(i.__log$lsc) refers to qnan.o(.constdata) for __mathlib_zero
    log_x.o(i.__log$lsc) refers to log_x.o(.constdata) for .constdata
    log_x.o(.constdata) refers (Special) to iusefp.o(.text) for __I$use$fp
    poly.o(i.__kernel_poly) refers (Special) to iusefp.o(.text) for __I$use$fp
    poly.o(i.__kernel_poly) refers to dmul.o(.text) for __aeabi_dmul
    poly.o(i.__kernel_poly) refers to dadd.o(.text) for __aeabi_dadd
    sqrt.o(i.__softfp_sqrt) refers (Special) to iusefp.o(.text) for __I$use$fp
    sqrt.o(i.__softfp_sqrt) refers to dsqrt.o(.text) for _dsqrt
    sqrt.o(i.__softfp_sqrt) refers to errno.o(i.__set_errno) for __set_errno
    sqrt.o(i.sqrt) refers (Special) to iusefp.o(.text) for __I$use$fp
    sqrt.o(i.sqrt) refers to dsqrt.o(.text) for _dsqrt
    sqrt.o(i.sqrt) refers to errno.o(i.__set_errno) for __set_errno
    sqrt_x.o(i.____softfp_sqrt$lsc) refers (Special) to iusefp.o(.text) for __I$use$fp
    sqrt_x.o(i.____softfp_sqrt$lsc) refers to cdcmple.o(.text) for __aeabi_cdcmple
    sqrt_x.o(i.____softfp_sqrt$lsc) refers to errno.o(i.__set_errno) for __set_errno
    sqrt_x.o(i.____softfp_sqrt$lsc) refers to dsqrt.o(.text) for _dsqrt
    sqrt_x.o(i.__sqrt$lsc) refers (Special) to iusefp.o(.text) for __I$use$fp
    sqrt_x.o(i.__sqrt$lsc) refers to cdcmple.o(.text) for __aeabi_cdcmple
    sqrt_x.o(i.__sqrt$lsc) refers to errno.o(i.__set_errno) for __set_errno
    sqrt_x.o(i.__sqrt$lsc) refers to dsqrt.o(.text) for _dsqrt
    entry2.o(.ARM.Collect$$$$00000001) refers to entry2.o(.ARM.Collect$$$$00002712) for __lit__00000000
    entry2.o(.ARM.Collect$$$$00002712) refers to startup_stm32f103xb.o(STACK) for __initial_sp
    entry2.o(__vectab_stack_and_reset_area) refers to startup_stm32f103xb.o(STACK) for __initial_sp
    entry2.o(__vectab_stack_and_reset_area) refers to entry.o(.ARM.Collect$$$$00000000) for __main
    entry5.o(.ARM.Collect$$$$00000004) refers to init.o(.text) for __scatterload
    entry9a.o(.ARM.Collect$$$$0000000B) refers to main.o(i.main) for main
    entry9b.o(.ARM.Collect$$$$0000000C) refers to main.o(i.main) for main
    errno.o(i.__aeabi_errno_addr) refers to errno.o(.data) for .data
    errno.o(i.__read_errno) refers to errno.o(.data) for .data
    errno.o(i.__set_errno) refers to errno.o(.data) for .data
    depilogue.o(.text) refers to llshl.o(.text) for __aeabi_llsl
    depilogue.o(.text) refers to llushr.o(.text) for __aeabi_llsr
    qnan.o(.constdata) refers (Special) to iusefp.o(.text) for __I$use$fp
    init.o(.text) refers to entry5.o(.ARM.Collect$$$$00000004) for __main_after_scatterload
    dsqrt.o(.text) refers to llushr.o(.text) for __aeabi_llsr
    dsqrt.o(.text) refers to depilogue.o(.text) for _double_round


==============================================================================

Removing Unused input sections from the image.

    Removing main.o(.rev16_text), (4 bytes).
    Removing main.o(.revsh_text), (4 bytes).
    Removing main.o(.rrx_text), (6 bytes).
    Removing controlemoteur.o(.rev16_text), (4 bytes).
    Removing controlemoteur.o(.revsh_text), (4 bytes).
    Removing controlemoteur.o(.rrx_text), (6 bytes).
    Removing controlevoile.o(.rev16_text), (4 bytes).
    Removing controlevoile.o(.revsh_text), (4 bytes).
    Removing controlevoile.o(.rrx_text), (6 bytes).
    Removing accelerometre.o(.rev16_text), (4 bytes).
    Removing accelerometre.o(.revsh_text), (4 bytes).
    Removing accelerometre.o(.rrx_text), (6 bytes).
    Removing batterie.o(.rev16_text), (4 bytes).
    Removing batterie.o(.revsh_text), (4 bytes).
    Removing batterie.o(.rrx_text), (6 bytes).
    Removing batterie.o(i.Batterie_Conf), (32 bytes).
    Removing batterie.o(i.getNiveau), (68 bytes).
    Removing girouette.o(.rev16_text), (4 bytes).
    Removing girouette.o(.revsh_text), (4 bytes).
    Removing girouette.o(.rrx_text), (6 bytes).
    Removing moteur.o(.rev16_text), (4 bytes).
    Removing moteur.o(.revsh_text), (4 bytes).
    Removing moteur.o(.rrx_text), (6 bytes).
    Removing moteur.o(.constdata), (35 bytes).
    Removing recepteurrf.o(.rev16_text), (4 bytes).
    Removing recepteurrf.o(.revsh_text), (4 bytes).
    Removing recepteurrf.o(.rrx_text), (6 bytes).
    Removing recepteurrf.o(.constdata), (35 bytes).
    Removing servomoteur.o(.rev16_text), (4 bytes).
    Removing servomoteur.o(.revsh_text), (4 bytes).
    Removing servomoteur.o(.rrx_text), (6 bytes).
    Removing mytimer.o(.rev16_text), (4 bytes).
    Removing mytimer.o(.revsh_text), (4 bytes).
    Removing mytimer.o(.rrx_text), (6 bytes).
    Removing mytimer.o(i.MyTimer_IT_Conf), (200 bytes).
    Removing mytimer.o(i.MyTimer_IT_Disable), (12 bytes).
    Removing mytimer.o(i.MyTimer_IT_Enable), (14 bytes).
    Removing mytimer.o(i.MyTimer_Stop), (12 bytes).
    Removing mytimer.o(i.PWM_Get_CCR), (56 bytes).
    Removing mygpio.o(.rev16_text), (4 bytes).
    Removing mygpio.o(.revsh_text), (4 bytes).
    Removing mygpio.o(.rrx_text), (6 bytes).
    Removing myadc.o(.rev16_text), (4 bytes).
    Removing myadc.o(.revsh_text), (4 bytes).
    Removing myadc.o(.rrx_text), (6 bytes).
    Removing stm32f1xx_ll_rcc.o(.rev16_text), (4 bytes).
    Removing stm32f1xx_ll_rcc.o(.revsh_text), (4 bytes).
    Removing stm32f1xx_ll_rcc.o(.rrx_text), (6 bytes).
    Removing stm32f1xx_ll_rcc.o(i.LL_RCC_DeInit), (152 bytes).
    Removing stm32f1xx_ll_rcc.o(i.LL_RCC_GetADCClockFreq), (124 bytes).
    Removing stm32f1xx_ll_rcc.o(i.LL_RCC_GetSystemClocksFreq), (36 bytes).
    Removing stm32f1xx_ll_rcc.o(i.LL_RCC_GetUSBClockFreq), (120 bytes).
    Removing stm32f1xx_ll_rcc.o(i.LL_RCC_PLL_IsReady), (16 bytes).
    Removing stm32f1xx_ll_rcc.o(i.RCC_GetHCLKClockFreq), (32 bytes).
    Removing stm32f1xx_ll_rcc.o(i.RCC_GetPCLK1ClockFreq), (36 bytes).
    Removing stm32f1xx_ll_rcc.o(i.RCC_GetPCLK2ClockFreq), (36 bytes).
    Removing stm32f1xx_ll_rcc.o(i.RCC_GetSystemClockFreq), (60 bytes).
    Removing stm32f1xx_ll_rcc.o(i.RCC_PLL_GetFreqDomain_SYS), (88 bytes).
    Removing stm32f1xx_ll_utils.o(.rev16_text), (4 bytes).
    Removing stm32f1xx_ll_utils.o(.revsh_text), (4 bytes).
    Removing stm32f1xx_ll_utils.o(.rrx_text), (6 bytes).
    Removing stm32f1xx_ll_utils.o(i.LL_PLL_ConfigSystemClock_HSE), (260 bytes).
    Removing stm32f1xx_ll_utils.o(i.LL_PLL_ConfigSystemClock_HSI), (104 bytes).
    Removing stm32f1xx_ll_utils.o(i.LL_RCC_HSE_IsReady), (16 bytes).
    Removing stm32f1xx_ll_utils.o(i.LL_RCC_HSI_IsReady), (16 bytes).
    Removing stm32f1xx_ll_utils.o(i.LL_RCC_PLL_ConfigDomain_SYS), (28 bytes).
    Removing stm32f1xx_ll_utils.o(i.LL_RCC_PLL_IsReady), (16 bytes).
    Removing stm32f1xx_ll_utils.o(i.LL_mDelay), (40 bytes).
    Removing stm32f1xx_ll_utils.o(i.UTILS_EnablePLLAndSwitchSystem), (416 bytes).
    Removing stm32f1xx_ll_utils.o(i.UTILS_GetPLLOutputFrequency), (228 bytes).
    Removing stm32f1xx_ll_utils.o(i.UTILS_PLL_IsBusy), (16 bytes).
    Removing stm32f1xx_ll_utils.o(i.UTILS_SetFlashLatency), (80 bytes).
    Removing stm32f1xx_ll_tim.o(.rev16_text), (4 bytes).
    Removing stm32f1xx_ll_tim.o(.revsh_text), (4 bytes).
    Removing stm32f1xx_ll_tim.o(.rrx_text), (6 bytes).
    Removing stm32f1xx_ll_tim.o(i.IC1Config), (376 bytes).
    Removing stm32f1xx_ll_tim.o(i.IC2Config), (376 bytes).
    Removing stm32f1xx_ll_tim.o(i.IC3Config), (380 bytes).
    Removing stm32f1xx_ll_tim.o(i.IC4Config), (380 bytes).
    Removing stm32f1xx_ll_tim.o(i.LL_APB1_GRP1_ForceReset), (16 bytes).
    Removing stm32f1xx_ll_tim.o(i.LL_APB1_GRP1_ReleaseReset), (16 bytes).
    Removing stm32f1xx_ll_tim.o(i.LL_TIM_BDTR_Init), (312 bytes).
    Removing stm32f1xx_ll_tim.o(i.LL_TIM_BDTR_StructInit), (18 bytes).
    Removing stm32f1xx_ll_tim.o(i.LL_TIM_DeInit), (192 bytes).
    Removing stm32f1xx_ll_tim.o(i.LL_TIM_ENCODER_Init), (688 bytes).
    Removing stm32f1xx_ll_tim.o(i.LL_TIM_ENCODER_StructInit), (36 bytes).
    Removing stm32f1xx_ll_tim.o(i.LL_TIM_HALLSENSOR_Init), (396 bytes).
    Removing stm32f1xx_ll_tim.o(i.LL_TIM_HALLSENSOR_StructInit), (12 bytes).
    Removing stm32f1xx_ll_tim.o(i.LL_TIM_IC_Init), (92 bytes).
    Removing stm32f1xx_ll_tim.o(i.LL_TIM_IC_StructInit), (18 bytes).
    Removing stm32f1xx_ll_tim.o(i.LL_TIM_OC_Init), (92 bytes).
    Removing stm32f1xx_ll_tim.o(i.LL_TIM_OC_SetCompareCH2), (4 bytes).
    Removing stm32f1xx_ll_tim.o(i.LL_TIM_OC_StructInit), (20 bytes).
    Removing stm32f1xx_ll_tim.o(i.LL_TIM_StructInit), (18 bytes).
    Removing stm32f1xx_ll_tim.o(i.OC1Config), (404 bytes).
    Removing stm32f1xx_ll_tim.o(i.OC2Config), (404 bytes).
    Removing stm32f1xx_ll_tim.o(i.OC3Config), (404 bytes).
    Removing stm32f1xx_ll_tim.o(i.OC4Config), (372 bytes).
    Removing stm32f1xx_ll_tim.o(.constdata), (35 bytes).
    Removing stm32f1xx_ll_gpio.o(.rev16_text), (4 bytes).
    Removing stm32f1xx_ll_gpio.o(.revsh_text), (4 bytes).
    Removing stm32f1xx_ll_gpio.o(.rrx_text), (6 bytes).
    Removing stm32f1xx_ll_gpio.o(i.LL_APB2_GRP1_ForceReset), (16 bytes).
    Removing stm32f1xx_ll_gpio.o(i.LL_APB2_GRP1_ReleaseReset), (16 bytes).
    Removing stm32f1xx_ll_gpio.o(i.LL_GPIO_DeInit), (212 bytes).
    Removing stm32f1xx_ll_gpio.o(i.LL_GPIO_Init), (504 bytes).
    Removing stm32f1xx_ll_gpio.o(i.LL_GPIO_StructInit), (24 bytes).
    Removing system_stm32f1xx.o(.rev16_text), (4 bytes).
    Removing system_stm32f1xx.o(.revsh_text), (4 bytes).
    Removing system_stm32f1xx.o(.rrx_text), (6 bytes).
    Removing system_stm32f1xx.o(i.SystemCoreClockUpdate), (164 bytes).
    Removing system_stm32f1xx.o(.constdata), (24 bytes).
    Removing startup_stm32f103xb.o(HEAP), (512 bytes).

113 unused section(s) (total 9155 bytes) removed from the image.

==============================================================================

Image Symbol Table

    Local Symbols

    Symbol Name                              Value     Ov Type        Size  Object(Section)

    ../Src/main.c                            0x00000000   Number         0  main.o ABSOLUTE
    ../Src/system_stm32f1xx.c                0x00000000   Number         0  system_stm32f1xx.o ABSOLUTE
    ../clib/microlib/errno.c                 0x00000000   Number         0  errno.o ABSOLUTE
    ../clib/microlib/init/entry.s            0x00000000   Number         0  entry11a.o ABSOLUTE
    ../clib/microlib/init/entry.s            0x00000000   Number         0  entry9a.o ABSOLUTE
    ../clib/microlib/init/entry.s            0x00000000   Number         0  entry5.o ABSOLUTE
    ../clib/microlib/init/entry.s            0x00000000   Number         0  entry10b.o ABSOLUTE
    ../clib/microlib/init/entry.s            0x00000000   Number         0  entry.o ABSOLUTE
    ../clib/microlib/init/entry.s            0x00000000   Number         0  entry8b.o ABSOLUTE
    ../clib/microlib/init/entry.s            0x00000000   Number         0  entry8a.o ABSOLUTE
    ../clib/microlib/init/entry.s            0x00000000   Number         0  entry2.o ABSOLUTE
    ../clib/microlib/init/entry.s            0x00000000   Number         0  entry10a.o ABSOLUTE
    ../clib/microlib/init/entry.s            0x00000000   Number         0  entry11b.o ABSOLUTE
    ../clib/microlib/init/entry.s            0x00000000   Number         0  entry7b.o ABSOLUTE
    ../clib/microlib/init/entry.s            0x00000000   Number         0  entry9b.o ABSOLUTE
    ../clib/microlib/init/entry.s            0x00000000   Number         0  entry7a.o ABSOLUTE
    ../clib/microlib/longlong.c              0x00000000   Number         0  llsshr.o ABSOLUTE
    ../clib/microlib/longlong.c              0x00000000   Number         0  llshl.o ABSOLUTE
    ../clib/microlib/longlong.c              0x00000000   Number         0  llushr.o ABSOLUTE
    ../clib/microlib/stubs.s                 0x00000000   Number         0  iusefp.o ABSOLUTE
    ../fplib/microlib/f2d.c                  0x00000000   Number         0  f2d.o ABSOLUTE
    ../fplib/microlib/fpadd.c                0x00000000   Number         0  dadd.o ABSOLUTE
    ../fplib/microlib/fpdiv.c                0x00000000   Number         0  fdiv.o ABSOLUTE
    ../fplib/microlib/fpdiv.c                0x00000000   Number         0  ddiv.o ABSOLUTE
    ../fplib/microlib/fpepilogue.c           0x00000000   Number         0  depilogue.o ABSOLUTE
    ../fplib/microlib/fpepilogue.c           0x00000000   Number         0  fepilogue.o ABSOLUTE
    ../fplib/microlib/fpfix.c                0x00000000   Number         0  dfixui.o ABSOLUTE
    ../fplib/microlib/fpfix.c                0x00000000   Number         0  dfixi.o ABSOLUTE
    ../fplib/microlib/fpflt.c                0x00000000   Number         0  dflti.o ABSOLUTE
    ../fplib/microlib/fpflt.c                0x00000000   Number         0  dfltui.o ABSOLUTE
    ../fplib/microlib/fpmul.c                0x00000000   Number         0  dmul.o ABSOLUTE
    ../fplib/microlib/fpscalb.c              0x00000000   Number         0  dscalb.o ABSOLUTE
    ../fplib/microlib/fpsqrt.c               0x00000000   Number         0  dsqrt.o ABSOLUTE
    ../mathlib/acos.c                        0x00000000   Number         0  acos.o ABSOLUTE
    ../mathlib/acos.c                        0x00000000   Number         0  acos_x.o ABSOLUTE
    ../mathlib/dunder.c                      0x00000000   Number         0  dunder.o ABSOLUTE
    ../mathlib/frexp.c                       0x00000000   Number         0  frexp.o ABSOLUTE
    ../mathlib/log.c                         0x00000000   Number         0  log_x.o ABSOLUTE
    ../mathlib/log.c                         0x00000000   Number         0  log.o ABSOLUTE
    ../mathlib/log2.c                        0x00000000   Number         0  log2.o ABSOLUTE
    ../mathlib/log2.c                        0x00000000   Number         0  log2_x.o ABSOLUTE
    ../mathlib/poly.c                        0x00000000   Number         0  poly.o ABSOLUTE
    ../mathlib/qnan.c                        0x00000000   Number         0  qnan.o ABSOLUTE
    ../mathlib/sqrt.c                        0x00000000   Number         0  sqrt_x.o ABSOLUTE
    ../mathlib/sqrt.c                        0x00000000   Number         0  sqrt.o ABSOLUTE
    ..\LLDrivers\src\stm32f1xx_ll_gpio.c     0x00000000   Number         0  stm32f1xx_ll_gpio.o ABSOLUTE
    ..\LLDrivers\src\stm32f1xx_ll_rcc.c      0x00000000   Number         0  stm32f1xx_ll_rcc.o ABSOLUTE
    ..\LLDrivers\src\stm32f1xx_ll_tim.c      0x00000000   Number         0  stm32f1xx_ll_tim.o ABSOLUTE
    ..\LLDrivers\src\stm32f1xx_ll_utils.c    0x00000000   Number         0  stm32f1xx_ll_utils.o ABSOLUTE
    ..\MyDrivers\MyADC.c                     0x00000000   Number         0  myadc.o ABSOLUTE
    ..\MyDrivers\MyGPIO.c                    0x00000000   Number         0  mygpio.o ABSOLUTE
    ..\MyDrivers\MyTimer.c                   0x00000000   Number         0  mytimer.o ABSOLUTE
    ..\Peripheriques\Accelerometre.c         0x00000000   Number         0  accelerometre.o ABSOLUTE
    ..\Peripheriques\Batterie.c              0x00000000   Number         0  batterie.o ABSOLUTE
    ..\Peripheriques\EmetteurRF.c            0x00000000   Number         0  emetteurrf.o ABSOLUTE
    ..\Peripheriques\Girouette.c             0x00000000   Number         0  girouette.o ABSOLUTE
    ..\Peripheriques\Moteur.c                0x00000000   Number         0  moteur.o ABSOLUTE
    ..\Peripheriques\RecepteurRF.c           0x00000000   Number         0  recepteurrf.o ABSOLUTE
    ..\Peripheriques\ServoMoteur.c           0x00000000   Number         0  servomoteur.o ABSOLUTE
    ..\Services\Communication.c              0x00000000   Number         0  communication.o ABSOLUTE
    ..\Services\ControleMoteur.c             0x00000000   Number         0  controlemoteur.o ABSOLUTE
    ..\Services\ControleVoile.c              0x00000000   Number         0  controlevoile.o ABSOLUTE
    ..\Src\main.c                            0x00000000   Number         0  main.o ABSOLUTE
    ..\Src\system_stm32f1xx.c                0x00000000   Number         0  system_stm32f1xx.o ABSOLUTE
    ..\\LLDrivers\\src\\stm32f1xx_ll_gpio.c  0x00000000   Number         0  stm32f1xx_ll_gpio.o ABSOLUTE
    ..\\LLDrivers\\src\\stm32f1xx_ll_rcc.c   0x00000000   Number         0  stm32f1xx_ll_rcc.o ABSOLUTE
    ..\\LLDrivers\\src\\stm32f1xx_ll_tim.c   0x00000000   Number         0  stm32f1xx_ll_tim.o ABSOLUTE
    ..\\LLDrivers\\src\\stm32f1xx_ll_utils.c 0x00000000   Number         0  stm32f1xx_ll_utils.o ABSOLUTE
    ..\\MyDrivers\\MyADC.c                   0x00000000   Number         0  myadc.o ABSOLUTE
    ..\\MyDrivers\\MyGPIO.c                  0x00000000   Number         0  mygpio.o ABSOLUTE
    ..\\MyDrivers\\MyTimer.c                 0x00000000   Number         0  mytimer.o ABSOLUTE
    ..\\Peripheriques\\Accelerometre.c       0x00000000   Number         0  accelerometre.o ABSOLUTE
    ..\\Peripheriques\\Batterie.c            0x00000000   Number         0  batterie.o ABSOLUTE
    ..\\Peripheriques\\Girouette.c           0x00000000   Number         0  girouette.o ABSOLUTE
    ..\\Peripheriques\\Moteur.c              0x00000000   Number         0  moteur.o ABSOLUTE
    ..\\Peripheriques\\RecepteurRF.c         0x00000000   Number         0  recepteurrf.o ABSOLUTE
    ..\\Peripheriques\\ServoMoteur.c         0x00000000   Number         0  servomoteur.o ABSOLUTE
    ..\\Services\\ControleMoteur.c           0x00000000   Number         0  controlemoteur.o ABSOLUTE
    ..\\Services\\ControleVoile.c            0x00000000   Number         0  controlevoile.o ABSOLUTE
    cdcmple.s                                0x00000000   Number         0  cdcmple.o ABSOLUTE
    dc.s                                     0x00000000   Number         0  dc.o ABSOLUTE
    handlers.s                               0x00000000   Number         0  handlers.o ABSOLUTE
    init.s                                   0x00000000   Number         0  init.o ABSOLUTE
    startup_stm32f103xb.s                    0x00000000   Number         0  startup_stm32f103xb.o ABSOLUTE
    RESET                                    0x08000000   Section      236  startup_stm32f103xb.o(RESET)
    .ARM.Collect$$$$00000000                 0x080000ec   Section        0  entry.o(.ARM.Collect$$$$00000000)
    .ARM.Collect$$$$00000001                 0x080000ec   Section        4  entry2.o(.ARM.Collect$$$$00000001)
    .ARM.Collect$$$$00000004                 0x080000f0   Section        4  entry5.o(.ARM.Collect$$$$00000004)
    .ARM.Collect$$$$00000008                 0x080000f4   Section        0  entry7b.o(.ARM.Collect$$$$00000008)
    .ARM.Collect$$$$0000000A                 0x080000f4   Section        0  entry8b.o(.ARM.Collect$$$$0000000A)
    .ARM.Collect$$$$0000000B                 0x080000f4   Section        8  entry9a.o(.ARM.Collect$$$$0000000B)
    .ARM.Collect$$$$0000000D                 0x080000fc   Section        0  entry10a.o(.ARM.Collect$$$$0000000D)
    .ARM.Collect$$$$0000000F                 0x080000fc   Section        0  entry11a.o(.ARM.Collect$$$$0000000F)
    .ARM.Collect$$$$00002712                 0x080000fc   Section        4  entry2.o(.ARM.Collect$$$$00002712)
    __lit__00000000                          0x080000fc   Data           4  entry2.o(.ARM.Collect$$$$00002712)
    .text                                    0x08000100   Section       36  startup_stm32f103xb.o(.text)
    .text                                    0x08000124   Section        0  fdiv.o(.text)
    .text                                    0x080001a0   Section        0  dadd.o(.text)
    .text                                    0x080002ee   Section        0  dmul.o(.text)
    .text                                    0x080003d2   Section        0  ddiv.o(.text)
    .text                                    0x080004b0   Section        0  dflti.o(.text)
    .text                                    0x080004d2   Section        0  dfltui.o(.text)
    .text                                    0x080004ec   Section        0  dfixi.o(.text)
    .text                                    0x0800052a   Section        0  dfixui.o(.text)
    .text                                    0x0800055c   Section        0  f2d.o(.text)
    .text                                    0x08000584   Section       48  cdcmple.o(.text)
    .text                                    0x080005b4   Section        0  llshl.o(.text)
    .text                                    0x080005d2   Section        0  llushr.o(.text)
    .text                                    0x080005f2   Section        0  llsshr.o(.text)
    .text                                    0x08000616   Section        0  iusefp.o(.text)
    .text                                    0x08000616   Section        0  fepilogue.o(.text)
    .text                                    0x08000684   Section        0  depilogue.o(.text)
    .text                                    0x0800073e   Section        0  dscalb.o(.text)
    .text                                    0x0800076c   Section       36  init.o(.text)
    .text                                    0x08000790   Section        0  dsqrt.o(.text)
    i.ADCConfAccelero                        0x08000834   Section        0  accelerometre.o(i.ADCConfAccelero)
    i.EncoderMode_Init                       0x08000844   Section        0  mytimer.o(i.EncoderMode_Init)
    i.GPIOConfAccelero                       0x080008b0   Section        0  accelerometre.o(i.GPIOConfAccelero)
    i.GPIOConfGirouette                      0x080008cc   Section        0  girouette.o(i.GPIOConfGirouette)
    i.GPIOConfServo                          0x080008f4   Section        0  servomoteur.o(i.GPIOConfServo)
    i.Get_Count_Timer                        0x08000908   Section        0  mytimer.o(i.Get_Count_Timer)
    i.LL_APB1_GRP1_EnableClock               0x08000910   Section        0  mytimer.o(i.LL_APB1_GRP1_EnableClock)
    LL_APB1_GRP1_EnableClock                 0x08000911   Thumb Code    24  mytimer.o(i.LL_APB1_GRP1_EnableClock)
    i.LL_GPIO_SetPinMode                     0x0800092c   Section        0  mygpio.o(i.LL_GPIO_SetPinMode)
    LL_GPIO_SetPinMode                       0x0800092d   Thumb Code    44  mygpio.o(i.LL_GPIO_SetPinMode)
    i.LL_GPIO_SetPinOutputType               0x08000958   Section        0  mygpio.o(i.LL_GPIO_SetPinOutputType)
    LL_GPIO_SetPinOutputType                 0x08000959   Thumb Code    44  mygpio.o(i.LL_GPIO_SetPinOutputType)
    i.LL_Init1msTick                         0x08000984   Section        0  stm32f1xx_ll_utils.o(i.LL_Init1msTick)
    i.LL_SetSystemCoreClock                  0x080009a0   Section        0  stm32f1xx_ll_utils.o(i.LL_SetSystemCoreClock)
    i.LL_TIM_ClearFlag_UPDATE                0x080009ac   Section        0  mytimer.o(i.LL_TIM_ClearFlag_UPDATE)
    LL_TIM_ClearFlag_UPDATE                  0x080009ad   Thumb Code     8  mytimer.o(i.LL_TIM_ClearFlag_UPDATE)
    i.LL_TIM_DisableCounter                  0x080009b4   Section        0  mytimer.o(i.LL_TIM_DisableCounter)
    LL_TIM_DisableCounter                    0x080009b5   Thumb Code    10  mytimer.o(i.LL_TIM_DisableCounter)
    i.LL_TIM_DisableIT_UPDATE                0x080009be   Section        0  mytimer.o(i.LL_TIM_DisableIT_UPDATE)
    LL_TIM_DisableIT_UPDATE                  0x080009bf   Thumb Code    10  mytimer.o(i.LL_TIM_DisableIT_UPDATE)
    i.LL_TIM_IC_SetPolarity                  0x080009c8   Section        0  mytimer.o(i.LL_TIM_IC_SetPolarity)
    LL_TIM_IC_SetPolarity                    0x080009c9   Thumb Code    84  mytimer.o(i.LL_TIM_IC_SetPolarity)
    i.LL_TIM_Init                            0x08000a20   Section        0  stm32f1xx_ll_tim.o(i.LL_TIM_Init)
    i.LL_TIM_OC_SetMode                      0x08000b34   Section        0  mytimer.o(i.LL_TIM_OC_SetMode)
    LL_TIM_OC_SetMode                        0x08000b35   Thumb Code    98  mytimer.o(i.LL_TIM_OC_SetMode)
    i.Moteur_Conf                            0x08000ba0   Section        0  moteur.o(i.Moteur_Conf)
    i.MyADC_conf                             0x08000bd0   Section        0  myadc.o(i.MyADC_conf)
    i.MyADC_get_value                        0x08000c2c   Section        0  myadc.o(i.MyADC_get_value)
    i.MyGPIO_pin_conf                        0x08000c4c   Section        0  mygpio.o(i.MyGPIO_pin_conf)
    i.MyGPIO_wait_for_pin                    0x08000dc0   Section        0  mygpio.o(i.MyGPIO_wait_for_pin)
    i.MyTimer_Conf                           0x08000e70   Section        0  mytimer.o(i.MyTimer_Conf)
    i.MyTimer_Start                          0x08000ef4   Section        0  mytimer.o(i.MyTimer_Start)
    i.PWM_Init                               0x08000f04   Section        0  mytimer.o(i.PWM_Init)
    i.PWM_Set_CCR                            0x08000ff8   Section        0  mytimer.o(i.PWM_Set_CCR)
    i.RecepteurRF_Conf                       0x08001030   Section        0  recepteurrf.o(i.RecepteurRF_Conf)
    i.RecepteurRF_Get_Duty_Cycle             0x08001074   Section        0  recepteurrf.o(i.RecepteurRF_Get_Duty_Cycle)
    i.Reset_Count_Timer                      0x080010c4   Section        0  mytimer.o(i.Reset_Count_Timer)
    i.SystemClock_Config                     0x080010cc   Section        0  main.o(i.SystemClock_Config)
    i.SystemInit                             0x080011ac   Section        0  system_stm32f1xx.o(i.SystemInit)
    i.TIM1_UP_IRQHandler                     0x08001204   Section        0  mytimer.o(i.TIM1_UP_IRQHandler)
    i.TIM2_IRQHandler                        0x0800121c   Section        0  mytimer.o(i.TIM2_IRQHandler)
    i.TIM3_IRQHandler                        0x08001234   Section        0  mytimer.o(i.TIM3_IRQHandler)
    i.TIM4_IRQHandler                        0x0800124c   Section        0  mytimer.o(i.TIM4_IRQHandler)
    i.__kernel_poly                          0x08001264   Section        0  poly.o(i.__kernel_poly)
    i.__mathlib_dbl_divzero                  0x08001310   Section        0  dunder.o(i.__mathlib_dbl_divzero)
    i.__mathlib_dbl_infnan                   0x08001320   Section        0  dunder.o(i.__mathlib_dbl_infnan)
    i.__mathlib_dbl_invalid                  0x08001326   Section        0  dunder.o(i.__mathlib_dbl_invalid)
    i.__scatterload_copy                     0x08001332   Section       14  handlers.o(i.__scatterload_copy)
    i.__scatterload_null                     0x08001340   Section        2  handlers.o(i.__scatterload_null)
    i.__scatterload_zeroinit                 0x08001342   Section       14  handlers.o(i.__scatterload_zeroinit)
    i.__set_errno                            0x08001350   Section        0  errno.o(i.__set_errno)
    i.acos                                   0x0800135c   Section        0  acos.o(i.acos)
    i.assert_failed                          0x080015d8   Section        0  main.o(i.assert_failed)
    i.confDriversMoteur                      0x080015dc   Section        0  controlemoteur.o(i.confDriversMoteur)
    i.confDriversVoile                       0x080015e8   Section        0  controlevoile.o(i.confDriversVoile)
    i.frexp                                  0x08001608   Section        0  frexp.o(i.frexp)
    i.getAngleRoulis                         0x08001660   Section        0  accelerometre.o(i.getAngleRoulis)
    i.getAngleVent                           0x080016a0   Section        0  girouette.o(i.getAngleVent)
    i.getCap                                 0x080016b0   Section        0  recepteurrf.o(i.getCap)
    i.getVitesse                             0x080016d8   Section        0  recepteurrf.o(i.getVitesse)
    i.initAngleGirouette                     0x08001720   Section        0  girouette.o(i.initAngleGirouette)
    i.log                                    0x0800173c   Section        0  log.o(i.log)
    i.log2                                   0x08001a98   Section        0  log2.o(i.log2)
    i.main                                   0x08001b30   Section        0  main.o(i.main)
    i.reglerCap                              0x08001b4c   Section        0  controlemoteur.o(i.reglerCap)
    i.reglerVitesseMot                       0x08001b5c   Section        0  controlemoteur.o(i.reglerVitesseMot)
    i.reglerVoile                            0x08001b76   Section        0  controlevoile.o(i.reglerVoile)
    i.setAngleVoile                          0x08001ba8   Section        0  servomoteur.o(i.setAngleVoile)
    i.setCap                                 0x08001bf8   Section        0  moteur.o(i.setCap)
    i.setVitesse                             0x08001c28   Section        0  moteur.o(i.setVitesse)
    i.sqrt                                   0x08001c56   Section        0  sqrt.o(i.sqrt)
    i.timerConfGirouette                     0x08001ca4   Section        0  girouette.o(i.timerConfGirouette)
    i.timerConfServo                         0x08001cb8   Section        0  servomoteur.o(i.timerConfServo)
    .constdata                               0x08001cf0   Section       35  mytimer.o(.constdata)
    OFFSET_TAB_CCMRx                         0x08001cf0   Data           7  mytimer.o(.constdata)
    SHIFT_TAB_OCxx                           0x08001cf7   Data           7  mytimer.o(.constdata)
    SHIFT_TAB_ICxx                           0x08001cfe   Data           7  mytimer.o(.constdata)
    SHIFT_TAB_CCxP                           0x08001d05   Data           7  mytimer.o(.constdata)
    SHIFT_TAB_OISx                           0x08001d0c   Data           7  mytimer.o(.constdata)
    .constdata                               0x08001d18   Section       80  acos.o(.constdata)
    pS                                       0x08001d18   Data          48  acos.o(.constdata)
    qS                                       0x08001d48   Data          32  acos.o(.constdata)
    .constdata                               0x08001d68   Section       56  log.o(.constdata)
    Lg2                                      0x08001d68   Data          24  log.o(.constdata)
    Lg                                       0x08001d80   Data          32  log.o(.constdata)
    .constdata                               0x08001da0   Section        8  qnan.o(.constdata)
    .data                                    0x20000000   Section        4  servomoteur.o(.data)
    .data                                    0x20000004   Section       16  mytimer.o(.data)
    .data                                    0x20000014   Section        4  system_stm32f1xx.o(.data)
    .data                                    0x20000018   Section        4  errno.o(.data)
    _errno                                   0x20000018   Data           4  errno.o(.data)
    STACK                                    0x20000020   Section     1024  startup_stm32f103xb.o(STACK)

    Global Symbols

    Symbol Name                              Value     Ov Type        Size  Object(Section)

    BuildAttributes$$THM_ISAv4$P$D$K$B$S$PE$A:L22UL41UL21$X:L11$S22US41US21$IEEE1$IW$USESV6$~STKCKD$USESV7$~SHL$OTIME$ROPI$IEEEX$EBA8$MICROLIB$REQ8$PRES8$EABIv2 0x00000000   Number         0  anon$$obj.o ABSOLUTE
    __ARM_use_no_argv                        0x00000000   Number         0  main.o ABSOLUTE
    __cpp_initialize__aeabi_                  - Undefined Weak Reference
    __cxa_finalize                            - Undefined Weak Reference
    __decompress                              - Undefined Weak Reference
    _clock_init                               - Undefined Weak Reference
    _microlib_exit                            - Undefined Weak Reference
    __Vectors_Size                           0x000000ec   Number         0  startup_stm32f103xb.o ABSOLUTE
    __Vectors                                0x08000000   Data           4  startup_stm32f103xb.o(RESET)
    __Vectors_End                            0x080000ec   Data           0  startup_stm32f103xb.o(RESET)
    __main                                   0x080000ed   Thumb Code     0  entry.o(.ARM.Collect$$$$00000000)
    _main_stk                                0x080000ed   Thumb Code     0  entry2.o(.ARM.Collect$$$$00000001)
    _main_scatterload                        0x080000f1   Thumb Code     0  entry5.o(.ARM.Collect$$$$00000004)
    __main_after_scatterload                 0x080000f5   Thumb Code     0  entry5.o(.ARM.Collect$$$$00000004)
    _main_clock                              0x080000f5   Thumb Code     0  entry7b.o(.ARM.Collect$$$$00000008)
    _main_cpp_init                           0x080000f5   Thumb Code     0  entry8b.o(.ARM.Collect$$$$0000000A)
    _main_init                               0x080000f5   Thumb Code     0  entry9a.o(.ARM.Collect$$$$0000000B)
    __rt_final_cpp                           0x080000fd   Thumb Code     0  entry10a.o(.ARM.Collect$$$$0000000D)
    __rt_final_exit                          0x080000fd   Thumb Code     0  entry11a.o(.ARM.Collect$$$$0000000F)
    Reset_Handler                            0x08000101   Thumb Code     8  startup_stm32f103xb.o(.text)
    NMI_Handler                              0x08000109   Thumb Code     2  startup_stm32f103xb.o(.text)
    HardFault_Handler                        0x0800010b   Thumb Code     2  startup_stm32f103xb.o(.text)
    MemManage_Handler                        0x0800010d   Thumb Code     2  startup_stm32f103xb.o(.text)
    BusFault_Handler                         0x0800010f   Thumb Code     2  startup_stm32f103xb.o(.text)
    UsageFault_Handler                       0x08000111   Thumb Code     2  startup_stm32f103xb.o(.text)
    SVC_Handler                              0x08000113   Thumb Code     2  startup_stm32f103xb.o(.text)
    DebugMon_Handler                         0x08000115   Thumb Code     2  startup_stm32f103xb.o(.text)
    PendSV_Handler                           0x08000117   Thumb Code     2  startup_stm32f103xb.o(.text)
    SysTick_Handler                          0x08000119   Thumb Code     2  startup_stm32f103xb.o(.text)
    ADC1_2_IRQHandler                        0x0800011b   Thumb Code     0  startup_stm32f103xb.o(.text)
    CAN1_RX1_IRQHandler                      0x0800011b   Thumb Code     0  startup_stm32f103xb.o(.text)
    CAN1_SCE_IRQHandler                      0x0800011b   Thumb Code     0  startup_stm32f103xb.o(.text)
    DMA1_Channel1_IRQHandler                 0x0800011b   Thumb Code     0  startup_stm32f103xb.o(.text)
    DMA1_Channel2_IRQHandler                 0x0800011b   Thumb Code     0  startup_stm32f103xb.o(.text)
    DMA1_Channel3_IRQHandler                 0x0800011b   Thumb Code     0  startup_stm32f103xb.o(.text)
    DMA1_Channel4_IRQHandler                 0x0800011b   Thumb Code     0  startup_stm32f103xb.o(.text)
    DMA1_Channel5_IRQHandler                 0x0800011b   Thumb Code     0  startup_stm32f103xb.o(.text)
    DMA1_Channel6_IRQHandler                 0x0800011b   Thumb Code     0  startup_stm32f103xb.o(.text)
    DMA1_Channel7_IRQHandler                 0x0800011b   Thumb Code     0  startup_stm32f103xb.o(.text)
    EXTI0_IRQHandler                         0x0800011b   Thumb Code     0  startup_stm32f103xb.o(.text)
    EXTI15_10_IRQHandler                     0x0800011b   Thumb Code     0  startup_stm32f103xb.o(.text)
    EXTI1_IRQHandler                         0x0800011b   Thumb Code     0  startup_stm32f103xb.o(.text)
    EXTI2_IRQHandler                         0x0800011b   Thumb Code     0  startup_stm32f103xb.o(.text)
    EXTI3_IRQHandler                         0x0800011b   Thumb Code     0  startup_stm32f103xb.o(.text)
    EXTI4_IRQHandler                         0x0800011b   Thumb Code     0  startup_stm32f103xb.o(.text)
    EXTI9_5_IRQHandler                       0x0800011b   Thumb Code     0  startup_stm32f103xb.o(.text)
    FLASH_IRQHandler                         0x0800011b   Thumb Code     0  startup_stm32f103xb.o(.text)
    I2C1_ER_IRQHandler                       0x0800011b   Thumb Code     0  startup_stm32f103xb.o(.text)
    I2C1_EV_IRQHandler                       0x0800011b   Thumb Code     0  startup_stm32f103xb.o(.text)
    I2C2_ER_IRQHandler                       0x0800011b   Thumb Code     0  startup_stm32f103xb.o(.text)
    I2C2_EV_IRQHandler                       0x0800011b   Thumb Code     0  startup_stm32f103xb.o(.text)
    PVD_IRQHandler                           0x0800011b   Thumb Code     0  startup_stm32f103xb.o(.text)
    RCC_IRQHandler                           0x0800011b   Thumb Code     0  startup_stm32f103xb.o(.text)
    RTC_Alarm_IRQHandler                     0x0800011b   Thumb Code     0  startup_stm32f103xb.o(.text)
    RTC_IRQHandler                           0x0800011b   Thumb Code     0  startup_stm32f103xb.o(.text)
    SPI1_IRQHandler                          0x0800011b   Thumb Code     0  startup_stm32f103xb.o(.text)
    SPI2_IRQHandler                          0x0800011b   Thumb Code     0  startup_stm32f103xb.o(.text)
    TAMPER_IRQHandler                        0x0800011b   Thumb Code     0  startup_stm32f103xb.o(.text)
    TIM1_BRK_IRQHandler                      0x0800011b   Thumb Code     0  startup_stm32f103xb.o(.text)
    TIM1_CC_IRQHandler                       0x0800011b   Thumb Code     0  startup_stm32f103xb.o(.text)
    TIM1_TRG_COM_IRQHandler                  0x0800011b   Thumb Code     0  startup_stm32f103xb.o(.text)
    USART1_IRQHandler                        0x0800011b   Thumb Code     0  startup_stm32f103xb.o(.text)
    USART2_IRQHandler                        0x0800011b   Thumb Code     0  startup_stm32f103xb.o(.text)
    USART3_IRQHandler                        0x0800011b   Thumb Code     0  startup_stm32f103xb.o(.text)
    USBWakeUp_IRQHandler                     0x0800011b   Thumb Code     0  startup_stm32f103xb.o(.text)
    USB_HP_CAN1_TX_IRQHandler                0x0800011b   Thumb Code     0  startup_stm32f103xb.o(.text)
    USB_LP_CAN1_RX0_IRQHandler               0x0800011b   Thumb Code     0  startup_stm32f103xb.o(.text)
    WWDG_IRQHandler                          0x0800011b   Thumb Code     0  startup_stm32f103xb.o(.text)
    __aeabi_fdiv                             0x08000125   Thumb Code   124  fdiv.o(.text)
    __aeabi_dadd                             0x080001a1   Thumb Code   322  dadd.o(.text)
    __aeabi_dsub                             0x080002e3   Thumb Code     6  dadd.o(.text)
    __aeabi_drsub                            0x080002e9   Thumb Code     6  dadd.o(.text)
    __aeabi_dmul                             0x080002ef   Thumb Code   228  dmul.o(.text)
    __aeabi_ddiv                             0x080003d3   Thumb Code   222  ddiv.o(.text)
    __aeabi_i2d                              0x080004b1   Thumb Code    34  dflti.o(.text)
    __aeabi_ui2d                             0x080004d3   Thumb Code    26  dfltui.o(.text)
    __aeabi_d2iz                             0x080004ed   Thumb Code    62  dfixi.o(.text)
    __aeabi_d2uiz                            0x0800052b   Thumb Code    50  dfixui.o(.text)
    __aeabi_f2d                              0x0800055d   Thumb Code    38  f2d.o(.text)
    __aeabi_cdcmpeq                          0x08000585   Thumb Code     0  cdcmple.o(.text)
    __aeabi_cdcmple                          0x08000585   Thumb Code    48  cdcmple.o(.text)
    __aeabi_llsl                             0x080005b5   Thumb Code    30  llshl.o(.text)
    _ll_shift_l                              0x080005b5   Thumb Code     0  llshl.o(.text)
    __aeabi_llsr                             0x080005d3   Thumb Code    32  llushr.o(.text)
    _ll_ushift_r                             0x080005d3   Thumb Code     0  llushr.o(.text)
    __aeabi_lasr                             0x080005f3   Thumb Code    36  llsshr.o(.text)
    _ll_sshift_r                             0x080005f3   Thumb Code     0  llsshr.o(.text)
    __I$use$fp                               0x08000617   Thumb Code     0  iusefp.o(.text)
    _float_round                             0x08000617   Thumb Code    18  fepilogue.o(.text)
    _float_epilogue                          0x08000629   Thumb Code    92  fepilogue.o(.text)
    _double_round                            0x08000685   Thumb Code    30  depilogue.o(.text)
    _double_epilogue                         0x080006a3   Thumb Code   156  depilogue.o(.text)
    __ARM_scalbn                             0x0800073f   Thumb Code    46  dscalb.o(.text)
    scalbn                                   0x0800073f   Thumb Code     0  dscalb.o(.text)
    __scatterload                            0x0800076d   Thumb Code    28  init.o(.text)
    __scatterload_rt2                        0x0800076d   Thumb Code     0  init.o(.text)
    _dsqrt                                   0x08000791   Thumb Code   162  dsqrt.o(.text)
    ADCConfAccelero                          0x08000835   Thumb Code    12  accelerometre.o(i.ADCConfAccelero)
    EncoderMode_Init                         0x08000845   Thumb Code   108  mytimer.o(i.EncoderMode_Init)
    GPIOConfAccelero                         0x080008b1   Thumb Code    24  accelerometre.o(i.GPIOConfAccelero)
    GPIOConfGirouette                        0x080008cd   Thumb Code    34  girouette.o(i.GPIOConfGirouette)
    GPIOConfServo                            0x080008f5   Thumb Code    14  servomoteur.o(i.GPIOConfServo)
    Get_Count_Timer                          0x08000909   Thumb Code     6  mytimer.o(i.Get_Count_Timer)
    LL_Init1msTick                           0x08000985   Thumb Code    28  stm32f1xx_ll_utils.o(i.LL_Init1msTick)
    LL_SetSystemCoreClock                    0x080009a1   Thumb Code     6  stm32f1xx_ll_utils.o(i.LL_SetSystemCoreClock)
    LL_TIM_Init                              0x08000a21   Thumb Code   228  stm32f1xx_ll_tim.o(i.LL_TIM_Init)
    Moteur_Conf                              0x08000ba1   Thumb Code    40  moteur.o(i.Moteur_Conf)
    MyADC_conf                               0x08000bd1   Thumb Code    78  myadc.o(i.MyADC_conf)
    MyADC_get_value                          0x08000c2d   Thumb Code    32  myadc.o(i.MyADC_get_value)
    MyGPIO_pin_conf                          0x08000c4d   Thumb Code   318  mygpio.o(i.MyGPIO_pin_conf)
    MyGPIO_wait_for_pin                      0x08000dc1   Thumb Code   142  mygpio.o(i.MyGPIO_wait_for_pin)
    MyTimer_Conf                             0x08000e71   Thumb Code   118  mytimer.o(i.MyTimer_Conf)
    MyTimer_Start                            0x08000ef5   Thumb Code    14  mytimer.o(i.MyTimer_Start)
    PWM_Init                                 0x08000f05   Thumb Code   236  mytimer.o(i.PWM_Init)
    PWM_Set_CCR                              0x08000ff9   Thumb Code    54  mytimer.o(i.PWM_Set_CCR)
    RecepteurRF_Conf                         0x08001031   Thumb Code    56  recepteurrf.o(i.RecepteurRF_Conf)
    RecepteurRF_Get_Duty_Cycle               0x08001075   Thumb Code    70  recepteurrf.o(i.RecepteurRF_Get_Duty_Cycle)
    Reset_Count_Timer                        0x080010c5   Thumb Code     6  mytimer.o(i.Reset_Count_Timer)
    SystemClock_Config                       0x080010cd   Thumb Code   212  main.o(i.SystemClock_Config)
    SystemInit                               0x080011ad   Thumb Code    70  system_stm32f1xx.o(i.SystemInit)
    TIM1_UP_IRQHandler                       0x08001205   Thumb Code    16  mytimer.o(i.TIM1_UP_IRQHandler)
    TIM2_IRQHandler                          0x0800121d   Thumb Code    18  mytimer.o(i.TIM2_IRQHandler)
    TIM3_IRQHandler                          0x08001235   Thumb Code    16  mytimer.o(i.TIM3_IRQHandler)
    TIM4_IRQHandler                          0x0800124d   Thumb Code    16  mytimer.o(i.TIM4_IRQHandler)
    __kernel_poly                            0x08001265   Thumb Code   170  poly.o(i.__kernel_poly)
    __mathlib_dbl_divzero                    0x08001311   Thumb Code    12  dunder.o(i.__mathlib_dbl_divzero)
    __mathlib_dbl_infnan                     0x08001321   Thumb Code     6  dunder.o(i.__mathlib_dbl_infnan)
    __mathlib_dbl_invalid                    0x08001327   Thumb Code    12  dunder.o(i.__mathlib_dbl_invalid)
    __scatterload_copy                       0x08001333   Thumb Code    14  handlers.o(i.__scatterload_copy)
    __scatterload_null                       0x08001341   Thumb Code     2  handlers.o(i.__scatterload_null)
    __scatterload_zeroinit                   0x08001343   Thumb Code    14  handlers.o(i.__scatterload_zeroinit)
    __set_errno                              0x08001351   Thumb Code     6  errno.o(i.__set_errno)
    acos                                     0x0800135d   Thumb Code   574  acos.o(i.acos)
    assert_failed                            0x080015d9   Thumb Code     4  main.o(i.assert_failed)
    confDriversMoteur                        0x080015dd   Thumb Code    12  controlemoteur.o(i.confDriversMoteur)
    confDriversVoile                         0x080015e9   Thumb Code    32  controlevoile.o(i.confDriversVoile)
    frexp                                    0x08001609   Thumb Code    80  frexp.o(i.frexp)
    getAngleRoulis                           0x08001661   Thumb Code    56  accelerometre.o(i.getAngleRoulis)
    getAngleVent                             0x080016a1   Thumb Code    10  girouette.o(i.getAngleVent)
    getCap                                   0x080016b1   Thumb Code    34  recepteurrf.o(i.getCap)
    getVitesse                               0x080016d9   Thumb Code    60  recepteurrf.o(i.getVitesse)
    initAngleGirouette                       0x08001721   Thumb Code    18  girouette.o(i.initAngleGirouette)
    log                                      0x0800173d   Thumb Code   808  log.o(i.log)
    log2                                     0x08001a99   Thumb Code   140  log2.o(i.log2)
    main                                     0x08001b31   Thumb Code    28  main.o(i.main)
    reglerCap                                0x08001b4d   Thumb Code    16  controlemoteur.o(i.reglerCap)
    reglerVitesseMot                         0x08001b5d   Thumb Code    26  controlemoteur.o(i.reglerVitesseMot)
    reglerVoile                              0x08001b77   Thumb Code    48  controlevoile.o(i.reglerVoile)
    setAngleVoile                            0x08001ba9   Thumb Code    72  servomoteur.o(i.setAngleVoile)
    setCap                                   0x08001bf9   Thumb Code    44  moteur.o(i.setCap)
    setVitesse                               0x08001c29   Thumb Code    46  moteur.o(i.setVitesse)
    sqrt                                     0x08001c57   Thumb Code    76  sqrt.o(i.sqrt)
    timerConfGirouette                       0x08001ca5   Thumb Code    16  girouette.o(i.timerConfGirouette)
    timerConfServo                           0x08001cb9   Thumb Code    48  servomoteur.o(i.timerConfServo)
    __mathlib_zero                           0x08001da0   Data           8  qnan.o(.constdata)
    Region$$Table$$Base                      0x08001da8   Number         0  anon$$obj.o(Region$$Table)
    Region$$Table$$Limit                     0x08001dc8   Number         0  anon$$obj.o(Region$$Table)
    resPWM                                   0x20000000   Data           4  servomoteur.o(.data)
    Ptr_ItFct_TIM1                           0x20000004   Data           4  mytimer.o(.data)
    Ptr_ItFct_TIM2                           0x20000008   Data           4  mytimer.o(.data)
    Ptr_ItFct_TIM3                           0x2000000c   Data           4  mytimer.o(.data)
    Ptr_ItFct_TIM4                           0x20000010   Data           4  mytimer.o(.data)
    SystemCoreClock                          0x20000014   Data           4  system_stm32f1xx.o(.data)
    __initial_sp                             0x20000420   Data           0  startup_stm32f103xb.o(STACK)



==============================================================================

Memory Map of the image

  Image Entry point : 0x080000ed

  Load Region LR_IROM1 (Base: 0x08000000, Size: 0x00001de4, Max: 0x00020000, ABSOLUTE)

    Execution Region ER_IROM1 (Exec base: 0x08000000, Load base: 0x08000000, Size: 0x00001dc8, Max: 0x00020000, ABSOLUTE)

    Exec Addr    Load Addr    Size         Type   Attr      Idx    E Section Name        Object

    0x08000000   0x08000000   0x000000ec   Data   RO         1108    RESET               startup_stm32f103xb.o
    0x080000ec   0x080000ec   0x00000000   Code   RO         1127  * .ARM.Collect$$$$00000000  mc_w.l(entry.o)
    0x080000ec   0x080000ec   0x00000004   Code   RO         1188    .ARM.Collect$$$$00000001  mc_w.l(entry2.o)
    0x080000f0   0x080000f0   0x00000004   Code   RO         1191    .ARM.Collect$$$$00000004  mc_w.l(entry5.o)
    0x080000f4   0x080000f4   0x00000000   Code   RO         1193    .ARM.Collect$$$$00000008  mc_w.l(entry7b.o)
    0x080000f4   0x080000f4   0x00000000   Code   RO         1195    .ARM.Collect$$$$0000000A  mc_w.l(entry8b.o)
    0x080000f4   0x080000f4   0x00000008   Code   RO         1196    .ARM.Collect$$$$0000000B  mc_w.l(entry9a.o)
    0x080000fc   0x080000fc   0x00000000   Code   RO         1198    .ARM.Collect$$$$0000000D  mc_w.l(entry10a.o)
    0x080000fc   0x080000fc   0x00000000   Code   RO         1200    .ARM.Collect$$$$0000000F  mc_w.l(entry11a.o)
    0x080000fc   0x080000fc   0x00000004   Code   RO         1189    .ARM.Collect$$$$00002712  mc_w.l(entry2.o)
    0x08000100   0x08000100   0x00000024   Code   RO         1109    .text               startup_stm32f103xb.o
    0x08000124   0x08000124   0x0000007c   Code   RO         1130    .text               mf_w.l(fdiv.o)
    0x080001a0   0x080001a0   0x0000014e   Code   RO         1132    .text               mf_w.l(dadd.o)
    0x080002ee   0x080002ee   0x000000e4   Code   RO         1134    .text               mf_w.l(dmul.o)
    0x080003d2   0x080003d2   0x000000de   Code   RO         1136    .text               mf_w.l(ddiv.o)
    0x080004b0   0x080004b0   0x00000022   Code   RO         1138    .text               mf_w.l(dflti.o)
    0x080004d2   0x080004d2   0x0000001a   Code   RO         1140    .text               mf_w.l(dfltui.o)
    0x080004ec   0x080004ec   0x0000003e   Code   RO         1142    .text               mf_w.l(dfixi.o)
    0x0800052a   0x0800052a   0x00000032   Code   RO         1144    .text               mf_w.l(dfixui.o)
    0x0800055c   0x0800055c   0x00000026   Code   RO         1146    .text               mf_w.l(f2d.o)
    0x08000582   0x08000582   0x00000002   PAD
    0x08000584   0x08000584   0x00000030   Code   RO         1148    .text               mf_w.l(cdcmple.o)
    0x080005b4   0x080005b4   0x0000001e   Code   RO         1202    .text               mc_w.l(llshl.o)
    0x080005d2   0x080005d2   0x00000020   Code   RO         1204    .text               mc_w.l(llushr.o)
    0x080005f2   0x080005f2   0x00000024   Code   RO         1206    .text               mc_w.l(llsshr.o)
    0x08000616   0x08000616   0x00000000   Code   RO         1215    .text               mc_w.l(iusefp.o)
    0x08000616   0x08000616   0x0000006e   Code   RO         1216    .text               mf_w.l(fepilogue.o)
    0x08000684   0x08000684   0x000000ba   Code   RO         1218    .text               mf_w.l(depilogue.o)
    0x0800073e   0x0800073e   0x0000002e   Code   RO         1220    .text               mf_w.l(dscalb.o)
    0x0800076c   0x0800076c   0x00000024   Code   RO         1223    .text               mc_w.l(init.o)
    0x08000790   0x08000790   0x000000a2   Code   RO         1225    .text               mf_w.l(dsqrt.o)
    0x08000832   0x08000832   0x00000002   PAD
    0x08000834   0x08000834   0x00000010   Code   RO          186    i.ADCConfAccelero   accelerometre.o
    0x08000844   0x08000844   0x0000006c   Code   RO          447    i.EncoderMode_Init  mytimer.o
    0x080008b0   0x080008b0   0x0000001c   Code   RO          187    i.GPIOConfAccelero  accelerometre.o
    0x080008cc   0x080008cc   0x00000028   Code   RO          271    i.GPIOConfGirouette  girouette.o
    0x080008f4   0x080008f4   0x00000014   Code   RO          408    i.GPIOConfServo     servomoteur.o
    0x08000908   0x08000908   0x00000006   Code   RO          448    i.Get_Count_Timer   mytimer.o
    0x0800090e   0x0800090e   0x00000002   PAD
    0x08000910   0x08000910   0x0000001c   Code   RO          449    i.LL_APB1_GRP1_EnableClock  mytimer.o
    0x0800092c   0x0800092c   0x0000002c   Code   RO          605    i.LL_GPIO_SetPinMode  mygpio.o
    0x08000958   0x08000958   0x0000002c   Code   RO          606    i.LL_GPIO_SetPinOutputType  mygpio.o
    0x08000984   0x08000984   0x0000001c   Code   RO          764    i.LL_Init1msTick    stm32f1xx_ll_utils.o
    0x080009a0   0x080009a0   0x0000000c   Code   RO          771    i.LL_SetSystemCoreClock  stm32f1xx_ll_utils.o
    0x080009ac   0x080009ac   0x00000008   Code   RO          450    i.LL_TIM_ClearFlag_UPDATE  mytimer.o
    0x080009b4   0x080009b4   0x0000000a   Code   RO          451    i.LL_TIM_DisableCounter  mytimer.o
    0x080009be   0x080009be   0x0000000a   Code   RO          452    i.LL_TIM_DisableIT_UPDATE  mytimer.o
    0x080009c8   0x080009c8   0x00000058   Code   RO          453    i.LL_TIM_IC_SetPolarity  mytimer.o
    0x08000a20   0x08000a20   0x00000114   Code   RO          876    i.LL_TIM_Init       stm32f1xx_ll_tim.o
    0x08000b34   0x08000b34   0x0000006c   Code   RO          454    i.LL_TIM_OC_SetMode  mytimer.o
    0x08000ba0   0x08000ba0   0x00000030   Code   RO          313    i.Moteur_Conf       moteur.o
    0x08000bd0   0x08000bd0   0x0000005c   Code   RO          651    i.MyADC_conf        myadc.o
    0x08000c2c   0x08000c2c   0x00000020   Code   RO          652    i.MyADC_get_value   myadc.o
    0x08000c4c   0x08000c4c   0x00000174   Code   RO          607    i.MyGPIO_pin_conf   mygpio.o
    0x08000dc0   0x08000dc0   0x000000b0   Code   RO          608    i.MyGPIO_wait_for_pin  mygpio.o
    0x08000e70   0x08000e70   0x00000084   Code   RO          455    i.MyTimer_Conf      mytimer.o
    0x08000ef4   0x08000ef4   0x0000000e   Code   RO          459    i.MyTimer_Start     mytimer.o
    0x08000f02   0x08000f02   0x00000002   PAD
    0x08000f04   0x08000f04   0x000000f4   Code   RO          462    i.PWM_Init          mytimer.o
    0x08000ff8   0x08000ff8   0x00000036   Code   RO          463    i.PWM_Set_CCR       mytimer.o
    0x0800102e   0x0800102e   0x00000002   PAD
    0x08001030   0x08001030   0x00000044   Code   RO          357    i.RecepteurRF_Conf  recepteurrf.o
    0x08001074   0x08001074   0x00000050   Code   RO          358    i.RecepteurRF_Get_Duty_Cycle  recepteurrf.o
    0x080010c4   0x080010c4   0x00000006   Code   RO          464    i.Reset_Count_Timer  mytimer.o
    0x080010ca   0x080010ca   0x00000002   PAD
    0x080010cc   0x080010cc   0x000000e0   Code   RO            4    i.SystemClock_Config  main.o
    0x080011ac   0x080011ac   0x00000058   Code   RO         1073    i.SystemInit        system_stm32f1xx.o
    0x08001204   0x08001204   0x00000018   Code   RO          465    i.TIM1_UP_IRQHandler  mytimer.o
    0x0800121c   0x0800121c   0x00000018   Code   RO          466    i.TIM2_IRQHandler   mytimer.o
    0x08001234   0x08001234   0x00000018   Code   RO          467    i.TIM3_IRQHandler   mytimer.o
    0x0800124c   0x0800124c   0x00000018   Code   RO          468    i.TIM4_IRQHandler   mytimer.o
    0x08001264   0x08001264   0x000000aa   Code   RO         1178    i.__kernel_poly     m_ws.l(poly.o)
    0x0800130e   0x0800130e   0x00000002   PAD
    0x08001310   0x08001310   0x00000010   Code   RO         1150    i.__mathlib_dbl_divzero  m_ws.l(dunder.o)
    0x08001320   0x08001320   0x00000006   Code   RO         1151    i.__mathlib_dbl_infnan  m_ws.l(dunder.o)
    0x08001326   0x08001326   0x0000000c   Code   RO         1153    i.__mathlib_dbl_invalid  m_ws.l(dunder.o)
    0x08001332   0x08001332   0x0000000e   Code   RO         1229    i.__scatterload_copy  mc_w.l(handlers.o)
    0x08001340   0x08001340   0x00000002   Code   RO         1230    i.__scatterload_null  mc_w.l(handlers.o)
    0x08001342   0x08001342   0x0000000e   Code   RO         1231    i.__scatterload_zeroinit  mc_w.l(handlers.o)
    0x08001350   0x08001350   0x0000000c   Code   RO         1210    i.__set_errno       mc_w.l(errno.o)
    0x0800135c   0x0800135c   0x0000027c   Code   RO         1114    i.acos              m_ws.l(acos.o)
    0x080015d8   0x080015d8   0x00000004   Code   RO            5    i.assert_failed     main.o
    0x080015dc   0x080015dc   0x0000000c   Code   RO          111    i.confDriversMoteur  controlemoteur.o
    0x080015e8   0x080015e8   0x00000020   Code   RO          150    i.confDriversVoile  controlevoile.o
    0x08001608   0x08001608   0x00000058   Code   RO         1165    i.frexp             m_ws.l(frexp.o)
    0x08001660   0x08001660   0x00000040   Code   RO          188    i.getAngleRoulis    accelerometre.o
    0x080016a0   0x080016a0   0x00000010   Code   RO          272    i.getAngleVent      girouette.o
    0x080016b0   0x080016b0   0x00000028   Code   RO          359    i.getCap            recepteurrf.o
    0x080016d8   0x080016d8   0x00000048   Code   RO          360    i.getVitesse        recepteurrf.o
    0x08001720   0x08001720   0x0000001c   Code   RO          273    i.initAngleGirouette  girouette.o
    0x0800173c   0x0800173c   0x0000035c   Code   RO         1169    i.log               m_ws.l(log.o)
    0x08001a98   0x08001a98   0x00000098   Code   RO         1123    i.log2              m_ws.l(log2.o)
    0x08001b30   0x08001b30   0x0000001c   Code   RO            6    i.main              main.o
    0x08001b4c   0x08001b4c   0x00000010   Code   RO          112    i.reglerCap         controlemoteur.o
    0x08001b5c   0x08001b5c   0x0000001a   Code   RO          113    i.reglerVitesseMot  controlemoteur.o
    0x08001b76   0x08001b76   0x00000030   Code   RO          151    i.reglerVoile       controlevoile.o
    0x08001ba6   0x08001ba6   0x00000002   PAD
    0x08001ba8   0x08001ba8   0x00000050   Code   RO          409    i.setAngleVoile     servomoteur.o
    0x08001bf8   0x08001bf8   0x00000030   Code   RO          314    i.setCap            moteur.o
    0x08001c28   0x08001c28   0x0000002e   Code   RO          315    i.setVitesse        moteur.o
    0x08001c56   0x08001c56   0x0000004c   Code   RO         1181    i.sqrt              m_ws.l(sqrt.o)
    0x08001ca2   0x08001ca2   0x00000002   PAD
    0x08001ca4   0x08001ca4   0x00000014   Code   RO          274    i.timerConfGirouette  girouette.o
    0x08001cb8   0x08001cb8   0x00000038   Code   RO          410    i.timerConfServo    servomoteur.o
    0x08001cf0   0x08001cf0   0x00000023   Data   RO          469    .constdata          mytimer.o
    0x08001d13   0x08001d13   0x00000005   PAD
    0x08001d18   0x08001d18   0x00000050   Data   RO         1115    .constdata          m_ws.l(acos.o)
    0x08001d68   0x08001d68   0x00000038   Data   RO         1170    .constdata          m_ws.l(log.o)
    0x08001da0   0x08001da0   0x00000008   Data   RO         1222    .constdata          m_ws.l(qnan.o)
    0x08001da8   0x08001da8   0x00000020   Data   RO         1227    Region$$Table       anon$$obj.o


    Execution Region RW_IRAM1 (Exec base: 0x20000000, Load base: 0x08001dc8, Size: 0x00000420, Max: 0x00005000, ABSOLUTE)

    Exec Addr    Load Addr    Size         Type   Attr      Idx    E Section Name        Object

    0x20000000   0x08001dc8   0x00000004   Data   RW          411    .data               servomoteur.o
    0x20000004   0x08001dcc   0x00000010   Data   RW          470    .data               mytimer.o
    0x20000014   0x08001ddc   0x00000004   Data   RW         1075    .data               system_stm32f1xx.o
    0x20000018   0x08001de0   0x00000004   Data   RW         1211    .data               mc_w.l(errno.o)
    0x2000001c   0x08001de4   0x00000004   PAD
    0x20000020        -       0x00000400   Zero   RW         1106    STACK               startup_stm32f103xb.o


==============================================================================

Image component sizes


      Code (inc. data)   RO Data    RW Data    ZI Data      Debug   Object Name

       108         16          0          0          0       1482   accelerometre.o
        54          0          0          0          0       1419   controlemoteur.o
        80          0          0          0          0        985   controlevoile.o
       104         26          0          0          0       1865   girouette.o
       256         12          0          0          0     356028   main.o
       142         12          0          0          0      33584   moteur.o
       124         14          0          0          0       1511   myadc.o
       636        120          0          0          0      13392   mygpio.o
       912         70         35         16          0      37062   mytimer.o
       260         40          0          0          0      26282   recepteurrf.o
       156         22          0          4          0       1686   servomoteur.o
        36          8        236          0       1024        764   startup_stm32f103xb.o
       276         48          0          0          0      28942   stm32f1xx_ll_tim.o
        40          6          0          0          0       2045   stm32f1xx_ll_utils.o
        88         18          0          4          0       1119   system_stm32f1xx.o

    ----------------------------------------------------------------------
      3282        412        308         24       1024     508166   Object Totals
         0          0         32          0          0          0   (incl. Generated)
        10          0          5          0          0          0   (incl. Padding)

    ----------------------------------------------------------------------

      Code (inc. data)   RO Data    RW Data    ZI Data      Debug   Library Member Name

       636         62         80          0          0        188   acos.o
        34          4          0          0          0        204   dunder.o
        88          8          0          0          0         76   frexp.o
       860         52         56          0          0        256   log.o
       152         12          0          0          0         88   log2.o
       170          0          0          0          0         96   poly.o
         0          0          8          0          0          0   qnan.o
        76          0          0          0          0         84   sqrt.o
         0          0          0          0          0          0   entry.o
         0          0          0          0          0          0   entry10a.o
         0          0          0          0          0          0   entry11a.o
         8          4          0          0          0          0   entry2.o
         4          0          0          0          0          0   entry5.o
         0          0          0          0          0          0   entry7b.o
         0          0          0          0          0          0   entry8b.o
         8          4          0          0          0          0   entry9a.o
        12          6          0          4          0         68   errno.o
        30          0          0          0          0          0   handlers.o
        36          8          0          0          0         68   init.o
         0          0          0          0          0          0   iusefp.o
        30          0          0          0          0         68   llshl.o
        36          0          0          0          0         68   llsshr.o
        32          0          0          0          0         68   llushr.o
        48          0          0          0          0         68   cdcmple.o
       334          0          0          0          0        148   dadd.o
       222          0          0          0          0        100   ddiv.o
       186          0          0          0          0        176   depilogue.o
        62          0          0          0          0         80   dfixi.o
        50          0          0          0          0         76   dfixui.o
        34          0          0          0          0         76   dflti.o
        26          0          0          0          0         76   dfltui.o
       228          0          0          0          0         96   dmul.o
        46          0          0          0          0         80   dscalb.o
       162          0          0          0          0        100   dsqrt.o
        38          0          0          0          0         68   f2d.o
       124          0          0          0          0         88   fdiv.o
       110          0          0          0          0        168   fepilogue.o

    ----------------------------------------------------------------------
      3890        160        144          4          4       2732   Library Totals
         8          0          0          0          4          0   (incl. Padding)

    ----------------------------------------------------------------------

      Code (inc. data)   RO Data    RW Data    ZI Data      Debug   Library Name

      2016        138        144          0          0        992   m_ws.l
       196         22          0          4          0        340   mc_w.l
      1670          0          0          0          0       1400   mf_w.l

    ----------------------------------------------------------------------
      3890        160        144          4          4       2732   Library Totals

    ----------------------------------------------------------------------

==============================================================================


      Code (inc. data)   RO Data    RW Data    ZI Data      Debug   

      7172        572        452         28       1028     507150   Grand Totals
      7172        572        452         28       1028     507150   ELF Image Totals
      7172        572        452         28          0          0   ROM Totals

==============================================================================

    Total RO  Size (Code + RO Data)                 7624 (   7.45kB)
    Total RW  Size (RW Data + ZI Data)              1056 (   1.03kB)
    Total ROM Size (Code + RO Data + RW Data)       7652 (   7.47kB)

==============================================================================

